Archive member included to satisfy reference by file (symbol)

../libDaisy/build/libdaisy.a(daisy_seed.o)
                              build/birds-and-the-bees.o (daisy::DaisySeed::Configure())
../libDaisy/build/libdaisy.a(codec_ak4556.o)
                              ../libDaisy/build/libdaisy.a(daisy_seed.o) (daisy::Ak4556::Init(dsy_gpio_pin))
../libDaisy/build/libdaisy.a(sdram.o)
                              ../libDaisy/build/libdaisy.a(daisy_seed.o) (dsy_sdram_init)
../libDaisy/build/libdaisy.a(audio.o)
                              ../libDaisy/build/libdaisy.a(daisy_seed.o) (daisy::AudioHandle::Init(daisy::AudioHandle::Config const&, daisy::SaiHandle))
../libDaisy/build/libdaisy.a(ctrl.o)
                              build/birds-and-the-bees.o (daisy::AnalogControl::Init(unsigned short*, float, bool, bool, float))
../libDaisy/build/libdaisy.a(logger.o)
                              build/birds-and-the-bees.o (daisy::Logger<(daisy::LoggerDestination)1>::StartLog(bool))
../libDaisy/build/libdaisy.a(usb.o)
                              ../libDaisy/build/libdaisy.a(logger.o) (daisy::UsbHandle::Init(daisy::UsbHandle::UsbPeriph))
../libDaisy/build/libdaisy.a(adc.o)
                              build/birds-and-the-bees.o (daisy::AdcChannelConfig::InitMux(dsy_gpio_pin, unsigned int, dsy_gpio_pin, dsy_gpio_pin, dsy_gpio_pin))
../libDaisy/build/libdaisy.a(gpio.o)
                              ../libDaisy/build/libdaisy.a(daisy_seed.o) (dsy_gpio_init)
../libDaisy/build/libdaisy.a(qspi.o)
                              ../libDaisy/build/libdaisy.a(daisy_seed.o) (dsy_qspi_init)
../libDaisy/build/libdaisy.a(sai.o)
                              ../libDaisy/build/libdaisy.a(daisy_seed.o) (daisy::SaiHandle::Init(daisy::SaiHandle::Config const&))
../libDaisy/build/libdaisy.a(system.o)
                              ../libDaisy/build/libdaisy.a(daisy_seed.o) (daisy::System::Delay(unsigned long))
../libDaisy/build/libdaisy.a(system_stm32h7xx.o)
                              build/startup_stm32h750xx.o (SystemInit)
../libDaisy/build/libdaisy.a(usbd_cdc_if.o)
                              ../libDaisy/build/libdaisy.a(usb.o) (CDC_Transmit_FS)
../libDaisy/build/libdaisy.a(usbd_conf.o)
                              ../libDaisy/build/libdaisy.a(usb.o) (hpcd_USB_OTG_HS)
../libDaisy/build/libdaisy.a(usbd_desc.o)
                              ../libDaisy/build/libdaisy.a(usb.o) (HS_Desc)
../libDaisy/build/libdaisy.a(hal_map.o)
                              ../libDaisy/build/libdaisy.a(sdram.o) (dsy_hal_map_get_port)
../libDaisy/build/libdaisy.a(stm32h7xx_hal.o)
                              ../libDaisy/build/libdaisy.a(system.o) (HAL_Init)
../libDaisy/build/libdaisy.a(stm32h7xx_hal_adc.o)
                              ../libDaisy/build/libdaisy.a(adc.o) (HAL_ADC_ConfigChannel)
../libDaisy/build/libdaisy.a(stm32h7xx_hal_adc_ex.o)
                              ../libDaisy/build/libdaisy.a(adc.o) (HAL_ADCEx_Calibration_Start)
../libDaisy/build/libdaisy.a(stm32h7xx_hal_cortex.o)
                              ../libDaisy/build/libdaisy.a(stm32h7xx_hal.o) (HAL_NVIC_SetPriorityGrouping)
../libDaisy/build/libdaisy.a(stm32h7xx_hal_dma.o)
                              ../libDaisy/build/libdaisy.a(adc.o) (HAL_DMA_Init)
../libDaisy/build/libdaisy.a(stm32h7xx_hal_gpio.o)
                              ../libDaisy/build/libdaisy.a(sdram.o) (HAL_GPIO_Init)
../libDaisy/build/libdaisy.a(stm32h7xx_hal_pcd.o)
                              ../libDaisy/build/libdaisy.a(usbd_conf.o) (HAL_PCD_Init)
../libDaisy/build/libdaisy.a(stm32h7xx_hal_pcd_ex.o)
                              ../libDaisy/build/libdaisy.a(usbd_conf.o) (HAL_PCDEx_SetTxFiFo)
../libDaisy/build/libdaisy.a(stm32h7xx_hal_pwr_ex.o)
                              ../libDaisy/build/libdaisy.a(system.o) (HAL_PWREx_ConfigSupply)
../libDaisy/build/libdaisy.a(stm32h7xx_hal_qspi.o)
                              ../libDaisy/build/libdaisy.a(qspi.o) (HAL_QSPI_Init)
../libDaisy/build/libdaisy.a(stm32h7xx_hal_rcc.o)
                              ../libDaisy/build/libdaisy.a(system.o) (HAL_RCC_OscConfig)
../libDaisy/build/libdaisy.a(stm32h7xx_hal_rcc_ex.o)
                              ../libDaisy/build/libdaisy.a(system.o) (HAL_RCCEx_PeriphCLKConfig)
../libDaisy/build/libdaisy.a(stm32h7xx_hal_sai.o)
                              ../libDaisy/build/libdaisy.a(sai.o) (HAL_SAI_InitProtocol)
../libDaisy/build/libdaisy.a(stm32h7xx_hal_sdram.o)
                              ../libDaisy/build/libdaisy.a(sdram.o) (HAL_SDRAM_Init)
../libDaisy/build/libdaisy.a(stm32h7xx_ll_fmc.o)
                              ../libDaisy/build/libdaisy.a(stm32h7xx_hal_sdram.o) (FMC_SDRAM_Init)
../libDaisy/build/libdaisy.a(stm32h7xx_ll_usb.o)
                              ../libDaisy/build/libdaisy.a(stm32h7xx_hal_pcd.o) (USB_CoreInit)
../libDaisy/build/libdaisy.a(usbd_cdc.o)
                              ../libDaisy/build/libdaisy.a(usb.o) (USBD_CDC_RegisterInterface)
../libDaisy/build/libdaisy.a(usbd_core.o)
[...]
Memory Configuration

Name             Origin             Length             Attributes
FLASH            0x0000000008000000 0x0000000000020000 xr
DTCMRAM          0x0000000020000000 0x0000000000020000 xrw
SRAM             0x0000000024000000 0x0000000000080000 xrw
RAM_D2           0x0000000030000000 0x0000000000048000 xrw
RAM_D3           0x0000000038000000 0x0000000000010000 xrw
ITCMRAM          0x0000000000000000 0x0000000000010000 xrw
SDRAM            0x00000000c0000000 0x0000000004000000 xrw
QSPIFLASH        0x0000000090000000 0x0000000000800000 xr
*default*        0x0000000000000000 0xffffffffffffffff

Linker script and memory map

LOAD /usr/local/Caskroom/gcc-arm-embedded/10-2020-q4-major/gcc-arm-none-eabi-10-2020-q4-major/bin/../lib/gcc/arm-none-eabi/10.2.1/thumb/v7e-m+dp/hard/crti.o
LOAD /usr/local/Caskroom/gcc-arm-embedded/10-2020-q4-major/gcc-arm-none-eabi-10-2020-q4-major/bin/../lib/gcc/arm-none-eabi/10.2.1/thumb/v7e-m+dp/hard/crtbegin.o
LOAD /usr/local/Caskroom/gcc-arm-embedded/10-2020-q4-major/gcc-arm-none-eabi-10-2020-q4-major/bin/../lib/gcc/arm-none-eabi/10.2.1/../../../../arm-none-eabi/lib/thumb/v7e-m+dp/hard/crt0.o
LOAD build/startup_stm32h750xx.o
LOAD build/vibrato.o
LOAD build/tapesaturator.o
LOAD build/scale.o
LOAD build/slewLimiter.o
LOAD build/birds-and-the-bees.o
LOAD ../libDaisy/build/libdaisy.a
LOAD /usr/local/Caskroom/gcc-arm-embedded/10-2020-q4-major/gcc-arm-none-eabi-10-2020-q4-major/bin/../lib/gcc/arm-none-eabi/10.2.1/../../../../arm-none-eabi/lib/thumb/v7e-m+dp/hard/libnosys.a
LOAD ../DaisySP/build/libdaisysp.a
LOAD /usr/local/Caskroom/gcc-arm-embedded/10-2020-q4-major/gcc-arm-none-eabi-10-2020-q4-major/bin/../lib/gcc/arm-none-eabi/10.2.1/../../../../arm-none-eabi/lib/thumb/v7e-m+dp/hard/libstdc++_nano.a
LOAD /usr/local/Caskroom/gcc-arm-embedded/10-2020-q4-major/gcc-arm-none-eabi-10-2020-q4-major/bin/../lib/gcc/arm-none-eabi/10.2.1/../../../../arm-none-eabi/lib/thumb/v7e-m+dp/hard/libm.a
LOAD /usr/local/Caskroom/gcc-arm-embedded/10-2020-q4-major/gcc-arm-none-eabi-10-2020-q4-major/bin/../lib/gcc/arm-none-eabi/10.2.1/../../../../arm-none-eabi/lib/thumb/v7e-m+dp/hard/libc_nano.a
START GROUP
LOAD /usr/local/Caskroom/gcc-arm-embedded/10-2020-q4-major/gcc-arm-none-eabi-10-2020-q4-major/bin/../lib/gcc/arm-none-eabi/10.2.1/thumb/v7e-m+dp/hard/libgcc.a
LOAD /usr/local/Caskroom/gcc-arm-embedded/10-2020-q4-major/gcc-arm-none-eabi-10-2020-q4-major/bin/../lib/gcc/arm-none-eabi/10.2.1/../../../../arm-none-eabi/lib/thumb/v7e-m+dp/hard/libc_nano.a
END GROUP
START GROUP
LOAD /usr/local/Caskroom/gcc-arm-embedded/10-2020-q4-major/gcc-arm-none-eabi-10-2020-q4-major/bin/../lib/gcc/arm-none-eabi/10.2.1/thumb/v7e-m+dp/hard/libgcc.a
LOAD /usr/local/Caskroom/gcc-arm-embedded/10-2020-q4-major/gcc-arm-none-eabi-10-2020-q4-major/bin/../lib/gcc/arm-none-eabi/10.2.1/../../../../arm-none-eabi/lib/thumb/v7e-m+dp/hard/libc_nano.a
LOAD /usr/local/Caskroom/gcc-arm-embedded/10-2020-q4-major/gcc-arm-none-eabi-10-2020-q4-major/bin/../lib/gcc/arm-none-eabi/10.2.1/../../../../arm-none-eabi/lib/thumb/v7e-m+dp/hard/libnosys.a
END GROUP
START GROUP
LOAD /usr/local/Caskroom/gcc-arm-embedded/10-2020-q4-major/gcc-arm-none-eabi-10-2020-q4-major/bin/../lib/gcc/arm-none-eabi/10.2.1/thumb/v7e-m+dp/hard/libgcc.a
LOAD /usr/local/Caskroom/gcc-arm-embedded/10-2020-q4-major/gcc-arm-none-eabi-10-2020-q4-major/bin/../lib/gcc/arm-none-eabi/10.2.1/../../../../arm-none-eabi/lib/thumb/v7e-m+dp/hard/libc_nano.a
LOAD /usr/local/Caskroom/gcc-arm-embedded/10-2020-q4-major/gcc-arm-none-eabi-10-2020-q4-major/bin/../lib/gcc/arm-none-eabi/10.2.1/../../../../arm-none-eabi/lib/thumb/v7e-m+dp/hard/libnosys.a
END GROUP
LOAD /usr/local/Caskroom/gcc-arm-embedded/10-2020-q4-major/gcc-arm-none-eabi-10-2020-q4-major/bin/../lib/gcc/arm-none-eabi/10.2.1/thumb/v7e-m+dp/hard/crtend.o
LOAD /usr/local/Caskroom/gcc-arm-embedded/10-2020-q4-major/gcc-arm-none-eabi-10-2020-q4-major/bin/../lib/gcc/arm-none-eabi/10.2.1/thumb/v7e-m+dp/hard/crtn.o
                0x0000000020020000                _estack = 0x20020000

.isr_vector     0x0000000008000000      0x298
                0x0000000008000000                . = ALIGN (0x4)
 *(.isr_vector)
 .isr_vector    0x0000000008000000      0x298 build/startup_stm32h750xx.o
                0x0000000008000000                g_pfnVectors
                0x0000000008000298                . = ALIGN (0x4)

.text           0x00000000080002a0     0xccfc
                0x00000000080002a0                . = ALIGN (0x4)
                0x00000000080002a0                _stext = .
 *(.text)
 .text          0x00000000080002a0       0x40 /usr/local/Caskroom/gcc-arm-embedded/10-2020-q4-major/gcc-arm-none-eabi-10-2020-q4-major/bin/../lib/gcc/arm-none-eabi/10.2.1/thumb/v7e-m+dp/hard/crtbegin.o
 .text          0x00000000080002e0       0xa0 /usr/local/Caskroom/gcc-arm-embedded/10-2020-q4-major/gcc-arm-none-eabi-10-2020-q4-major/bin/../lib/gcc/arm-none-eabi/10.2.1/../../../../arm-none-eabi/lib/thumb/v7e-m+dp/hard/libc_nano.a(lib_a-memchr.o)
                0x00000000080002e0                memchr
 *(.text*)
 .text.Default_Handler
                0x0000000008000380        0x4 build/startup_stm32h750xx.o
                0x0000000008000380                SAI1_IRQHandler
                0x0000000008000380                HASH_RNG_IRQHandler
                0x0000000008000380                EXTI2_IRQHandler
                0x0000000008000380                TIM8_CC_IRQHandler
                0x0000000008000380                HRTIM1_Master_IRQHandler
                0x0000000008000380                DebugMon_Handler
                0x0000000008000380                UART8_IRQHandler
                0x0000000008000380                SPI4_IRQHandler
                0x0000000008000380                TIM1_CC_IRQHandler
                0x0000000008000380                BDMA_Channel6_IRQHandler
                0x0000000008000380                DMA2_Stream5_IRQHandler
                0x0000000008000380                HRTIM1_FLT_IRQHandler
                0x0000000008000380                JPEG_IRQHandler
                0x0000000008000380                DMA1_Stream5_IRQHandler
                0x0000000008000380                BDMA_Channel1_IRQHandler
                0x0000000008000380                HRTIM1_TIMD_IRQHandler
                0x0000000008000380                TAMP_STAMP_IRQHandler
                0x0000000008000380                PendSV_Handler
                0x0000000008000380                NMI_Handler
                0x0000000008000380                EXTI3_IRQHandler
                0x0000000008000380                LPTIM4_IRQHandler
                0x0000000008000380                TIM8_TRG_COM_TIM14_IRQHandler
                0x0000000008000380                LPTIM2_IRQHandler
                0x0000000008000380                DFSDM1_FLT1_IRQHandler
                0x0000000008000380                DMAMUX2_OVR_IRQHandler
                0x0000000008000380                TIM8_UP_TIM13_IRQHandler
                0x0000000008000380                I2C3_ER_IRQHandler
                0x0000000008000380                DFSDM1_FLT2_IRQHandler
                0x0000000008000380                MDMA_IRQHandler
                0x0000000008000380                LPTIM3_IRQHandler
                0x0000000008000380                HSEM1_IRQHandler
                0x0000000008000380                EXTI0_IRQHandler
                0x0000000008000380                FPU_IRQHandler
                0x0000000008000380                OTG_HS_WKUP_IRQHandler
                0x0000000008000380                FDCAN1_IT1_IRQHandler
                0x0000000008000380                UsageFault_Handler
                0x0000000008000380                LTDC_ER_IRQHandler
                0x0000000008000380                DMA2_Stream2_IRQHandler
                0x0000000008000380                HRTIM1_TIME_IRQHandler
                0x0000000008000380                SPI1_IRQHandler
                0x0000000008000380                TIM6_DAC_IRQHandler
                0x0000000008000380                DCMI_IRQHandler
                0x0000000008000380                HRTIM1_TIMC_IRQHandler
                0x0000000008000380                DMA2_Stream3_IRQHandler
                0x0000000008000380                SAI2_IRQHandler
                0x0000000008000380                DFSDM1_FLT3_IRQHandler
                0x0000000008000380                USART6_IRQHandler
                0x0000000008000380                TIM17_IRQHandler
                0x0000000008000380                USART3_IRQHandler
                0x0000000008000380                CRYP_IRQHandler
                0x0000000008000380                BDMA_Channel7_IRQHandler
                0x0000000008000380                LPTIM5_IRQHandler
                0x0000000008000380                UART5_IRQHandler
                0x0000000008000380                ADC3_IRQHandler
                0x0000000008000380                DMA2_Stream0_IRQHandler
                0x0000000008000380                TIM4_IRQHandler
                0x0000000008000380                BDMA_Channel2_IRQHandler
                0x0000000008000380                DMAMUX1_OVR_IRQHandler
                0x0000000008000380                TIM16_IRQHandler
                0x0000000008000380                UART4_IRQHandler
                0x0000000008000380                BDMA_Channel5_IRQHandler
                0x0000000008000380                TIM3_IRQHandler
                0x0000000008000380                RCC_IRQHandler
                0x0000000008000380                TIM8_BRK_TIM12_IRQHandler
                0x0000000008000380                TIM1_TRG_COM_IRQHandler
                0x0000000008000380                Default_Handler
                0x0000000008000380                ECC_IRQHandler
                0x0000000008000380                CEC_IRQHandler
                0x0000000008000380                EXTI15_10_IRQHandler
                0x0000000008000380                BDMA_Channel0_IRQHandler
                0x0000000008000380                ADC_IRQHandler
                0x0000000008000380                DMA1_Stream7_IRQHandler
                0x0000000008000380                HRTIM1_TIMA_IRQHandler
                0x0000000008000380                SPI5_IRQHandler
                0x0000000008000380                TIM7_IRQHandler
                0x0000000008000380                SDMMC1_IRQHandler
                0x0000000008000380                TIM5_IRQHandler
                0x0000000008000380                DMA2_Stream7_IRQHandler
                0x0000000008000380                TIM15_IRQHandler
                0x0000000008000380                PVD_AVD_IRQHandler
                0x0000000008000380                EXTI9_5_IRQHandler
                0x0000000008000380                RTC_WKUP_IRQHandler
                0x0000000008000380                LTDC_IRQHandler
                0x0000000008000380                SAI3_IRQHandler
                0x0000000008000380                ETH_WKUP_IRQHandler
                0x0000000008000380                SPDIF_RX_IRQHandler
                0x0000000008000380                SPI2_IRQHandler
                0x0000000008000380                MemManage_Handler
                0x0000000008000380                SVC_Handler
                0x0000000008000380                CRS_IRQHandler
                0x0000000008000380                EXTI4_IRQHandler
                0x0000000008000380                HRTIM1_TIMB_IRQHandler
                0x0000000008000380                FDCAN2_IT1_IRQHandler
                0x0000000008000380                ETH_IRQHandler
                0x0000000008000380                TIM1_UP_IRQHandler
                0x0000000008000380                BDMA_Channel4_IRQHandler
                0x0000000008000380                WWDG_IRQHandler
                0x0000000008000380                SPI6_IRQHandler
                0x0000000008000380                I2C4_EV_IRQHandler
                0x0000000008000380                MDIOS_IRQHandler
                0x0000000008000380                FDCAN2_IT0_IRQHandler
                0x0000000008000380                LPUART1_IRQHandler
                0x0000000008000380                FDCAN1_IT0_IRQHandler
                0x0000000008000380                TIM2_IRQHandler
                0x0000000008000380                OTG_FS_WKUP_IRQHandler
                0x0000000008000380                DMA2D_IRQHandler
                0x0000000008000380                TIM1_BRK_IRQHandler
                0x0000000008000380                EXTI1_IRQHandler
                0x0000000008000380                SDMMC2_IRQHandler
                0x0000000008000380                BDMA_Channel3_IRQHandler
                0x0000000008000380                UART7_IRQHandler
                0x0000000008000380                MDIOS_WKUP_IRQHandler
                0x0000000008000380                USART2_IRQHandler
                0x0000000008000380                DFSDM1_FLT0_IRQHandler
                0x0000000008000380                SAI4_IRQHandler
                0x0000000008000380                I2C2_ER_IRQHandler
                0x0000000008000380                DMA2_Stream1_IRQHandler
                0x0000000008000380                FLASH_IRQHandler
                0x0000000008000380                DMA2_Stream4_IRQHandler
                0x0000000008000380                BusFault_Handler
                0x0000000008000380                USART1_IRQHandler
                0x0000000008000380                SPI3_IRQHandler
                0x0000000008000380                WAKEUP_PIN_IRQHandler
                0x0000000008000380                I2C1_ER_IRQHandler
                0x0000000008000380                FMC_IRQHandler
                0x0000000008000380                FDCAN_CAL_IRQHandler
                0x0000000008000380                SWPMI1_IRQHandler
                0x0000000008000380                COMP1_IRQHandler
                0x0000000008000380                LPTIM1_IRQHandler
                0x0000000008000380                I2C4_ER_IRQHandler
                0x0000000008000380                DMA2_Stream6_IRQHandler
                0x0000000008000380                RTC_Alarm_IRQHandler
 .text.Reset_Handler
                0x0000000008000384       0x44 build/startup_stm32h750xx.o
                0x0000000008000384                Reset_Handler
 .text._ZN7daisysp4AdsrD2Ev
                0x00000000080003c8        0x4 build/birds-and-the-bees.o
                0x00000000080003c8                daisysp::Adsr::~Adsr()
                0x00000000080003c8                daisysp::Adsr::~Adsr()
 .text._ZN7daisysp10MoogLadderD2Ev
                0x00000000080003cc        0x4 build/birds-and-the-bees.o
                0x00000000080003cc                daisysp::MoogLadder::~MoogLadder()
                0x00000000080003cc                daisysp::MoogLadder::~MoogLadder()
 .text._ZN5daisy9DaisySeedD2Ev
                0x00000000080003d0        0x4 build/birds-and-the-bees.o
                0x00000000080003d0                daisy::DaisySeed::~DaisySeed()
                0x00000000080003d0                daisy::DaisySeed::~DaisySeed()
 .text.__tcf_0  0x00000000080003d4        0x4 build/birds-and-the-bees.o
 .text._ZL13AudioCallbackPKfPfj
                0x00000000080003d8       0xd8 build/birds-and-the-bees.o
 .text.__tcf_1  0x00000000080004b0        0x4 build/birds-and-the-bees.o
 .text._Z8SetupOscf
                0x00000000080004b4       0x2c build/birds-and-the-bees.o
                0x00000000080004b4                SetupOsc(float)
 .text.startup.main
                0x00000000080004e0      0x170 build/birds-and-the-bees.o
                0x00000000080004e0                main
 .text.startup._GLOBAL__sub_I_PIN_MUX_SEL_0
                0x0000000008000650       0x98 build/birds-and-the-bees.o
 .text._ZN5daisy9DaisySeed9ConfigureEv
                0x00000000080006e8       0x4c ../libDaisy/build/libdaisy.a(daisy_seed.o)
                0x00000000080006e8                daisy::DaisySeed::Configure()
 .text._ZN5daisy9DaisySeed6GetPinEh
                0x0000000008000734       0x2c ../libDaisy/build/libdaisy.a(daisy_seed.o)
                0x0000000008000734                daisy::DaisySeed::GetPin(unsigned char)
 .text._ZN5daisy9DaisySeed7DelayMsEj
                0x0000000008000760        0x8 ../libDaisy/build/libdaisy.a(daisy_seed.o)
                0x0000000008000760                daisy::DaisySeed::DelayMs(unsigned int)
 .text._ZN5daisy9DaisySeed10StartAudioEPFvPKfPfjE
                0x0000000008000768        0x8 ../libDaisy/build/libdaisy.a(daisy_seed.o)
                0x0000000008000768                daisy::DaisySeed::StartAudio(void (*)(float const*, float*, unsigned int))
 .text._ZN5daisy9DaisySeed15AudioSampleRateEv
                0x0000000008000770        0x8 ../libDaisy/build/libdaisy.a(daisy_seed.o)
                0x0000000008000770                daisy::DaisySeed::AudioSampleRate()
 .text._ZNK5daisy9DaisySeed17AudioCallbackRateEv
                0x0000000008000778        0x8 ../libDaisy/build/libdaisy.a(daisy_seed.o)
                0x0000000008000778                daisy::DaisySeed::AudioCallbackRate() const
 .text._ZN5daisy9DaisySeed14ConfigureAudioEv
                0x0000000008000780       0x78 ../libDaisy/build/libdaisy.a(daisy_seed.o)
                0x0000000008000780                daisy::DaisySeed::ConfigureAudio()
 .text._ZN5daisy9DaisySeed4InitEb
                0x00000000080007f8       0x7c ../libDaisy/build/libdaisy.a(daisy_seed.o)
                0x00000000080007f8                daisy::DaisySeed::Init(bool)
 .text._ZN5daisy6Ak45564InitE12dsy_gpio_pin
                0x0000000008000874       0x44 ../libDaisy/build/libdaisy.a(codec_ak4556.o)
                0x0000000008000874                daisy::Ak4556::Init(dsy_gpio_pin)
 .text.dsy_sdram_init
                0x00000000080008b8      0x108 ../libDaisy/build/libdaisy.a(sdram.o)
                0x00000000080008b8                dsy_sdram_init
 .text.HAL_SDRAM_MspInit
                0x00000000080009c0      0x1d0 ../libDaisy/build/libdaisy.a(sdram.o)
                0x00000000080009c0                HAL_SDRAM_MspInit
 .text._ZN5daisy11AudioHandle4Impl16InternalCallbackEPlS2_j
                0x0000000008000b90      0xbbc ../libDaisy/build/libdaisy.a(audio.o)
                0x0000000008000b90                daisy::AudioHandle::Impl::InternalCallback(long*, long*, unsigned int)
 .text._ZN5daisy11AudioHandle4InitERKNS0_6ConfigENS_9SaiHandleE
                0x000000000800174c       0x64 ../libDaisy/build/libdaisy.a(audio.o)
                0x000000000800174c                daisy::AudioHandle::Init(daisy::AudioHandle::Config const&, daisy::SaiHandle)
 .text._ZNK5daisy11AudioHandle9GetConfigEv
                0x00000000080017b0        0x8 ../libDaisy/build/libdaisy.a(audio.o)
                0x00000000080017b0                daisy::AudioHandle::GetConfig() const
 .text._ZN5daisy11AudioHandle13GetSampleRateEv
                0x00000000080017b8        0x8 ../libDaisy/build/libdaisy.a(audio.o)
                0x00000000080017b8                daisy::AudioHandle::GetSampleRate()
 .text._ZN5daisy11AudioHandle5StartEPFvPKfPfjE
                0x00000000080017c0       0x2c ../libDaisy/build/libdaisy.a(audio.o)
                0x00000000080017c0                daisy::AudioHandle::Start(void (*)(float const*, float*, unsigned int))
 .text.startup._GLOBAL__sub_I__ZN5daisy11AudioHandle4Impl4InitENS0_6ConfigENS_9SaiHandleE
                0x00000000080017ec       0x10 ../libDaisy/build/libdaisy.a(audio.o)
 .text._ZN5daisy13AnalogControl4InitEPtfbbf
                0x00000000080017fc       0x3c ../libDaisy/build/libdaisy.a(ctrl.o)
                0x00000000080017fc                daisy::AnalogControl::Init(unsigned short*, float, bool, bool, float)
 .text._ZN5daisy9UsbHandleD2Ev
                0x0000000008001838        0x4 ../libDaisy/build/libdaisy.a(logger.o)
                0x0000000008001838                daisy::UsbHandle::~UsbHandle()
                0x0000000008001838                daisy::UsbHandle::~UsbHandle()
 .text._ZN5daisy6LoggerILNS_17LoggerDestinationE1EE11TransmitBufEv
                0x000000000800183c       0x60 ../libDaisy/build/libdaisy.a(logger.o)
                0x000000000800183c                daisy::Logger<(daisy::LoggerDestination)1>::TransmitBuf()
 .text._ZN5daisy6LoggerILNS_17LoggerDestinationE1EE13AppendNewLineEv
                0x000000000800189c       0x60 ../libDaisy/build/libdaisy.a(logger.o)
                0x000000000800189c                daisy::Logger<(daisy::LoggerDestination)1>::AppendNewLine()
 .text._ZN5daisy6LoggerILNS_17LoggerDestinationE1EE10PrintLineVEPKcSt9__va_list
                0x00000000080018fc       0x30 ../libDaisy/build/libdaisy.a(logger.o)
                0x00000000080018fc                daisy::Logger<(daisy::LoggerDestination)1>::PrintLineV(char const*, std::__va_list)
 .text._ZN5daisy6LoggerILNS_17LoggerDestinationE1EE9PrintLineEPKcz
                0x000000000800192c       0x1c ../libDaisy/build/libdaisy.a(logger.o)
                0x000000000800192c                daisy::Logger<(daisy::LoggerDestination)1>::PrintLine(char const*, ...)
 .text._ZN5daisy6LoggerILNS_17LoggerDestinationE1EE8StartLogEb
                0x0000000008001948       0x38 ../libDaisy/build/libdaisy.a(logger.o)
                0x0000000008001948                daisy::Logger<(daisy::LoggerDestination)1>::StartLog(bool)
 .text.startup._GLOBAL__sub_I__ZN5daisy10LoggerImplILNS_17LoggerDestinationE1EE11usb_handle_E
                0x0000000008001980       0x2c ../libDaisy/build/libdaisy.a(logger.o)
 .text.DummyRxCallback
                0x00000000080019ac        0x4 ../libDaisy/build/libdaisy.a(usb.o)
                0x00000000080019ac                DummyRxCallback
 .text._ZN5daisy9UsbHandle4InitENS0_9UsbPeriphE
                0x00000000080019b0      0x10c ../libDaisy/build/libdaisy.a(usb.o)
                0x00000000080019b0                daisy::UsbHandle::Init(daisy::UsbHandle::UsbPeriph)
 .text._ZN5daisy9UsbHandle16TransmitInternalEPhj
                0x0000000008001abc       0x14 ../libDaisy/build/libdaisy.a(usb.o)
                0x0000000008001abc                daisy::UsbHandle::TransmitInternal(unsigned char*, unsigned int)
 .text.OTG_HS_EP1_OUT_IRQHandler
                0x0000000008001ad0        0xc ../libDaisy/build/libdaisy.a(usb.o)
                0x0000000008001ad0                OTG_HS_EP1_OUT_IRQHandler
 .text.OTG_HS_EP1_IN_IRQHandler
                0x0000000008001adc        0xc ../libDaisy/build/libdaisy.a(usb.o)
                0x0000000008001adc                OTG_HS_EP1_IN_IRQHandler
 .text.OTG_HS_IRQHandler
                0x0000000008001ae8        0xc ../libDaisy/build/libdaisy.a(usb.o)
                0x0000000008001ae8                OTG_HS_IRQHandler
 .text.OTG_FS_EP1_OUT_IRQHandler
                0x0000000008001af4        0xc ../libDaisy/build/libdaisy.a(usb.o)
                0x0000000008001af4                OTG_FS_EP1_OUT_IRQHandler
 .text.OTG_FS_EP1_IN_IRQHandler
                0x0000000008001b00        0xc ../libDaisy/build/libdaisy.a(usb.o)
                0x0000000008001b00                OTG_FS_EP1_IN_IRQHandler
 .text.OTG_FS_IRQHandler
                0x0000000008001b0c        0xc ../libDaisy/build/libdaisy.a(usb.o)
                0x0000000008001b0c                OTG_FS_IRQHandler
 .text._ZN5daisy16AdcChannelConfig7InitMuxE12dsy_gpio_pinjS1_S1_S1_
                0x0000000008001b18       0x5c ../libDaisy/build/libdaisy.a(adc.o)
                0x0000000008001b18                daisy::AdcChannelConfig::InitMux(dsy_gpio_pin, unsigned int, dsy_gpio_pin, dsy_gpio_pin, dsy_gpio_pin)
 .text._ZN5daisy9AdcHandle4InitEPNS_16AdcChannelConfigEjNS0_12OverSamplingE
                0x0000000008001b74      0x3c8 ../libDaisy/build/libdaisy.a(adc.o)
                0x0000000008001b74                daisy::AdcHandle::Init(daisy::AdcChannelConfig*, unsigned int, daisy::AdcHandle::OverSampling)
 .text._ZN5daisy9AdcHandle5StartEv
                0x0000000008001f3c       0x2c ../libDaisy/build/libdaisy.a(adc.o)
                0x0000000008001f3c                daisy::AdcHandle::Start()
 .text._ZNK5daisy9AdcHandle8GetFloatEh
                0x0000000008001f68       0x20 ../libDaisy/build/libdaisy.a(adc.o)
                0x0000000008001f68                daisy::AdcHandle::GetFloat(unsigned char) const
 .text._ZNK5daisy9AdcHandle9GetMuxPtrEhh
                0x0000000008001f88       0x18 ../libDaisy/build/libdaisy.a(adc.o)
                0x0000000008001f88                daisy::AdcHandle::GetMuxPtr(unsigned char, unsigned char) const
 .text._ZNK5daisy9AdcHandle11GetMuxFloatEhh
                0x0000000008001fa0       0x20 ../libDaisy/build/libdaisy.a(adc.o)
                0x0000000008001fa0                daisy::AdcHandle::GetMuxFloat(unsigned char, unsigned char) const
 .text.HAL_ADC_MspInit
                0x0000000008001fc0       0x98 ../libDaisy/build/libdaisy.a(adc.o)
                0x0000000008001fc0                HAL_ADC_MspInit
 .text.DMA1_Stream2_IRQHandler
                0x0000000008002058        0xc ../libDaisy/build/libdaisy.a(adc.o)
                0x0000000008002058                DMA1_Stream2_IRQHandler
 .text.HAL_ADC_ConvCpltCallback
                0x0000000008002064      0x148 ../libDaisy/build/libdaisy.a(adc.o)
                0x0000000008002064                HAL_ADC_ConvCpltCallback
 .text.HAL_ADC_ErrorCallback
                0x00000000080021ac        0x4 ../libDaisy/build/libdaisy.a(adc.o)
                0x00000000080021ac                HAL_ADC_ErrorCallback
 .text.dsy_gpio_init
                0x00000000080021b0      0x1b8 ../libDaisy/build/libdaisy.a(gpio.o)
                0x00000000080021b0                dsy_gpio_init
 .text.dsy_gpio_write
                0x0000000008002368       0x24 ../libDaisy/build/libdaisy.a(gpio.o)
                0x0000000008002368                dsy_gpio_write
 *fill*         0x000000000800238c        0x4 
 .text.dsy_qspi_init
                0x0000000008002390      0x388 ../libDaisy/build/libdaisy.a(qspi.o)
                0x0000000008002390                dsy_qspi_init
 .text.HAL_QSPI_MspInit
                0x0000000008002718      0x10c ../libDaisy/build/libdaisy.a(qspi.o)
                0x0000000008002718                HAL_QSPI_MspInit
 .text.HAL_QSPI_MspDeInit
                0x0000000008002824       0x58 ../libDaisy/build/libdaisy.a(qspi.o)
                0x0000000008002824                HAL_QSPI_MspDeInit
 .text.QUADSPI_IRQHandler
                0x000000000800287c        0xc ../libDaisy/build/libdaisy.a(qspi.o)
                0x000000000800287c                QUADSPI_IRQHandler
 .text._ZN5daisy9SaiHandle4Impl7InitDmaENS1_15PeripheralBlockE
                0x0000000008002888       0xa0 ../libDaisy/build/libdaisy.a(sai.o)
                0x0000000008002888                daisy::SaiHandle::Impl::InitDma(daisy::SaiHandle::Impl::PeripheralBlock)
 .text._ZN5daisy9SaiHandle4Impl8InitPinsEv
                0x0000000008002928       0xa8 ../libDaisy/build/libdaisy.a(sai.o)
                0x0000000008002928                daisy::SaiHandle::Impl::InitPins()
 .text.HAL_SAI_MspInit
                0x00000000080029d0      0x164 ../libDaisy/build/libdaisy.a(sai.o)
                0x00000000080029d0                HAL_SAI_MspInit
 .text.DMA1_Stream0_IRQHandler
                0x0000000008002b34        0xc ../libDaisy/build/libdaisy.a(sai.o)
                0x0000000008002b34                DMA1_Stream0_IRQHandler
 .text.DMA1_Stream1_IRQHandler
                0x0000000008002b40        0xc ../libDaisy/build/libdaisy.a(sai.o)
                0x0000000008002b40                DMA1_Stream1_IRQHandler
 .text.DMA1_Stream3_IRQHandler
                0x0000000008002b4c        0xc ../libDaisy/build/libdaisy.a(sai.o)
                0x0000000008002b4c                DMA1_Stream3_IRQHandler
 .text.DMA1_Stream4_IRQHandler
                0x0000000008002b58        0xc ../libDaisy/build/libdaisy.a(sai.o)
                0x0000000008002b58                DMA1_Stream4_IRQHandler
 .text.HAL_SAI_RxHalfCpltCallback
                0x0000000008002b64       0x78 ../libDaisy/build/libdaisy.a(sai.o)
                0x0000000008002b64                HAL_SAI_RxHalfCpltCallback
 .text.HAL_SAI_RxCpltCallback
                0x0000000008002bdc       0x70 ../libDaisy/build/libdaisy.a(sai.o)
                0x0000000008002bdc                HAL_SAI_RxCpltCallback
 *fill*         0x0000000008002c4c        0x4 
 .text._ZN5daisy9SaiHandle4InitERKNS0_6ConfigE
                0x0000000008002c50      0x1f0 ../libDaisy/build/libdaisy.a(sai.o)
                0x0000000008002c50                daisy::SaiHandle::Init(daisy::SaiHandle::Config const&)
 .text._ZNK5daisy9SaiHandle9GetConfigEv
                0x0000000008002e40        0x4 ../libDaisy/build/libdaisy.a(sai.o)
                0x0000000008002e40                daisy::SaiHandle::GetConfig() const
 .text._ZN5daisy9SaiHandle8StartDmaEPlS1_jPFvS1_S1_jE
                0x0000000008002e44       0x68 ../libDaisy/build/libdaisy.a(sai.o)
                0x0000000008002e44                daisy::SaiHandle::StartDma(long*, long*, unsigned int, void (*)(long*, long*, unsigned int))
 .text._ZN5daisy9SaiHandle13GetSampleRateEv
                0x0000000008002eac       0x24 ../libDaisy/build/libdaisy.a(sai.o)
                0x0000000008002eac                daisy::SaiHandle::GetSampleRate()
 .text._ZNK5daisy9SaiHandle9GetOffsetEv
                0x0000000008002ed0        0x8 ../libDaisy/build/libdaisy.a(sai.o)
                0x0000000008002ed0                daisy::SaiHandle::GetOffset() const
 .text._ZN5daisy11TimerHandleD2Ev
                0x0000000008002ed8        0x4 ../libDaisy/build/libdaisy.a(system.o)
                0x0000000008002ed8                daisy::TimerHandle::~TimerHandle()
                0x0000000008002ed8                daisy::TimerHandle::~TimerHandle()
 .text.SysTick_Handler
                0x0000000008002edc       0x10 ../libDaisy/build/libdaisy.a(system.o)
                0x0000000008002edc                SysTick_Handler
 .text.HardFault_Handler
                0x0000000008002eec        0x4 ../libDaisy/build/libdaisy.a(system.o)
                0x0000000008002eec                HardFault_Handler
 .text._ZN5daisy6System5DelayEm
                0x0000000008002ef0        0x4 ../libDaisy/build/libdaisy.a(system.o)
                0x0000000008002ef0                daisy::System::Delay(unsigned long)
 .text._ZN5daisy6System15ConfigureClocksEv
                0x0000000008002ef4      0x194 ../libDaisy/build/libdaisy.a(system.o)
                0x0000000008002ef4                daisy::System::ConfigureClocks()
 .text._ZN5daisy6System4InitERKNS0_6ConfigE
                0x0000000008003088      0x11c ../libDaisy/build/libdaisy.a(system.o)
                0x0000000008003088                daisy::System::Init(daisy::System::Config const&)
 .text.startup._GLOBAL__sub_I_SysTick_Handler
                0x00000000080031a4       0x1c ../libDaisy/build/libdaisy.a(system.o)
 .text.SystemInit
                0x00000000080031c0       0x84 ../libDaisy/build/libdaisy.a(system_stm32h7xx.o)
                0x00000000080031c0                SystemInit
 .text.dummy_rx_callback
                0x0000000008003244        0x4 ../libDaisy/build/libdaisy.a(usbd_cdc_if.o)
                0x0000000008003244                dummy_rx_callback
 .text.CDC_DeInit_FS
                0x0000000008003248        0x4 ../libDaisy/build/libdaisy.a(usbd_cdc_if.o)
 .text.CDC_Receive_FS
                0x000000000800324c       0x2c ../libDaisy/build/libdaisy.a(usbd_cdc_if.o)
 .text.CDC_Receive_HS
                0x0000000008003278       0x2c ../libDaisy/build/libdaisy.a(usbd_cdc_if.o)
 .text.CDC_Init_FS
                0x00000000080032a4       0x3c ../libDaisy/build/libdaisy.a(usbd_cdc_if.o)
 .text.CDC_Init_HS
                0x00000000080032e0       0x3c ../libDaisy/build/libdaisy.a(usbd_cdc_if.o)
 .text.CDC_Control_FS
                0x000000000800331c       0x34 ../libDaisy/build/libdaisy.a(usbd_cdc_if.o)
 .text.CDC_Control_HS
                0x0000000008003350       0x34 ../libDaisy/build/libdaisy.a(usbd_cdc_if.o)
 .text.CDC_DeInit_HS
                0x0000000008003384        0x4 ../libDaisy/build/libdaisy.a(usbd_cdc_if.o)
 .text.CDC_Transmit_FS
                0x0000000008003388       0x2c ../libDaisy/build/libdaisy.a(usbd_cdc_if.o)
                0x0000000008003388                CDC_Transmit_FS
 .text.HAL_PCD_MspInit
                0x00000000080033b4      0x144 ../libDaisy/build/libdaisy.a(usbd_conf.o)
                0x00000000080033b4                HAL_PCD_MspInit
 .text.HAL_PCD_SetupStageCallback
                0x00000000080034f8        0xc ../libDaisy/build/libdaisy.a(usbd_conf.o)
                0x00000000080034f8                HAL_PCD_SetupStageCallback
 .text.HAL_PCD_DataOutStageCallback
                0x0000000008003504       0x14 ../libDaisy/build/libdaisy.a(usbd_conf.o)
                0x0000000008003504                HAL_PCD_DataOutStageCallback
 .text.HAL_PCD_DataInStageCallback
                0x0000000008003518       0x14 ../libDaisy/build/libdaisy.a(usbd_conf.o)
                0x0000000008003518                HAL_PCD_DataInStageCallback
 .text.HAL_PCD_SOFCallback
                0x000000000800352c        0x8 ../libDaisy/build/libdaisy.a(usbd_conf.o)
                0x000000000800352c                HAL_PCD_SOFCallback
 .text.HAL_PCD_ResetCallback
                0x0000000008003534       0x24 ../libDaisy/build/libdaisy.a(usbd_conf.o)
                0x0000000008003534                HAL_PCD_ResetCallback
 .text.HAL_PCD_SuspendCallback
                0x0000000008003558       0x30 ../libDaisy/build/libdaisy.a(usbd_conf.o)
                0x0000000008003558                HAL_PCD_SuspendCallback
 .text.HAL_PCD_ResumeCallback
                0x0000000008003588        0x8 ../libDaisy/build/libdaisy.a(usbd_conf.o)
                0x0000000008003588                HAL_PCD_ResumeCallback
 .text.HAL_PCD_ISOOUTIncompleteCallback
                0x0000000008003590        0x8 ../libDaisy/build/libdaisy.a(usbd_conf.o)
                0x0000000008003590                HAL_PCD_ISOOUTIncompleteCallback
 .text.HAL_PCD_ISOINIncompleteCallback
                0x0000000008003598        0x8 ../libDaisy/build/libdaisy.a(usbd_conf.o)
                0x0000000008003598                HAL_PCD_ISOINIncompleteCallback
 .text.HAL_PCD_ConnectCallback
                0x00000000080035a0        0x8 ../libDaisy/build/libdaisy.a(usbd_conf.o)
                0x00000000080035a0                HAL_PCD_ConnectCallback
 .text.HAL_PCD_DisconnectCallback
                0x00000000080035a8        0x8 ../libDaisy/build/libdaisy.a(usbd_conf.o)
                0x00000000080035a8                HAL_PCD_DisconnectCallback
 .text.USBD_LL_Init
                0x00000000080035b0       0xe4 ../libDaisy/build/libdaisy.a(usbd_conf.o)
                0x00000000080035b0                USBD_LL_Init
 .text.USBD_LL_Start
                0x0000000008003694       0x1c ../libDaisy/build/libdaisy.a(usbd_conf.o)
                0x0000000008003694                USBD_LL_Start
 .text.USBD_LL_OpenEP
                0x00000000080036b0       0x24 ../libDaisy/build/libdaisy.a(usbd_conf.o)
                0x00000000080036b0                USBD_LL_OpenEP
 .text.USBD_LL_CloseEP
                0x00000000080036d4       0x1c ../libDaisy/build/libdaisy.a(usbd_conf.o)
                0x00000000080036d4                USBD_LL_CloseEP
 .text.USBD_LL_StallEP
                0x00000000080036f0       0x1c ../libDaisy/build/libdaisy.a(usbd_conf.o)
                0x00000000080036f0                USBD_LL_StallEP
 .text.USBD_LL_ClearStallEP
                0x000000000800370c       0x1c ../libDaisy/build/libdaisy.a(usbd_conf.o)
                0x000000000800370c                USBD_LL_ClearStallEP
 .text.USBD_LL_IsStallEP
                0x0000000008003728       0x28 ../libDaisy/build/libdaisy.a(usbd_conf.o)
                0x0000000008003728                USBD_LL_IsStallEP
 .text.USBD_LL_SetUSBAddress
                0x0000000008003750       0x1c ../libDaisy/build/libdaisy.a(usbd_conf.o)
                0x0000000008003750                USBD_LL_SetUSBAddress
 .text.USBD_LL_Transmit
                0x000000000800376c       0x1c ../libDaisy/build/libdaisy.a(usbd_conf.o)
                0x000000000800376c                USBD_LL_Transmit
 .text.USBD_LL_PrepareReceive
                0x0000000008003788       0x1c ../libDaisy/build/libdaisy.a(usbd_conf.o)
                0x0000000008003788                USBD_LL_PrepareReceive
 .text.USBD_LL_GetRxDataSize
                0x00000000080037a4        0x8 ../libDaisy/build/libdaisy.a(usbd_conf.o)
                0x00000000080037a4                USBD_LL_GetRxDataSize
 .text.USBD_HS_DeviceDescriptor
                0x00000000080037ac        0xc ../libDaisy/build/libdaisy.a(usbd_desc.o)
                0x00000000080037ac                USBD_HS_DeviceDescriptor
 .text.USBD_FS_DeviceDescriptor
                0x00000000080037b8        0xc ../libDaisy/build/libdaisy.a(usbd_desc.o)
                0x00000000080037b8                USBD_FS_DeviceDescriptor
 .text.USBD_FS_LangIDStrDescriptor
                0x00000000080037c4        0xc ../libDaisy/build/libdaisy.a(usbd_desc.o)
                0x00000000080037c4                USBD_FS_LangIDStrDescriptor
 .text.USBD_FS_ManufacturerStrDescriptor
                0x00000000080037d0       0x1c ../libDaisy/build/libdaisy.a(usbd_desc.o)
                0x00000000080037d0                USBD_FS_ManufacturerStrDescriptor
 .text.USBD_HS_ProductStrDescriptor
                0x00000000080037ec       0x1c ../libDaisy/build/libdaisy.a(usbd_desc.o)
                0x00000000080037ec                USBD_HS_ProductStrDescriptor
 .text.USBD_FS_ConfigStrDescriptor
                0x0000000008003808       0x1c ../libDaisy/build/libdaisy.a(usbd_desc.o)
                0x0000000008003808                USBD_FS_ConfigStrDescriptor
 .text.USBD_FS_InterfaceStrDescriptor
                0x0000000008003824       0x1c ../libDaisy/build/libdaisy.a(usbd_desc.o)
                0x0000000008003824                USBD_FS_InterfaceStrDescriptor
 .text.USBD_FS_ProductStrDescriptor
                0x0000000008003840       0x1c ../libDaisy/build/libdaisy.a(usbd_desc.o)
                0x0000000008003840                USBD_FS_ProductStrDescriptor
 .text.USBD_HS_LangIDStrDescriptor
                0x000000000800385c        0xc ../libDaisy/build/libdaisy.a(usbd_desc.o)
                0x000000000800385c                USBD_HS_LangIDStrDescriptor
 .text.USBD_HS_ManufacturerStrDescriptor
                0x0000000008003868       0x1c ../libDaisy/build/libdaisy.a(usbd_desc.o)
                0x0000000008003868                USBD_HS_ManufacturerStrDescriptor
 .text.USBD_FS_SerialStrDescriptor
                0x0000000008003884      0x124 ../libDaisy/build/libdaisy.a(usbd_desc.o)
                0x0000000008003884                USBD_FS_SerialStrDescriptor
 .text.USBD_HS_SerialStrDescriptor
                0x00000000080039a8      0x124 ../libDaisy/build/libdaisy.a(usbd_desc.o)
                0x00000000080039a8                USBD_HS_SerialStrDescriptor
 .text.USBD_HS_InterfaceStrDescriptor
                0x0000000008003acc       0x1c ../libDaisy/build/libdaisy.a(usbd_desc.o)
                0x0000000008003acc                USBD_HS_InterfaceStrDescriptor
 .text.USBD_HS_ConfigStrDescriptor
                0x0000000008003ae8       0x1c ../libDaisy/build/libdaisy.a(usbd_desc.o)
                0x0000000008003ae8                USBD_HS_ConfigStrDescriptor
 .text.dsy_hal_map_get_port
                0x0000000008003b04       0x10 ../libDaisy/build/libdaisy.a(hal_map.o)
                0x0000000008003b04                dsy_hal_map_get_port
 .text.dsy_hal_map_get_pin
                0x0000000008003b14       0x10 ../libDaisy/build/libdaisy.a(hal_map.o)
                0x0000000008003b14                dsy_hal_map_get_pin
 .text.HAL_MspInit
                0x0000000008003b24        0x4 ../libDaisy/build/libdaisy.a(stm32h7xx_hal.o)
                0x0000000008003b24                HAL_MspInit
 .text.HAL_InitTick
                0x0000000008003b28       0x4c ../libDaisy/build/libdaisy.a(stm32h7xx_hal.o)
                0x0000000008003b28                HAL_InitTick
 .text.HAL_Init
                0x0000000008003b74       0x60 ../libDaisy/build/libdaisy.a(stm32h7xx_hal.o)
                0x0000000008003b74                HAL_Init
 .text.HAL_IncTick
                0x0000000008003bd4       0x18 ../libDaisy/build/libdaisy.a(stm32h7xx_hal.o)
                0x0000000008003bd4                HAL_IncTick
 .text.HAL_GetTick
                0x0000000008003bec        0xc ../libDaisy/build/libdaisy.a(stm32h7xx_hal.o)
                0x0000000008003bec                HAL_GetTick
 .text.HAL_Delay
                0x0000000008003bf8       0x24 ../libDaisy/build/libdaisy.a(stm32h7xx_hal.o)
                0x0000000008003bf8                HAL_Delay
 .text.HAL_GetREVID
                0x0000000008003c1c        0xc ../libDaisy/build/libdaisy.a(stm32h7xx_hal.o)
                0x0000000008003c1c                HAL_GetREVID
 .text.HAL_ADC_ConvHalfCpltCallback
                0x0000000008003c28        0x4 ../libDaisy/build/libdaisy.a(stm32h7xx_hal_adc.o)
                0x0000000008003c28                HAL_ADC_ConvHalfCpltCallback
 .text.ADC_DMAHalfConvCplt
                0x0000000008003c2c        0xc ../libDaisy/build/libdaisy.a(stm32h7xx_hal_adc.o)
                0x0000000008003c2c                ADC_DMAHalfConvCplt
 .text.ADC_DMAConvCplt
                0x0000000008003c38       0x6c ../libDaisy/build/libdaisy.a(stm32h7xx_hal_adc.o)
                0x0000000008003c38                ADC_DMAConvCplt
 .text.ADC_DMAError
                0x0000000008003ca4       0x1c ../libDaisy/build/libdaisy.a(stm32h7xx_hal_adc.o)
                0x0000000008003ca4                ADC_DMAError
 .text.HAL_ADC_ConfigChannel
                0x0000000008003cc0      0x3fc ../libDaisy/build/libdaisy.a(stm32h7xx_hal_adc.o)
                0x0000000008003cc0                HAL_ADC_ConfigChannel
 .text.ADC_Enable
                0x00000000080040bc       0xac ../libDaisy/build/libdaisy.a(stm32h7xx_hal_adc.o)
                0x00000000080040bc                ADC_Enable
 .text.HAL_ADC_Start_DMA
                0x0000000008004168      0x114 ../libDaisy/build/libdaisy.a(stm32h7xx_hal_adc.o)
                0x0000000008004168                HAL_ADC_Start_DMA
 .text.ADC_Disable
                0x000000000800427c       0x68 ../libDaisy/build/libdaisy.a(stm32h7xx_hal_adc.o)
                0x000000000800427c                ADC_Disable
 .text.ADC_ConfigureBoostMode
                0x00000000080042e4      0x184 ../libDaisy/build/libdaisy.a(stm32h7xx_hal_adc.o)
                0x00000000080042e4                ADC_ConfigureBoostMode
 .text.HAL_ADC_Init
                0x0000000008004468      0x218 ../libDaisy/build/libdaisy.a(stm32h7xx_hal_adc.o)
                0x0000000008004468                HAL_ADC_Init
 .text.HAL_ADCEx_Calibration_Start
                0x0000000008004680       0xa4 ../libDaisy/build/libdaisy.a(stm32h7xx_hal_adc_ex.o)
                0x0000000008004680                HAL_ADCEx_Calibration_Start
 .text.HAL_ADCEx_MultiModeConfigChannel
                0x0000000008004724       0xc4 ../libDaisy/build/libdaisy.a(stm32h7xx_hal_adc_ex.o)
                0x0000000008004724                HAL_ADCEx_MultiModeConfigChannel
 .text.HAL_NVIC_SetPriorityGrouping
                0x00000000080047e8       0x24 ../libDaisy/build/libdaisy.a(stm32h7xx_hal_cortex.o)
                0x00000000080047e8                HAL_NVIC_SetPriorityGrouping
 .text.HAL_NVIC_SetPriority
                0x000000000800480c       0x7c ../libDaisy/build/libdaisy.a(stm32h7xx_hal_cortex.o)
                0x000000000800480c                HAL_NVIC_SetPriority
 .text.HAL_NVIC_EnableIRQ
                0x0000000008004888       0x1c ../libDaisy/build/libdaisy.a(stm32h7xx_hal_cortex.o)
                0x0000000008004888                HAL_NVIC_EnableIRQ
 .text.HAL_NVIC_DisableIRQ
                0x00000000080048a4       0x28 ../libDaisy/build/libdaisy.a(stm32h7xx_hal_cortex.o)
                0x00000000080048a4                HAL_NVIC_DisableIRQ
 .text.HAL_SYSTICK_Config
                0x00000000080048cc       0x2c ../libDaisy/build/libdaisy.a(stm32h7xx_hal_cortex.o)
                0x00000000080048cc                HAL_SYSTICK_Config
 .text.HAL_MPU_Disable
                0x00000000080048f8       0x1c ../libDaisy/build/libdaisy.a(stm32h7xx_hal_cortex.o)
                0x00000000080048f8                HAL_MPU_Disable
 .text.HAL_MPU_Enable
                0x0000000008004914       0x20 ../libDaisy/build/libdaisy.a(stm32h7xx_hal_cortex.o)
                0x0000000008004914                HAL_MPU_Enable
 .text.HAL_MPU_ConfigRegion
                0x0000000008004934       0x64 ../libDaisy/build/libdaisy.a(stm32h7xx_hal_cortex.o)
                0x0000000008004934                HAL_MPU_ConfigRegion
 .text.HAL_SYSTICK_Callback
                0x0000000008004998        0x4 ../libDaisy/build/libdaisy.a(stm32h7xx_hal_cortex.o)
                0x0000000008004998                HAL_SYSTICK_Callback
 .text.HAL_SYSTICK_IRQHandler
                0x000000000800499c        0x8 ../libDaisy/build/libdaisy.a(stm32h7xx_hal_cortex.o)
                0x000000000800499c                HAL_SYSTICK_IRQHandler
 .text.DMA_CalcBaseAndBitshift
                0x00000000080049a4       0xf4 ../libDaisy/build/libdaisy.a(stm32h7xx_hal_dma.o)
 .text.DMA_CalcDMAMUXChannelBaseAndMask
                0x0000000008004a98       0xd8 ../libDaisy/build/libdaisy.a(stm32h7xx_hal_dma.o)
 .text.HAL_DMA_Init
                0x0000000008004b70      0x37c ../libDaisy/build/libdaisy.a(stm32h7xx_hal_dma.o)
                0x0000000008004b70                HAL_DMA_Init
 .text.HAL_DMA_Start_IT
                0x0000000008004eec      0x240 ../libDaisy/build/libdaisy.a(stm32h7xx_hal_dma.o)
                0x0000000008004eec                HAL_DMA_Start_IT
 .text.HAL_DMA_IRQHandler
                0x000000000800512c      0x6a0 ../libDaisy/build/libdaisy.a(stm32h7xx_hal_dma.o)
                0x000000000800512c                HAL_DMA_IRQHandler
 .text.HAL_DMA_GetError
                0x00000000080057cc        0x4 ../libDaisy/build/libdaisy.a(stm32h7xx_hal_dma.o)
                0x00000000080057cc                HAL_DMA_GetError
 .text.HAL_GPIO_Init
                0x00000000080057d0      0x280 ../libDaisy/build/libdaisy.a(stm32h7xx_hal_gpio.o)
                0x00000000080057d0                HAL_GPIO_Init
 .text.HAL_GPIO_DeInit
                0x0000000008005a50      0x190 ../libDaisy/build/libdaisy.a(stm32h7xx_hal_gpio.o)
                0x0000000008005a50                HAL_GPIO_DeInit
 .text.HAL_GPIO_WritePin
                0x0000000008005be0        0x8 ../libDaisy/build/libdaisy.a(stm32h7xx_hal_gpio.o)
                0x0000000008005be0                HAL_GPIO_WritePin
 .text.HAL_PCD_Init
                0x0000000008005be8      0x12c ../libDaisy/build/libdaisy.a(stm32h7xx_hal_pcd.o)
                0x0000000008005be8                HAL_PCD_Init
 .text.HAL_PCD_Start
                0x0000000008005d14       0x44 ../libDaisy/build/libdaisy.a(stm32h7xx_hal_pcd.o)
                0x0000000008005d14                HAL_PCD_Start
 .text.HAL_PCD_IRQHandler
                0x0000000008005d58      0x69c ../libDaisy/build/libdaisy.a(stm32h7xx_hal_pcd.o)
                0x0000000008005d58                HAL_PCD_IRQHandler
 .text.HAL_PCD_SetAddress
                0x00000000080063f4       0x2c ../libDaisy/build/libdaisy.a(stm32h7xx_hal_pcd.o)
                0x00000000080063f4                HAL_PCD_SetAddress
 .text.HAL_PCD_EP_Open
                0x0000000008006420       0x7c ../libDaisy/build/libdaisy.a(stm32h7xx_hal_pcd.o)
                0x0000000008006420                HAL_PCD_EP_Open
 .text.HAL_PCD_EP_Close
                0x000000000800649c       0x6c ../libDaisy/build/libdaisy.a(stm32h7xx_hal_pcd.o)
                0x000000000800649c                HAL_PCD_EP_Close
 .text.HAL_PCD_EP_Receive
                0x0000000008006508       0x50 ../libDaisy/build/libdaisy.a(stm32h7xx_hal_pcd.o)
                0x0000000008006508                HAL_PCD_EP_Receive
 .text.HAL_PCD_EP_GetRxCount
                0x0000000008006558       0x14 ../libDaisy/build/libdaisy.a(stm32h7xx_hal_pcd.o)
                0x0000000008006558                HAL_PCD_EP_GetRxCount
 .text.HAL_PCD_EP_Transmit
                0x000000000800656c       0x50 ../libDaisy/build/libdaisy.a(stm32h7xx_hal_pcd.o)
                0x000000000800656c                HAL_PCD_EP_Transmit
 .text.HAL_PCD_EP_SetStall
                0x00000000080065bc       0x88 ../libDaisy/build/libdaisy.a(stm32h7xx_hal_pcd.o)
                0x00000000080065bc                HAL_PCD_EP_SetStall
 .text.HAL_PCD_EP_ClrStall
                0x0000000008006644       0x78 ../libDaisy/build/libdaisy.a(stm32h7xx_hal_pcd.o)
                0x0000000008006644                HAL_PCD_EP_ClrStall
 .text.HAL_PCDEx_SetTxFiFo
                0x00000000080066bc       0x54 ../libDaisy/build/libdaisy.a(stm32h7xx_hal_pcd_ex.o)
                0x00000000080066bc                HAL_PCDEx_SetTxFiFo
 .text.HAL_PCDEx_SetRxFiFo
                0x0000000008006710        0xc ../libDaisy/build/libdaisy.a(stm32h7xx_hal_pcd_ex.o)
                0x0000000008006710                HAL_PCDEx_SetRxFiFo
 .text.HAL_PCDEx_ActivateLPM
                0x000000000800671c       0x30 ../libDaisy/build/libdaisy.a(stm32h7xx_hal_pcd_ex.o)
                0x000000000800671c                HAL_PCDEx_ActivateLPM
 .text.HAL_PCDEx_LPM_Callback
                0x000000000800674c        0x4 ../libDaisy/build/libdaisy.a(stm32h7xx_hal_pcd_ex.o)
                0x000000000800674c                HAL_PCDEx_LPM_Callback
 .text.HAL_PWREx_ConfigSupply
                0x0000000008006750       0x4c ../libDaisy/build/libdaisy.a(stm32h7xx_hal_pwr_ex.o)
                0x0000000008006750                HAL_PWREx_ConfigSupply
 .text.HAL_PWREx_EnableUSBVoltageDetector
                0x000000000800679c       0x10 ../libDaisy/build/libdaisy.a(stm32h7xx_hal_pwr_ex.o)
                0x000000000800679c                HAL_PWREx_EnableUSBVoltageDetector
 .text.QSPI_Config
                0x00000000080067ac      0x174 ../libDaisy/build/libdaisy.a(stm32h7xx_hal_qspi.o)
 .text.HAL_QSPI_Init
                0x0000000008006920       0xd8 ../libDaisy/build/libdaisy.a(stm32h7xx_hal_qspi.o)
                0x0000000008006920                HAL_QSPI_Init
 .text.HAL_QSPI_DeInit
                0x00000000080069f8       0x3c ../libDaisy/build/libdaisy.a(stm32h7xx_hal_qspi.o)
                0x00000000080069f8                HAL_QSPI_DeInit
 .text.HAL_QSPI_Command
                0x0000000008006a34       0xd4 ../libDaisy/build/libdaisy.a(stm32h7xx_hal_qspi.o)
                0x0000000008006a34                HAL_QSPI_Command
 .text.HAL_QSPI_Transmit
                0x0000000008006b08       0xfc ../libDaisy/build/libdaisy.a(stm32h7xx_hal_qspi.o)
                0x0000000008006b08                HAL_QSPI_Transmit
 .text.HAL_QSPI_Receive
                0x0000000008006c04      0x108 ../libDaisy/build/libdaisy.a(stm32h7xx_hal_qspi.o)
                0x0000000008006c04                HAL_QSPI_Receive
 .text.HAL_QSPI_AutoPolling
                0x0000000008006d0c       0xf0 ../libDaisy/build/libdaisy.a(stm32h7xx_hal_qspi.o)
                0x0000000008006d0c                HAL_QSPI_AutoPolling
 .text.HAL_QSPI_MemoryMapped
                0x0000000008006dfc       0xc0 ../libDaisy/build/libdaisy.a(stm32h7xx_hal_qspi.o)
                0x0000000008006dfc                HAL_QSPI_MemoryMapped
 .text.HAL_QSPI_ErrorCallback
                0x0000000008006ebc        0x4 ../libDaisy/build/libdaisy.a(stm32h7xx_hal_qspi.o)
                0x0000000008006ebc                HAL_QSPI_ErrorCallback
 .text.QSPI_DMAAbortCplt
                0x0000000008006ec0       0x38 ../libDaisy/build/libdaisy.a(stm32h7xx_hal_qspi.o)
 .text.HAL_QSPI_AbortCpltCallback
                0x0000000008006ef8        0x4 ../libDaisy/build/libdaisy.a(stm32h7xx_hal_qspi.o)
                0x0000000008006ef8                HAL_QSPI_AbortCpltCallback
 .text.HAL_QSPI_CmdCpltCallback
                0x0000000008006efc        0x4 ../libDaisy/build/libdaisy.a(stm32h7xx_hal_qspi.o)
                0x0000000008006efc                HAL_QSPI_CmdCpltCallback
 .text.HAL_QSPI_RxCpltCallback
                0x0000000008006f00        0x4 ../libDaisy/build/libdaisy.a(stm32h7xx_hal_qspi.o)
                0x0000000008006f00                HAL_QSPI_RxCpltCallback
 .text.HAL_QSPI_TxCpltCallback
                0x0000000008006f04        0x4 ../libDaisy/build/libdaisy.a(stm32h7xx_hal_qspi.o)
                0x0000000008006f04                HAL_QSPI_TxCpltCallback
 .text.HAL_QSPI_FifoThresholdCallback
                0x0000000008006f08        0x4 ../libDaisy/build/libdaisy.a(stm32h7xx_hal_qspi.o)
                0x0000000008006f08                HAL_QSPI_FifoThresholdCallback
 .text.HAL_QSPI_StatusMatchCallback
                0x0000000008006f0c        0x4 ../libDaisy/build/libdaisy.a(stm32h7xx_hal_qspi.o)
                0x0000000008006f0c                HAL_QSPI_StatusMatchCallback
 .text.HAL_QSPI_TimeOutCallback
                0x0000000008006f10        0x4 ../libDaisy/build/libdaisy.a(stm32h7xx_hal_qspi.o)
                0x0000000008006f10                HAL_QSPI_TimeOutCallback
 .text.HAL_QSPI_IRQHandler
                0x0000000008006f14      0x210 ../libDaisy/build/libdaisy.a(stm32h7xx_hal_qspi.o)
                0x0000000008006f14                HAL_QSPI_IRQHandler
 .text.HAL_RCC_OscConfig
                0x0000000008007124      0x51c ../libDaisy/build/libdaisy.a(stm32h7xx_hal_rcc.o)
                0x0000000008007124                HAL_RCC_OscConfig
 .text.HAL_RCC_GetSysClockFreq
                0x0000000008007640      0x140 ../libDaisy/build/libdaisy.a(stm32h7xx_hal_rcc.o)
                0x0000000008007640                HAL_RCC_GetSysClockFreq
 .text.HAL_RCC_ClockConfig
                0x0000000008007780      0x234 ../libDaisy/build/libdaisy.a(stm32h7xx_hal_rcc.o)
                0x0000000008007780                HAL_RCC_ClockConfig
 .text.HAL_RCC_GetHCLKFreq
                0x00000000080079b4       0x2c ../libDaisy/build/libdaisy.a(stm32h7xx_hal_rcc.o)
                0x00000000080079b4                HAL_RCC_GetHCLKFreq
 .text.RCCEx_PLL2_Config
                0x00000000080079e0       0xf4 ../libDaisy/build/libdaisy.a(stm32h7xx_hal_rcc_ex.o)
 .text.RCCEx_PLL3_Config
                0x0000000008007ad4       0xf4 ../libDaisy/build/libdaisy.a(stm32h7xx_hal_rcc_ex.o)
 .text.HAL_RCCEx_PeriphCLKConfig
                0x0000000008007bc8      0xa7c ../libDaisy/build/libdaisy.a(stm32h7xx_hal_rcc_ex.o)
                0x0000000008007bc8                HAL_RCCEx_PeriphCLKConfig
 .text.HAL_RCCEx_GetPLL2ClockFreq
                0x0000000008008644      0x17c ../libDaisy/build/libdaisy.a(stm32h7xx_hal_rcc_ex.o)
                0x0000000008008644                HAL_RCCEx_GetPLL2ClockFreq
 .text.HAL_RCCEx_GetPLL3ClockFreq
                0x00000000080087c0      0x17c ../libDaisy/build/libdaisy.a(stm32h7xx_hal_rcc_ex.o)
                0x00000000080087c0                HAL_RCCEx_GetPLL3ClockFreq
 .text.HAL_RCCEx_GetPLL1ClockFreq
                0x000000000800893c      0x17c ../libDaisy/build/libdaisy.a(stm32h7xx_hal_rcc_ex.o)
                0x000000000800893c                HAL_RCCEx_GetPLL1ClockFreq
 .text.HAL_RCCEx_GetPeriphCLKFreq
                0x0000000008008ab8      0x198 ../libDaisy/build/libdaisy.a(stm32h7xx_hal_rcc_ex.o)
                0x0000000008008ab8                HAL_RCCEx_GetPeriphCLKFreq
 .text.HAL_RCCEx_GetD1SysClockFreq
                0x0000000008008c50       0x2c ../libDaisy/build/libdaisy.a(stm32h7xx_hal_rcc_ex.o)
                0x0000000008008c50                HAL_RCCEx_GetD1SysClockFreq
 .text.HAL_SAI_Init.part.0
                0x0000000008008c7c      0x348 ../libDaisy/build/libdaisy.a(stm32h7xx_hal_sai.o)
 .text.HAL_SAI_InitProtocol
                0x0000000008008fc4      0x178 ../libDaisy/build/libdaisy.a(stm32h7xx_hal_sai.o)
                0x0000000008008fc4                HAL_SAI_InitProtocol
 .text.HAL_SAI_Transmit_DMA
                0x000000000800913c      0x124 ../libDaisy/build/libdaisy.a(stm32h7xx_hal_sai.o)
                0x000000000800913c                HAL_SAI_Transmit_DMA
 .text.HAL_SAI_Receive_DMA
                0x0000000008009260       0xd0 ../libDaisy/build/libdaisy.a(stm32h7xx_hal_sai.o)
                0x0000000008009260                HAL_SAI_Receive_DMA
 .text.HAL_SAI_TxCpltCallback
                0x0000000008009330        0x4 ../libDaisy/build/libdaisy.a(stm32h7xx_hal_sai.o)
                0x0000000008009330                HAL_SAI_TxCpltCallback
 .text.SAI_DMATxCplt
                0x0000000008009334       0x64 ../libDaisy/build/libdaisy.a(stm32h7xx_hal_sai.o)
 .text.HAL_SAI_TxHalfCpltCallback
                0x0000000008009398        0x4 ../libDaisy/build/libdaisy.a(stm32h7xx_hal_sai.o)
                0x0000000008009398                HAL_SAI_TxHalfCpltCallback
 .text.SAI_DMATxHalfCplt
                0x000000000800939c        0xc ../libDaisy/build/libdaisy.a(stm32h7xx_hal_sai.o)
 .text.SAI_DMARxCplt
                0x00000000080093a8       0x64 ../libDaisy/build/libdaisy.a(stm32h7xx_hal_sai.o)
 .text.SAI_DMARxHalfCplt
                0x000000000800940c        0xc ../libDaisy/build/libdaisy.a(stm32h7xx_hal_sai.o)
 .text.HAL_SAI_ErrorCallback
                0x0000000008009418        0x4 ../libDaisy/build/libdaisy.a(stm32h7xx_hal_sai.o)
                0x0000000008009418                HAL_SAI_ErrorCallback
 .text.SAI_DMAError
                0x000000000800941c       0x6c ../libDaisy/build/libdaisy.a(stm32h7xx_hal_sai.o)
 .text.HAL_SDRAM_Init
                0x0000000008009488       0x54 ../libDaisy/build/libdaisy.a(stm32h7xx_hal_sdram.o)
                0x0000000008009488                HAL_SDRAM_Init
 .text.HAL_SDRAM_SendCommand
                0x00000000080094dc       0x40 ../libDaisy/build/libdaisy.a(stm32h7xx_hal_sdram.o)
                0x00000000080094dc                HAL_SDRAM_SendCommand
 .text.HAL_SDRAM_ProgramRefreshRate
                0x000000000800951c       0x30 ../libDaisy/build/libdaisy.a(stm32h7xx_hal_sdram.o)
                0x000000000800951c                HAL_SDRAM_ProgramRefreshRate
 .text.FMC_SDRAM_Init
                0x000000000800954c       0x7c ../libDaisy/build/libdaisy.a(stm32h7xx_ll_fmc.o)
                0x000000000800954c                FMC_SDRAM_Init
 .text.FMC_SDRAM_Timing_Init
                0x00000000080095c8       0x98 ../libDaisy/build/libdaisy.a(stm32h7xx_ll_fmc.o)
                0x00000000080095c8                FMC_SDRAM_Timing_Init
 .text.FMC_SDRAM_SendCommand
                0x0000000008009660       0x28 ../libDaisy/build/libdaisy.a(stm32h7xx_ll_fmc.o)
                0x0000000008009660                FMC_SDRAM_SendCommand
 .text.FMC_SDRAM_ProgramRefreshRate
                0x0000000008009688       0x1c ../libDaisy/build/libdaisy.a(stm32h7xx_ll_fmc.o)
                0x0000000008009688                FMC_SDRAM_ProgramRefreshRate
 .text.USB_CoreInit
                0x00000000080096a4       0xfc ../libDaisy/build/libdaisy.a(stm32h7xx_ll_usb.o)
                0x00000000080096a4                USB_CoreInit
 .text.USB_SetTurnaroundTime
                0x00000000080097a0       0xf4 ../libDaisy/build/libdaisy.a(stm32h7xx_ll_usb.o)
                0x00000000080097a0                USB_SetTurnaroundTime
 .text.USB_EnableGlobalInt
                0x0000000008009894       0x10 ../libDaisy/build/libdaisy.a(stm32h7xx_ll_usb.o)
                0x0000000008009894                USB_EnableGlobalInt
 .text.USB_DisableGlobalInt
                0x00000000080098a4       0x10 ../libDaisy/build/libdaisy.a(stm32h7xx_ll_usb.o)
                0x00000000080098a4                USB_DisableGlobalInt
 .text.USB_SetCurrentMode
                0x00000000080098b4       0x30 ../libDaisy/build/libdaisy.a(stm32h7xx_ll_usb.o)
                0x00000000080098b4                USB_SetCurrentMode
 .text.USB_DevInit
                0x00000000080098e4      0x20c ../libDaisy/build/libdaisy.a(stm32h7xx_ll_usb.o)
                0x00000000080098e4                USB_DevInit
 .text.USB_FlushTxFifo
                0x0000000008009af0       0x24 ../libDaisy/build/libdaisy.a(stm32h7xx_ll_usb.o)
                0x0000000008009af0                USB_FlushTxFifo
 .text.USB_GetDevSpeed
                0x0000000008009b14       0x18 ../libDaisy/build/libdaisy.a(stm32h7xx_ll_usb.o)
                0x0000000008009b14                USB_GetDevSpeed
 .text.USB_ActivateEndpoint
                0x0000000008009b2c       0x90 ../libDaisy/build/libdaisy.a(stm32h7xx_ll_usb.o)
                0x0000000008009b2c                USB_ActivateEndpoint
 .text.USB_DeactivateEndpoint
                0x0000000008009bbc       0x84 ../libDaisy/build/libdaisy.a(stm32h7xx_ll_usb.o)
                0x0000000008009bbc                USB_DeactivateEndpoint
 .text.USB_EPStartXfer
                0x0000000008009c40      0x230 ../libDaisy/build/libdaisy.a(stm32h7xx_ll_usb.o)
                0x0000000008009c40                USB_EPStartXfer
 .text.USB_EP0StartXfer
                0x0000000008009e70      0x174 ../libDaisy/build/libdaisy.a(stm32h7xx_ll_usb.o)
                0x0000000008009e70                USB_EP0StartXfer
 .text.USB_WritePacket
                0x0000000008009fe4       0x2c ../libDaisy/build/libdaisy.a(stm32h7xx_ll_usb.o)
                0x0000000008009fe4                USB_WritePacket
 .text.USB_ReadPacket
                0x000000000800a010       0x20 ../libDaisy/build/libdaisy.a(stm32h7xx_ll_usb.o)
                0x000000000800a010                USB_ReadPacket
 .text.USB_EPSetStall
                0x000000000800a030       0x68 ../libDaisy/build/libdaisy.a(stm32h7xx_ll_usb.o)
                0x000000000800a030                USB_EPSetStall
 .text.USB_EPClearStall
                0x000000000800a098       0x58 ../libDaisy/build/libdaisy.a(stm32h7xx_ll_usb.o)
                0x000000000800a098                USB_EPClearStall
 .text.USB_SetDevAddress
                0x000000000800a0f0       0x24 ../libDaisy/build/libdaisy.a(stm32h7xx_ll_usb.o)
                0x000000000800a0f0                USB_SetDevAddress
 .text.USB_DevConnect
                0x000000000800a114       0x1c ../libDaisy/build/libdaisy.a(stm32h7xx_ll_usb.o)
                0x000000000800a114                USB_DevConnect
 .text.USB_DevDisconnect
                0x000000000800a130       0x1c ../libDaisy/build/libdaisy.a(stm32h7xx_ll_usb.o)
                0x000000000800a130                USB_DevDisconnect
 .text.USB_ReadInterrupts
                0x000000000800a14c        0x8 ../libDaisy/build/libdaisy.a(stm32h7xx_ll_usb.o)
                0x000000000800a14c                USB_ReadInterrupts
 .text.USB_ReadDevAllOutEpInterrupt
                0x000000000800a154       0x10 ../libDaisy/build/libdaisy.a(stm32h7xx_ll_usb.o)
                0x000000000800a154                USB_ReadDevAllOutEpInterrupt
 .text.USB_ReadDevAllInEpInterrupt
                0x000000000800a164       0x10 ../libDaisy/build/libdaisy.a(stm32h7xx_ll_usb.o)
                0x000000000800a164                USB_ReadDevAllInEpInterrupt
 .text.USB_ReadDevOutEPInterrupt
                0x000000000800a174       0x14 ../libDaisy/build/libdaisy.a(stm32h7xx_ll_usb.o)
                0x000000000800a174                USB_ReadDevOutEPInterrupt
 .text.USB_ReadDevInEPInterrupt
                0x000000000800a188       0x20 ../libDaisy/build/libdaisy.a(stm32h7xx_ll_usb.o)
                0x000000000800a188                USB_ReadDevInEPInterrupt
 .text.USB_GetMode
                0x000000000800a1a8        0x8 ../libDaisy/build/libdaisy.a(stm32h7xx_ll_usb.o)
                0x000000000800a1a8                USB_GetMode
 .text.USB_ActivateSetup
                0x000000000800a1b0       0x38 ../libDaisy/build/libdaisy.a(stm32h7xx_ll_usb.o)
                0x000000000800a1b0                USB_ActivateSetup
 .text.USB_EP0_OutStart
                0x000000000800a1e8       0x58 ../libDaisy/build/libdaisy.a(stm32h7xx_ll_usb.o)
                0x000000000800a1e8                USB_EP0_OutStart
 .text.USBD_CDC_EP0_RxReady
                0x000000000800a240       0x2c ../libDaisy/build/libdaisy.a(usbd_cdc.o)
 .text.USBD_CDC_GetFSCfgDesc
                0x000000000800a26c       0x10 ../libDaisy/build/libdaisy.a(usbd_cdc.o)
 .text.USBD_CDC_GetHSCfgDesc
                0x000000000800a27c       0x10 ../libDaisy/build/libdaisy.a(usbd_cdc.o)
 .text.USBD_CDC_GetOtherSpeedCfgDesc
                0x000000000800a28c       0x10 ../libDaisy/build/libdaisy.a(usbd_cdc.o)
 .text.USBD_CDC_GetDeviceQualifierDescriptor
                0x000000000800a29c       0x10 ../libDaisy/build/libdaisy.a(usbd_cdc.o)
                0x000000000800a29c                USBD_CDC_GetDeviceQualifierDescriptor
 .text.USBD_CDC_DataOut
                0x000000000800a2ac       0x30 ../libDaisy/build/libdaisy.a(usbd_cdc.o)
 .text.USBD_CDC_DataIn
                0x000000000800a2dc       0x50 ../libDaisy/build/libdaisy.a(usbd_cdc.o)
 .text.USBD_CDC_Setup
                0x000000000800a32c       0xcc ../libDaisy/build/libdaisy.a(usbd_cdc.o)
 .text.USBD_CDC_DeInit
                0x000000000800a3f8       0x44 ../libDaisy/build/libdaisy.a(usbd_cdc.o)
 .text.USBD_CDC_Init
                0x000000000800a43c       0x94 ../libDaisy/build/libdaisy.a(usbd_cdc.o)
 .text.USBD_CDC_RegisterInterface
                0x000000000800a4d0       0x10 ../libDaisy/build/libdaisy.a(usbd_cdc.o)
                0x000000000800a4d0                USBD_CDC_RegisterInterface
 .text.USBD_CDC_SetTxBuffer
                0x000000000800a4e0       0x14 ../libDaisy/build/libdaisy.a(usbd_cdc.o)
                0x000000000800a4e0                USBD_CDC_SetTxBuffer
 .text.USBD_CDC_SetRxBuffer
                0x000000000800a4f4       0x10 ../libDaisy/build/libdaisy.a(usbd_cdc.o)
                0x000000000800a4f4                USBD_CDC_SetRxBuffer
 .text.USBD_CDC_TransmitPacket
                0x000000000800a504       0x34 ../libDaisy/build/libdaisy.a(usbd_cdc.o)
                0x000000000800a504                USBD_CDC_TransmitPacket
 .text.USBD_CDC_ReceivePacket
                0x000000000800a538       0x38 ../libDaisy/build/libdaisy.a(usbd_cdc.o)
                0x000000000800a538                USBD_CDC_ReceivePacket
 .text.USBD_Init
                0x000000000800a570       0x44 ../libDaisy/build/libdaisy.a(usbd_core.o)
                0x000000000800a570                USBD_Init
 .text.USBD_RegisterClass
                0x000000000800a5b4       0x2c ../libDaisy/build/libdaisy.a(usbd_core.o)
                0x000000000800a5b4                USBD_RegisterClass
 .text.USBD_Start
                0x000000000800a5e0        0xc ../libDaisy/build/libdaisy.a(usbd_core.o)
                0x000000000800a5e0                USBD_Start
 .text.USBD_SetClassConfig
                0x000000000800a5ec       0x14 ../libDaisy/build/libdaisy.a(usbd_core.o)
                0x000000000800a5ec                USBD_SetClassConfig
 .text.USBD_ClrClassConfig
                0x000000000800a600       0x10 ../libDaisy/build/libdaisy.a(usbd_core.o)
                0x000000000800a600                USBD_ClrClassConfig
 .text.USBD_LL_SetupStage
                0x000000000800a610       0x5c ../libDaisy/build/libdaisy.a(usbd_core.o)
                0x000000000800a610                USBD_LL_SetupStage
 .text.USBD_LL_DataOutStage
                0x000000000800a66c       0x7c ../libDaisy/build/libdaisy.a(usbd_core.o)
                0x000000000800a66c                USBD_LL_DataOutStage
 .text.USBD_LL_DataInStage
                0x000000000800a6e8       0xcc ../libDaisy/build/libdaisy.a(usbd_core.o)
                0x000000000800a6e8                USBD_LL_DataInStage
 .text.USBD_LL_Reset
                0x000000000800a7b4       0x50 ../libDaisy/build/libdaisy.a(usbd_core.o)
                0x000000000800a7b4                USBD_LL_Reset
 .text.USBD_LL_SetSpeed
                0x000000000800a804        0x8 ../libDaisy/build/libdaisy.a(usbd_core.o)
                0x000000000800a804                USBD_LL_SetSpeed
 .text.USBD_LL_Suspend
                0x000000000800a80c       0x14 ../libDaisy/build/libdaisy.a(usbd_core.o)
                0x000000000800a80c                USBD_LL_Suspend
 .text.USBD_LL_Resume
                0x000000000800a820       0x10 ../libDaisy/build/libdaisy.a(usbd_core.o)
                0x000000000800a820                USBD_LL_Resume
 .text.USBD_LL_SOF
                0x000000000800a830       0x1c ../libDaisy/build/libdaisy.a(usbd_core.o)
                0x000000000800a830                USBD_LL_SOF
 .text.USBD_LL_IsoINIncomplete
                0x000000000800a84c        0x4 ../libDaisy/build/libdaisy.a(usbd_core.o)
                0x000000000800a84c                USBD_LL_IsoINIncomplete
 .text.USBD_LL_IsoOUTIncomplete
                0x000000000800a850        0x4 ../libDaisy/build/libdaisy.a(usbd_core.o)
                0x000000000800a850                USBD_LL_IsoOUTIncomplete
 .text.USBD_LL_DevConnected
                0x000000000800a854        0x4 ../libDaisy/build/libdaisy.a(usbd_core.o)
                0x000000000800a854                USBD_LL_DevConnected
 .text.USBD_LL_DevDisconnected
                0x000000000800a858       0x18 ../libDaisy/build/libdaisy.a(usbd_core.o)
                0x000000000800a858                USBD_LL_DevDisconnected
 .text.USBD_StdDevReq
                0x000000000800a870      0x2f4 ../libDaisy/build/libdaisy.a(usbd_ctlreq.o)
                0x000000000800a870                USBD_StdDevReq
 .text.USBD_StdItfReq
                0x000000000800ab64       0x68 ../libDaisy/build/libdaisy.a(usbd_ctlreq.o)
                0x000000000800ab64                USBD_StdItfReq
 .text.USBD_StdEPReq
                0x000000000800abcc      0x13c ../libDaisy/build/libdaisy.a(usbd_ctlreq.o)
                0x000000000800abcc                USBD_StdEPReq
 .text.USBD_ParseSetupRequest
                0x000000000800ad08       0x28 ../libDaisy/build/libdaisy.a(usbd_ctlreq.o)
                0x000000000800ad08                USBD_ParseSetupRequest
 .text.USBD_CtlError
                0x000000000800ad30       0x18 ../libDaisy/build/libdaisy.a(usbd_ctlreq.o)
                0x000000000800ad30                USBD_CtlError
 .text.USBD_GetString
                0x000000000800ad48       0x54 ../libDaisy/build/libdaisy.a(usbd_ctlreq.o)
                0x000000000800ad48                USBD_GetString
 .text.USBD_CtlSendData
                0x000000000800ad9c       0x1c ../libDaisy/build/libdaisy.a(usbd_ioreq.o)
                0x000000000800ad9c                USBD_CtlSendData
 .text.USBD_CtlContinueSendData
                0x000000000800adb8       0x14 ../libDaisy/build/libdaisy.a(usbd_ioreq.o)
                0x000000000800adb8                USBD_CtlContinueSendData
 .text.USBD_CtlPrepareRx
                0x000000000800adcc       0x1c ../libDaisy/build/libdaisy.a(usbd_ioreq.o)
                0x000000000800adcc                USBD_CtlPrepareRx
 .text.USBD_CtlContinueRx
                0x000000000800ade8       0x14 ../libDaisy/build/libdaisy.a(usbd_ioreq.o)
                0x000000000800ade8                USBD_CtlContinueRx
 .text.USBD_CtlSendStatus
                0x000000000800adfc       0x18 ../libDaisy/build/libdaisy.a(usbd_ioreq.o)
                0x000000000800adfc                USBD_CtlSendStatus
 .text.USBD_CtlReceiveStatus
                0x000000000800ae14       0x18 ../libDaisy/build/libdaisy.a(usbd_ioreq.o)
                0x000000000800ae14                USBD_CtlReceiveStatus
 .text.dsy_i2c_global_init
                0x000000000800ae2c       0x78 ../libDaisy/build/libdaisy.a(i2c.o)
                0x000000000800ae2c                dsy_i2c_global_init
 .text.DMA1_Stream6_IRQHandler
                0x000000000800aea4       0x34 ../libDaisy/build/libdaisy.a(i2c.o)
                0x000000000800aea4                DMA1_Stream6_IRQHandler
 .text.I2C1_EV_IRQHandler
                0x000000000800aed8        0xc ../libDaisy/build/libdaisy.a(i2c.o)
                0x000000000800aed8                I2C1_EV_IRQHandler
 .text.I2C2_EV_IRQHandler
                0x000000000800aee4        0xc ../libDaisy/build/libdaisy.a(i2c.o)
                0x000000000800aee4                I2C2_EV_IRQHandler
 .text.I2C3_EV_IRQHandler
                0x000000000800aef0        0xc ../libDaisy/build/libdaisy.a(i2c.o)
                0x000000000800aef0                I2C3_EV_IRQHandler
 .text.startup._GLOBAL__sub_I__ZN5daisy9I2CHandle4Impl10GlobalInitEv
                0x000000000800aefc       0x18 ../libDaisy/build/libdaisy.a(i2c.o)
 .text.HAL_TIM_Base_MspInit
                0x000000000800af14       0xcc ../libDaisy/build/libdaisy.a(tim.o)
                0x000000000800af14                HAL_TIM_Base_MspInit
 .text._ZN5daisy11TimerHandle4InitERKNS0_6ConfigE
                0x000000000800afe0       0xc4 ../libDaisy/build/libdaisy.a(tim.o)
                0x000000000800afe0                daisy::TimerHandle::Init(daisy::TimerHandle::Config const&)
 .text._ZN5daisy11TimerHandle5StartEv
                0x000000000800b0a4       0x14 ../libDaisy/build/libdaisy.a(tim.o)
                0x000000000800b0a4                daisy::TimerHandle::Start()
 .text.dsy_dma_init
                0x000000000800b0b8       0xd0 ../libDaisy/build/libdaisy.a(dma.o)
                0x000000000800b0b8                dsy_dma_init
 .text.HAL_I2C_EV_IRQHandler
                0x000000000800b188       0x10 ../libDaisy/build/libdaisy.a(stm32h7xx_hal_i2c.o)
                0x000000000800b188                HAL_I2C_EV_IRQHandler
 .text.HAL_MDMA_Abort_IT
                0x000000000800b198       0x2c ../libDaisy/build/libdaisy.a(stm32h7xx_hal_mdma.o)
                0x000000000800b198                HAL_MDMA_Abort_IT
 .text.HAL_TIM_Base_Init
                0x000000000800b1c4      0x140 ../libDaisy/build/libdaisy.a(stm32h7xx_hal_tim.o)
                0x000000000800b1c4                HAL_TIM_Base_Init
 .text.HAL_TIM_Base_Start
                0x000000000800b304       0x34 ../libDaisy/build/libdaisy.a(stm32h7xx_hal_tim.o)
                0x000000000800b304                HAL_TIM_Base_Start
 .text.HAL_TIM_ConfigClockSource
                0x000000000800b338      0x17c ../libDaisy/build/libdaisy.a(stm32h7xx_hal_tim.o)
                0x000000000800b338                HAL_TIM_ConfigClockSource
 .text.HAL_TIMEx_MasterConfigSynchronization
                0x000000000800b4b4       0x64 ../libDaisy/build/libdaisy.a(stm32h7xx_hal_tim_ex.o)
                0x000000000800b4b4                HAL_TIMEx_MasterConfigSynchronization
 .text._ZN7daisysp23VariableShapeOscillator4InitEf
                0x000000000800b518       0xa4 ../DaisySP/build/libdaisysp.a(variableshapeosc.o)
                0x000000000800b518                daisysp::VariableShapeOscillator::Init(float)
 .text._ZN7daisysp23VariableShapeOscillator7ProcessEv
                0x000000000800b5bc      0x2c4 ../DaisySP/build/libdaisysp.a(variableshapeosc.o)
                0x000000000800b5bc                daisysp::VariableShapeOscillator::Process()
 .text._ZN7daisysp23VariableShapeOscillator7SetFreqEf
                0x000000000800b880       0x20 ../DaisySP/build/libdaisysp.a(variableshapeosc.o)
                0x000000000800b880                daisysp::VariableShapeOscillator::SetFreq(float)
 .text.__aeabi_atexit
                0x000000000800b8a0        0xa /usr/local/Caskroom/gcc-arm-embedded/10-2020-q4-major/gcc-arm-none-eabi-10-2020-q4-major/bin/../lib/gcc/arm-none-eabi/10.2.1/../../../../arm-none-eabi/lib/thumb/v7e-m+dp/hard/libstdc++_nano.a(atexit_arm.o)
                0x000000000800b8a0                __aeabi_atexit
 *fill*         0x000000000800b8aa        0x2 
 .text.calloc   0x000000000800b8ac       0x10 /usr/local/Caskroom/gcc-arm-embedded/10-2020-q4-major/gcc-arm-none-eabi-10-2020-q4-major/bin/../lib/gcc/arm-none-eabi/10.2.1/../../../../arm-none-eabi/lib/thumb/v7e-m+dp/hard/libc_nano.a(lib_a-calloc.o)
                0x000000000800b8ac                calloc
 .text.__cxa_atexit
                0x000000000800b8bc       0x1c /usr/local/Caskroom/gcc-arm-embedded/10-2020-q4-major/gcc-arm-none-eabi-10-2020-q4-major/bin/../lib/gcc/arm-none-eabi/10.2.1/../../../../arm-none-eabi/lib/thumb/v7e-m+dp/hard/libc_nano.a(lib_a-cxa_atexit.o)
                0x000000000800b8bc                __cxa_atexit
 .text.__libc_init_array
                0x000000000800b8d8       0x48 /usr/local/Caskroom/gcc-arm-embedded/10-2020-q4-major/gcc-arm-none-eabi-10-2020-q4-major/bin/../lib/gcc/arm-none-eabi/10.2.1/../../../../arm-none-eabi/lib/thumb/v7e-m+dp/hard/libc_nano.a(lib_a-init.o)
                0x000000000800b8d8                __libc_init_array
 .text.free     0x000000000800b920       0x10 /usr/local/Caskroom/gcc-arm-embedded/10-2020-q4-major/gcc-arm-none-eabi-10-2020-q4-major/bin/../lib/gcc/arm-none-eabi/10.2.1/../../../../arm-none-eabi/lib/thumb/v7e-m+dp/hard/libc_nano.a(lib_a-malloc.o)
                0x000000000800b920                free
 .text.memcpy   0x000000000800b930       0x1c /usr/local/Caskroom/gcc-arm-embedded/10-2020-q4-major/gcc-arm-none-eabi-10-2020-q4-major/bin/../lib/gcc/arm-none-eabi/10.2.1/../../../../arm-none-eabi/lib/thumb/v7e-m+dp/hard/libc_nano.a(lib_a-memcpy-stub.o)
                0x000000000800b930                memcpy
 .text.memset   0x000000000800b94c       0x10 /usr/local/Caskroom/gcc-arm-embedded/10-2020-q4-major/gcc-arm-none-eabi-10-2020-q4-major/bin/../lib/gcc/arm-none-eabi/10.2.1/../../../../arm-none-eabi/lib/thumb/v7e-m+dp/hard/libc_nano.a(lib_a-memset.o)
                0x000000000800b94c                memset
 .text._calloc_r
                0x000000000800b95c       0x1e /usr/local/Caskroom/gcc-arm-embedded/10-2020-q4-major/gcc-arm-none-eabi-10-2020-q4-major/bin/../lib/gcc/arm-none-eabi/10.2.1/../../../../arm-none-eabi/lib/thumb/v7e-m+dp/hard/libc_nano.a(lib_a-nano-callocr.o)
                0x000000000800b95c                _calloc_r
 *fill*         0x000000000800b97a        0x2 
 .text._free_r  0x000000000800b97c       0x98 /usr/local/Caskroom/gcc-arm-embedded/10-2020-q4-major/gcc-arm-none-eabi-10-2020-q4-major/bin/../lib/gcc/arm-none-eabi/10.2.1/../../../../arm-none-eabi/lib/thumb/v7e-m+dp/hard/libc_nano.a(lib_a-nano-freer.o)
                0x000000000800b97c                _free_r
 .text._malloc_r
                0x000000000800ba14       0xb4 /usr/local/Caskroom/gcc-arm-embedded/10-2020-q4-major/gcc-arm-none-eabi-10-2020-q4-major/bin/../lib/gcc/arm-none-eabi/10.2.1/../../../../arm-none-eabi/lib/thumb/v7e-m+dp/hard/libc_nano.a(lib_a-nano-mallocr.o)
                0x000000000800ba14                _malloc_r
 .text.printf   0x000000000800bac8       0x30 /usr/local/Caskroom/gcc-arm-embedded/10-2020-q4-major/gcc-arm-none-eabi-10-2020-q4-major/bin/../lib/gcc/arm-none-eabi/10.2.1/../../../../arm-none-eabi/lib/thumb/v7e-m+dp/hard/libc_nano.a(lib_a-printf.o)
                0x000000000800bac8                printf
                0x000000000800bac8                iprintf
 .text.putchar  0x000000000800baf8       0x2c /usr/local/Caskroom/gcc-arm-embedded/10-2020-q4-major/gcc-arm-none-eabi-10-2020-q4-major/bin/../lib/gcc/arm-none-eabi/10.2.1/../../../../arm-none-eabi/lib/thumb/v7e-m+dp/hard/libc_nano.a(lib_a-putchar.o)
                0x000000000800baf8                putchar
 .text._sbrk_r  0x000000000800bb24       0x20 /usr/local/Caskroom/gcc-arm-embedded/10-2020-q4-major/gcc-arm-none-eabi-10-2020-q4-major/bin/../lib/gcc/arm-none-eabi/10.2.1/../../../../arm-none-eabi/lib/thumb/v7e-m+dp/hard/libc_nano.a(lib_a-sbrkr.o)
                0x000000000800bb24                _sbrk_r
 .text._vsnprintf_r
                0x000000000800bb44       0x56 /usr/local/Caskroom/gcc-arm-embedded/10-2020-q4-major/gcc-arm-none-eabi-10-2020-q4-major/bin/../lib/gcc/arm-none-eabi/10.2.1/../../../../arm-none-eabi/lib/thumb/v7e-m+dp/hard/libc_nano.a(lib_a-vsnprintf.o)
                0x000000000800bb44                _vsnprintf_r
                0x000000000800bb44                _vsniprintf_r
 *fill*         0x000000000800bb9a        0x2 
 .text.vsnprintf
                0x000000000800bb9c       0x1c /usr/local/Caskroom/gcc-arm-embedded/10-2020-q4-major/gcc-arm-none-eabi-10-2020-q4-major/bin/../lib/gcc/arm-none-eabi/10.2.1/../../../../arm-none-eabi/lib/thumb/v7e-m+dp/hard/libc_nano.a(lib_a-vsnprintf.o)
                0x000000000800bb9c                vsnprintf
                0x000000000800bb9c                vsniprintf
 .text._write_r
                0x000000000800bbb8       0x24 /usr/local/Caskroom/gcc-arm-embedded/10-2020-q4-major/gcc-arm-none-eabi-10-2020-q4-major/bin/../lib/gcc/arm-none-eabi/10.2.1/../../../../arm-none-eabi/lib/thumb/v7e-m+dp/hard/libc_nano.a(lib_a-writer.o)
                0x000000000800bbb8                _write_r
 .text.std      0x000000000800bbdc       0x48 /usr/local/Caskroom/gcc-arm-embedded/10-2020-q4-major/gcc-arm-none-eabi-10-2020-q4-major/bin/../lib/gcc/arm-none-eabi/10.2.1/../../../../arm-none-eabi/lib/thumb/v7e-m+dp/hard/libc_nano.a(lib_a-findfp.o)
 .text._cleanup_r
                0x000000000800bc24        0xc /usr/local/Caskroom/gcc-arm-embedded/10-2020-q4-major/gcc-arm-none-eabi-10-2020-q4-major/bin/../lib/gcc/arm-none-eabi/10.2.1/../../../../arm-none-eabi/lib/thumb/v7e-m+dp/hard/libc_nano.a(lib_a-findfp.o)
                0x000000000800bc24                _cleanup_r
 .text.__sfmoreglue
                0x000000000800bc30       0x2c /usr/local/Caskroom/gcc-arm-embedded/10-2020-q4-major/gcc-arm-none-eabi-10-2020-q4-major/bin/../lib/gcc/arm-none-eabi/10.2.1/../../../../arm-none-eabi/lib/thumb/v7e-m+dp/hard/libc_nano.a(lib_a-findfp.o)
                0x000000000800bc30                __sfmoreglue
 .text.__sfp_lock_acquire
                0x000000000800bc5c        0xc /usr/local/Caskroom/gcc-arm-embedded/10-2020-q4-major/gcc-arm-none-eabi-10-2020-q4-major/bin/../lib/gcc/arm-none-eabi/10.2.1/../../../../arm-none-eabi/lib/thumb/v7e-m+dp/hard/libc_nano.a(lib_a-findfp.o)
                0x000000000800bc5c                __sfp_lock_acquire
 .text.__sfp_lock_release
                0x000000000800bc68        0xc /usr/local/Caskroom/gcc-arm-embedded/10-2020-q4-major/gcc-arm-none-eabi-10-2020-q4-major/bin/../lib/gcc/arm-none-eabi/10.2.1/../../../../arm-none-eabi/lib/thumb/v7e-m+dp/hard/libc_nano.a(lib_a-findfp.o)
                0x000000000800bc68                __sfp_lock_release
 .text.__sinit_lock_acquire
                0x000000000800bc74        0xc /usr/local/Caskroom/gcc-arm-embedded/10-2020-q4-major/gcc-arm-none-eabi-10-2020-q4-major/bin/../lib/gcc/arm-none-eabi/10.2.1/../../../../arm-none-eabi/lib/thumb/v7e-m+dp/hard/libc_nano.a(lib_a-findfp.o)
                0x000000000800bc74                __sinit_lock_acquire
 .text.__sinit_lock_release
                0x000000000800bc80        0xc /usr/local/Caskroom/gcc-arm-embedded/10-2020-q4-major/gcc-arm-none-eabi-10-2020-q4-major/bin/../lib/gcc/arm-none-eabi/10.2.1/../../../../arm-none-eabi/lib/thumb/v7e-m+dp/hard/libc_nano.a(lib_a-findfp.o)
                0x000000000800bc80                __sinit_lock_release
 .text.__sinit  0x000000000800bc8c       0x70 /usr/local/Caskroom/gcc-arm-embedded/10-2020-q4-major/gcc-arm-none-eabi-10-2020-q4-major/bin/../lib/gcc/arm-none-eabi/10.2.1/../../../../arm-none-eabi/lib/thumb/v7e-m+dp/hard/libc_nano.a(lib_a-findfp.o)
                0x000000000800bc8c                __sinit
 .text.__sfp    0x000000000800bcfc       0x8c /usr/local/Caskroom/gcc-arm-embedded/10-2020-q4-major/gcc-arm-none-eabi-10-2020-q4-major/bin/../lib/gcc/arm-none-eabi/10.2.1/../../../../arm-none-eabi/lib/thumb/v7e-m+dp/hard/libc_nano.a(lib_a-findfp.o)
                0x000000000800bcfc                __sfp
 .text._fwalk_reent
                0x000000000800bd88       0x3e /usr/local/Caskroom/gcc-arm-embedded/10-2020-q4-major/gcc-arm-none-eabi-10-2020-q4-major/bin/../lib/gcc/arm-none-eabi/10.2.1/../../../../arm-none-eabi/lib/thumb/v7e-m+dp/hard/libc_nano.a(lib_a-fwalk.o)
                0x000000000800bd88                _fwalk_reent
 .text.__retarget_lock_init_recursive
                0x000000000800bdc6        0x2 /usr/local/Caskroom/gcc-arm-embedded/10-2020-q4-major/gcc-arm-none-eabi-10-2020-q4-major/bin/../lib/gcc/arm-none-eabi/10.2.1/../../../../arm-none-eabi/lib/thumb/v7e-m+dp/hard/libc_nano.a(lib_a-lock.o)
                0x000000000800bdc6                __retarget_lock_init_recursive
 .text.__retarget_lock_acquire_recursive
                0x000000000800bdc8        0x2 /usr/local/Caskroom/gcc-arm-embedded/10-2020-q4-major/gcc-arm-none-eabi-10-2020-q4-major/bin/../lib/gcc/arm-none-eabi/10.2.1/../../../../arm-none-eabi/lib/thumb/v7e-m+dp/hard/libc_nano.a(lib_a-lock.o)
                0x000000000800bdc8                __retarget_lock_acquire_recursive
 .text.__retarget_lock_release_recursive
                0x000000000800bdca        0x2 /usr/local/Caskroom/gcc-arm-embedded/10-2020-q4-major/gcc-arm-none-eabi-10-2020-q4-major/bin/../lib/gcc/arm-none-eabi/10.2.1/../../../../arm-none-eabi/lib/thumb/v7e-m+dp/hard/libc_nano.a(lib_a-lock.o)
                0x000000000800bdca                __retarget_lock_release_recursive
 .text.__malloc_lock
                0x000000000800bdcc        0xc /usr/local/Caskroom/gcc-arm-embedded/10-2020-q4-major/gcc-arm-none-eabi-10-2020-q4-major/bin/../lib/gcc/arm-none-eabi/10.2.1/../../../../arm-none-eabi/lib/thumb/v7e-m+dp/hard/libc_nano.a(lib_a-mlock.o)
                0x000000000800bdcc                __malloc_lock
 .text.__malloc_unlock
                0x000000000800bdd8        0xc /usr/local/Caskroom/gcc-arm-embedded/10-2020-q4-major/gcc-arm-none-eabi-10-2020-q4-major/bin/../lib/gcc/arm-none-eabi/10.2.1/../../../../arm-none-eabi/lib/thumb/v7e-m+dp/hard/libc_nano.a(lib_a-mlock.o)
                0x000000000800bdd8                __malloc_unlock
 .text.__ssputs_r
                0x000000000800bde4       0xb6 /usr/local/Caskroom/gcc-arm-embedded/10-2020-q4-major/gcc-arm-none-eabi-10-2020-q4-major/bin/../lib/gcc/arm-none-eabi/10.2.1/../../../../arm-none-eabi/lib/thumb/v7e-m+dp/hard/libc_nano.a(lib_a-nano-svfprintf.o)
                0x000000000800bde4                __ssputs_r
 *fill*         0x000000000800be9a        0x2 
 .text._svfprintf_r
                0x000000000800be9c      0x200 /usr/local/Caskroom/gcc-arm-embedded/10-2020-q4-major/gcc-arm-none-eabi-10-2020-q4-major/bin/../lib/gcc/arm-none-eabi/10.2.1/../../../../arm-none-eabi/lib/thumb/v7e-m+dp/hard/libc_nano.a(lib_a-nano-svfprintf.o)
                0x000000000800be9c                _svfprintf_r
                0x000000000800be9c                _svfiprintf_r
 .text.__sfputc_r
                0x000000000800c09c       0x2e /usr/local/Caskroom/gcc-arm-embedded/10-2020-q4-major/gcc-arm-none-eabi-10-2020-q4-major/bin/../lib/gcc/arm-none-eabi/10.2.1/../../../../arm-none-eabi/lib/thumb/v7e-m+dp/hard/libc_nano.a(lib_a-nano-vfprintf.o)
 .text.__sfputs_r
                0x000000000800c0ca       0x24 /usr/local/Caskroom/gcc-arm-embedded/10-2020-q4-major/gcc-arm-none-eabi-10-2020-q4-major/bin/../lib/gcc/arm-none-eabi/10.2.1/../../../../arm-none-eabi/lib/thumb/v7e-m+dp/hard/libc_nano.a(lib_a-nano-vfprintf.o)
                0x000000000800c0ca                __sfputs_r
 *fill*         0x000000000800c0ee        0x2 
 .text._vfprintf_r
                0x000000000800c0f0      0x260 /usr/local/Caskroom/gcc-arm-embedded/10-2020-q4-major/gcc-arm-none-eabi-10-2020-q4-major/bin/../lib/gcc/arm-none-eabi/10.2.1/../../../../arm-none-eabi/lib/thumb/v7e-m+dp/hard/libc_nano.a(lib_a-nano-vfprintf.o)
                0x000000000800c0f0                _vfiprintf_r
                0x000000000800c0f0                _vfprintf_r
 .text._printf_common
                0x000000000800c350       0xda /usr/local/Caskroom/gcc-arm-embedded/10-2020-q4-major/gcc-arm-none-eabi-10-2020-q4-major/bin/../lib/gcc/arm-none-eabi/10.2.1/../../../../arm-none-eabi/lib/thumb/v7e-m+dp/hard/libc_nano.a(lib_a-nano-vfprintf_i.o)
                0x000000000800c350                _printf_common
 *fill*         0x000000000800c42a        0x2 
 .text._printf_i
                0x000000000800c42c      0x24c /usr/local/Caskroom/gcc-arm-embedded/10-2020-q4-major/gcc-arm-none-eabi-10-2020-q4-major/bin/../lib/gcc/arm-none-eabi/10.2.1/../../../../arm-none-eabi/lib/thumb/v7e-m+dp/hard/libc_nano.a(lib_a-nano-vfprintf_i.o)
                0x000000000800c42c                _printf_i
 .text._putc_r  0x000000000800c678       0x90 /usr/local/Caskroom/gcc-arm-embedded/10-2020-q4-major/gcc-arm-none-eabi-10-2020-q4-major/bin/../lib/gcc/arm-none-eabi/10.2.1/../../../../arm-none-eabi/lib/thumb/v7e-m+dp/hard/libc_nano.a(lib_a-putc.o)
                0x000000000800c678                _putc_r
 .text.__sread  0x000000000800c708       0x22 /usr/local/Caskroom/gcc-arm-embedded/10-2020-q4-major/gcc-arm-none-eabi-10-2020-q4-major/bin/../lib/gcc/arm-none-eabi/10.2.1/../../../../arm-none-eabi/lib/thumb/v7e-m+dp/hard/libc_nano.a(lib_a-stdio.o)
                0x000000000800c708                __sread
 .text.__swrite
                0x000000000800c72a       0x38 /usr/local/Caskroom/gcc-arm-embedded/10-2020-q4-major/gcc-arm-none-eabi-10-2020-q4-major/bin/../lib/gcc/arm-none-eabi/10.2.1/../../../../arm-none-eabi/lib/thumb/v7e-m+dp/hard/libc_nano.a(lib_a-stdio.o)
                0x000000000800c72a                __swrite
 .text.__sseek  0x000000000800c762       0x24 /usr/local/Caskroom/gcc-arm-embedded/10-2020-q4-major/gcc-arm-none-eabi-10-2020-q4-major/bin/../lib/gcc/arm-none-eabi/10.2.1/../../../../arm-none-eabi/lib/thumb/v7e-m+dp/hard/libc_nano.a(lib_a-stdio.o)
                0x000000000800c762                __sseek
 .text.__sclose
                0x000000000800c786        0x8 /usr/local/Caskroom/gcc-arm-embedded/10-2020-q4-major/gcc-arm-none-eabi-10-2020-q4-major/bin/../lib/gcc/arm-none-eabi/10.2.1/../../../../arm-none-eabi/lib/thumb/v7e-m+dp/hard/libc_nano.a(lib_a-stdio.o)
                0x000000000800c786                __sclose
 *fill*         0x000000000800c78e        0x2 
 .text.__swbuf_r
                0x000000000800c790       0xa4 /usr/local/Caskroom/gcc-arm-embedded/10-2020-q4-major/gcc-arm-none-eabi-10-2020-q4-major/bin/../lib/gcc/arm-none-eabi/10.2.1/../../../../arm-none-eabi/lib/thumb/v7e-m+dp/hard/libc_nano.a(lib_a-wbuf.o)
                0x000000000800c790                __swbuf_r
 .text.__swsetup_r
                0x000000000800c834       0xdc /usr/local/Caskroom/gcc-arm-embedded/10-2020-q4-major/gcc-arm-none-eabi-10-2020-q4-major/bin/../lib/gcc/arm-none-eabi/10.2.1/../../../../arm-none-eabi/lib/thumb/v7e-m+dp/hard/libc_nano.a(lib_a-wsetup.o)
                0x000000000800c834                __swsetup_r
 .text._close_r
                0x000000000800c910       0x20 /usr/local/Caskroom/gcc-arm-embedded/10-2020-q4-major/gcc-arm-none-eabi-10-2020-q4-major/bin/../lib/gcc/arm-none-eabi/10.2.1/../../../../arm-none-eabi/lib/thumb/v7e-m+dp/hard/libc_nano.a(lib_a-closer.o)
                0x000000000800c910                _close_r
 .text.__sflush_r
                0x000000000800c930      0x10c /usr/local/Caskroom/gcc-arm-embedded/10-2020-q4-major/gcc-arm-none-eabi-10-2020-q4-major/bin/../lib/gcc/arm-none-eabi/10.2.1/../../../../arm-none-eabi/lib/thumb/v7e-m+dp/hard/libc_nano.a(lib_a-fflush.o)
                0x000000000800c930                __sflush_r
 .text._fflush_r
                0x000000000800ca3c       0x78 /usr/local/Caskroom/gcc-arm-embedded/10-2020-q4-major/gcc-arm-none-eabi-10-2020-q4-major/bin/../lib/gcc/arm-none-eabi/10.2.1/../../../../arm-none-eabi/lib/thumb/v7e-m+dp/hard/libc_nano.a(lib_a-fflush.o)
                0x000000000800ca3c                _fflush_r
 .text._lseek_r
                0x000000000800cab4       0x24 /usr/local/Caskroom/gcc-arm-embedded/10-2020-q4-major/gcc-arm-none-eabi-10-2020-q4-major/bin/../lib/gcc/arm-none-eabi/10.2.1/../../../../arm-none-eabi/lib/thumb/v7e-m+dp/hard/libc_nano.a(lib_a-lseekr.o)
                0x000000000800cab4                _lseek_r
 .text.__swhatbuf_r
                0x000000000800cad8       0x4a /usr/local/Caskroom/gcc-arm-embedded/10-2020-q4-major/gcc-arm-none-eabi-10-2020-q4-major/bin/../lib/gcc/arm-none-eabi/10.2.1/../../../../arm-none-eabi/lib/thumb/v7e-m+dp/hard/libc_nano.a(lib_a-makebuf.o)
                0x000000000800cad8                __swhatbuf_r
 *fill*         0x000000000800cb22        0x2 
 .text.__smakebuf_r
                0x000000000800cb24       0x80 /usr/local/Caskroom/gcc-arm-embedded/10-2020-q4-major/gcc-arm-none-eabi-10-2020-q4-major/bin/../lib/gcc/arm-none-eabi/10.2.1/../../../../arm-none-eabi/lib/thumb/v7e-m+dp/hard/libc_nano.a(lib_a-makebuf.o)
                0x000000000800cb24                __smakebuf_r
 .text.memmove  0x000000000800cba4       0x34 /usr/local/Caskroom/gcc-arm-embedded/10-2020-q4-major/gcc-arm-none-eabi-10-2020-q4-major/bin/../lib/gcc/arm-none-eabi/10.2.1/../../../../arm-none-eabi/lib/thumb/v7e-m+dp/hard/libc_nano.a(lib_a-memmove.o)
                0x000000000800cba4                memmove
 .text._realloc_r
                0x000000000800cbd8       0x4c /usr/local/Caskroom/gcc-arm-embedded/10-2020-q4-major/gcc-arm-none-eabi-10-2020-q4-major/bin/../lib/gcc/arm-none-eabi/10.2.1/../../../../arm-none-eabi/lib/thumb/v7e-m+dp/hard/libc_nano.a(lib_a-nano-reallocr.o)
                0x000000000800cbd8                _realloc_r
 .text._read_r  0x000000000800cc24       0x24 /usr/local/Caskroom/gcc-arm-embedded/10-2020-q4-major/gcc-arm-none-eabi-10-2020-q4-major/bin/../lib/gcc/arm-none-eabi/10.2.1/../../../../arm-none-eabi/lib/thumb/v7e-m+dp/hard/libc_nano.a(lib_a-readr.o)
                0x000000000800cc24                _read_r
 .text._fstat_r
                0x000000000800cc48       0x24 /usr/local/Caskroom/gcc-arm-embedded/10-2020-q4-major/gcc-arm-none-eabi-10-2020-q4-major/bin/../lib/gcc/arm-none-eabi/10.2.1/../../../../arm-none-eabi/lib/thumb/v7e-m+dp/hard/libc_nano.a(lib_a-fstatr.o)
                0x000000000800cc48                _fstat_r
 .text._isatty_r
                0x000000000800cc6c       0x20 /usr/local/Caskroom/gcc-arm-embedded/10-2020-q4-major/gcc-arm-none-eabi-10-2020-q4-major/bin/../lib/gcc/arm-none-eabi/10.2.1/../../../../arm-none-eabi/lib/thumb/v7e-m+dp/hard/libc_nano.a(lib_a-isattyr.o)
                0x000000000800cc6c                _isatty_r
 .text._malloc_usable_size_r