Archive member included to satisfy reference by file (symbol)

../libDaisy/build/libdaisy.a(daisy_seed.o)
                              build/birds-and-the-bees.o (daisy::DaisySeed::Configure())
../libDaisy/build/libdaisy.a(codec_ak4556.o)
                              ../libDaisy/build/libdaisy.a(daisy_seed.o) (daisy::Ak4556::Init(dsy_gpio_pin))
../libDaisy/build/libdaisy.a(sdram.o)
                              ../libDaisy/build/libdaisy.a(daisy_seed.o) (dsy_sdram_init)
../libDaisy/build/libdaisy.a(audio.o)
                              ../libDaisy/build/libdaisy.a(daisy_seed.o) (daisy::AudioHandle::Init(daisy::AudioHandle::Config const&, daisy::SaiHandle))
../libDaisy/build/libdaisy.a(ctrl.o)
                              build/birds-and-the-bees.o (daisy::AnalogControl::Init(unsigned short*, float, bool, bool, float))
../libDaisy/build/libdaisy.a(logger.o)
                              build/birds-and-the-bees.o (daisy::Logger<(daisy::LoggerDestination)1>::StartLog(bool))
../libDaisy/build/libdaisy.a(switch.o)
                              build/birds-and-the-bees.o (daisy::Switch::Init(dsy_gpio_pin, float))
../libDaisy/build/libdaisy.a(usb.o)
                              ../libDaisy/build/libdaisy.a(logger.o) (daisy::UsbHandle::Init(daisy::UsbHandle::UsbPeriph))
../libDaisy/build/libdaisy.a(adc.o)
                              build/birds-and-the-bees.o (daisy::AdcChannelConfig::InitSingle(dsy_gpio_pin))
../libDaisy/build/libdaisy.a(gpio.o)
                              ../libDaisy/build/libdaisy.a(daisy_seed.o) (dsy_gpio_init)
../libDaisy/build/libdaisy.a(qspi.o)
                              ../libDaisy/build/libdaisy.a(daisy_seed.o) (dsy_qspi_init)
../libDaisy/build/libdaisy.a(sai.o)
                              ../libDaisy/build/libdaisy.a(daisy_seed.o) (daisy::SaiHandle::Init(daisy::SaiHandle::Config const&))
../libDaisy/build/libdaisy.a(system.o)
                              ../libDaisy/build/libdaisy.a(daisy_seed.o) (daisy::System::Delay(unsigned long))
../libDaisy/build/libdaisy.a(system_stm32h7xx.o)
                              build/startup_stm32h750xx.o (SystemInit)
../libDaisy/build/libdaisy.a(usbd_cdc_if.o)
                              ../libDaisy/build/libdaisy.a(usb.o) (CDC_Transmit_FS)
../libDaisy/build/libdaisy.a(usbd_conf.o)
                              ../libDaisy/build/libdaisy.a(usb.o) (hpcd_USB_OTG_HS)
../libDaisy/build/libdaisy.a(usbd_desc.o)
                              ../libDaisy/build/libdaisy.a(usb.o) (HS_Desc)
../libDaisy/build/libdaisy.a(hal_map.o)
                              ../libDaisy/build/libdaisy.a(sdram.o) (dsy_hal_map_get_port)
../libDaisy/build/libdaisy.a(stm32h7xx_hal.o)
                              ../libDaisy/build/libdaisy.a(system.o) (HAL_Init)
../libDaisy/build/libdaisy.a(stm32h7xx_hal_adc.o)
                              ../libDaisy/build/libdaisy.a(adc.o) (HAL_ADC_ConfigChannel)
../libDaisy/build/libdaisy.a(stm32h7xx_hal_adc_ex.o)
                              ../libDaisy/build/libdaisy.a(adc.o) (HAL_ADCEx_Calibration_Start)
../libDaisy/build/libdaisy.a(stm32h7xx_hal_cortex.o)
                              ../libDaisy/build/libdaisy.a(stm32h7xx_hal.o) (HAL_NVIC_SetPriorityGrouping)
../libDaisy/build/libdaisy.a(stm32h7xx_hal_dma.o)
                              ../libDaisy/build/libdaisy.a(adc.o) (HAL_DMA_Init)
../libDaisy/build/libdaisy.a(stm32h7xx_hal_gpio.o)
                              ../libDaisy/build/libdaisy.a(sdram.o) (HAL_GPIO_Init)
../libDaisy/build/libdaisy.a(stm32h7xx_hal_pcd.o)
                              ../libDaisy/build/libdaisy.a(usbd_conf.o) (HAL_PCD_Init)
../libDaisy/build/libdaisy.a(stm32h7xx_hal_pcd_ex.o)
                              ../libDaisy/build/libdaisy.a(usbd_conf.o) (HAL_PCDEx_SetTxFiFo)
../libDaisy/build/libdaisy.a(stm32h7xx_hal_pwr_ex.o)
                              ../libDaisy/build/libdaisy.a(system.o) (HAL_PWREx_ConfigSupply)
../libDaisy/build/libdaisy.a(stm32h7xx_hal_qspi.o)
                              ../libDaisy/build/libdaisy.a(qspi.o) (HAL_QSPI_Init)
../libDaisy/build/libdaisy.a(stm32h7xx_hal_rcc.o)
                              ../libDaisy/build/libdaisy.a(system.o) (HAL_RCC_OscConfig)
../libDaisy/build/libdaisy.a(stm32h7xx_hal_rcc_ex.o)
                              ../libDaisy/build/libdaisy.a(system.o) (HAL_RCCEx_PeriphCLKConfig)
../libDaisy/build/libdaisy.a(stm32h7xx_hal_sai.o)
                              ../libDaisy/build/libdaisy.a(sai.o) (HAL_SAI_InitProtocol)
../libDaisy/build/libdaisy.a(stm32h7xx_hal_sdram.o)
                              ../libDaisy/build/libdaisy.a(sdram.o) (HAL_SDRAM_Init)
../libDaisy/build/libdaisy.a(stm32h7xx_ll_fmc.o)
                              ../libDaisy/build/libdaisy.a(stm32h7xx_hal_sdram.o) (FMC_SDRAM_Init)
../libDaisy/build/libdaisy.a(stm32h7xx_ll_usb.o)
                              ../libDaisy/build/libdaisy.a(stm32h7xx_hal_pcd.o) (USB_CoreInit)
../libDaisy/build/libdaisy.a(usbd_cdc.o)
[...]
Memory Configuration

Name             Origin             Length             Attributes
FLASH            0x0000000008000000 0x0000000000020000 xr
DTCMRAM          0x0000000020000000 0x0000000000020000 xrw
SRAM             0x0000000024000000 0x0000000000080000 xrw
RAM_D2           0x0000000030000000 0x0000000000048000 xrw
RAM_D3           0x0000000038000000 0x0000000000010000 xrw
ITCMRAM          0x0000000000000000 0x0000000000010000 xrw
SDRAM            0x00000000c0000000 0x0000000004000000 xrw
QSPIFLASH        0x0000000090000000 0x0000000000800000 xr
*default*        0x0000000000000000 0xffffffffffffffff

Linker script and memory map

LOAD /usr/local/Caskroom/gcc-arm-embedded/10-2020-q4-major/gcc-arm-none-eabi-10-2020-q4-major/bin/../lib/gcc/arm-none-eabi/10.2.1/thumb/v7e-m+dp/hard/crti.o
LOAD /usr/local/Caskroom/gcc-arm-embedded/10-2020-q4-major/gcc-arm-none-eabi-10-2020-q4-major/bin/../lib/gcc/arm-none-eabi/10.2.1/thumb/v7e-m+dp/hard/crtbegin.o
LOAD /usr/local/Caskroom/gcc-arm-embedded/10-2020-q4-major/gcc-arm-none-eabi-10-2020-q4-major/bin/../lib/gcc/arm-none-eabi/10.2.1/../../../../arm-none-eabi/lib/thumb/v7e-m+dp/hard/crt0.o
LOAD build/startup_stm32h750xx.o
LOAD build/vibrato.o
LOAD build/tapesaturator.o
LOAD build/scale.o
LOAD build/slewLimiter.o
LOAD build/birds-and-the-bees.o
LOAD ../libDaisy/build/libdaisy.a
LOAD /usr/local/Caskroom/gcc-arm-embedded/10-2020-q4-major/gcc-arm-none-eabi-10-2020-q4-major/bin/../lib/gcc/arm-none-eabi/10.2.1/../../../../arm-none-eabi/lib/thumb/v7e-m+dp/hard/libnosys.a
LOAD ../DaisySP/build/libdaisysp.a
LOAD /usr/local/Caskroom/gcc-arm-embedded/10-2020-q4-major/gcc-arm-none-eabi-10-2020-q4-major/bin/../lib/gcc/arm-none-eabi/10.2.1/../../../../arm-none-eabi/lib/thumb/v7e-m+dp/hard/libstdc++_nano.a
LOAD /usr/local/Caskroom/gcc-arm-embedded/10-2020-q4-major/gcc-arm-none-eabi-10-2020-q4-major/bin/../lib/gcc/arm-none-eabi/10.2.1/../../../../arm-none-eabi/lib/thumb/v7e-m+dp/hard/libm.a
LOAD /usr/local/Caskroom/gcc-arm-embedded/10-2020-q4-major/gcc-arm-none-eabi-10-2020-q4-major/bin/../lib/gcc/arm-none-eabi/10.2.1/../../../../arm-none-eabi/lib/thumb/v7e-m+dp/hard/libc_nano.a
START GROUP
LOAD /usr/local/Caskroom/gcc-arm-embedded/10-2020-q4-major/gcc-arm-none-eabi-10-2020-q4-major/bin/../lib/gcc/arm-none-eabi/10.2.1/thumb/v7e-m+dp/hard/libgcc.a
LOAD /usr/local/Caskroom/gcc-arm-embedded/10-2020-q4-major/gcc-arm-none-eabi-10-2020-q4-major/bin/../lib/gcc/arm-none-eabi/10.2.1/../../../../arm-none-eabi/lib/thumb/v7e-m+dp/hard/libc_nano.a
END GROUP
START GROUP
LOAD /usr/local/Caskroom/gcc-arm-embedded/10-2020-q4-major/gcc-arm-none-eabi-10-2020-q4-major/bin/../lib/gcc/arm-none-eabi/10.2.1/thumb/v7e-m+dp/hard/libgcc.a
LOAD /usr/local/Caskroom/gcc-arm-embedded/10-2020-q4-major/gcc-arm-none-eabi-10-2020-q4-major/bin/../lib/gcc/arm-none-eabi/10.2.1/../../../../arm-none-eabi/lib/thumb/v7e-m+dp/hard/libc_nano.a
LOAD /usr/local/Caskroom/gcc-arm-embedded/10-2020-q4-major/gcc-arm-none-eabi-10-2020-q4-major/bin/../lib/gcc/arm-none-eabi/10.2.1/../../../../arm-none-eabi/lib/thumb/v7e-m+dp/hard/libnosys.a
END GROUP
START GROUP
LOAD /usr/local/Caskroom/gcc-arm-embedded/10-2020-q4-major/gcc-arm-none-eabi-10-2020-q4-major/bin/../lib/gcc/arm-none-eabi/10.2.1/thumb/v7e-m+dp/hard/libgcc.a
LOAD /usr/local/Caskroom/gcc-arm-embedded/10-2020-q4-major/gcc-arm-none-eabi-10-2020-q4-major/bin/../lib/gcc/arm-none-eabi/10.2.1/../../../../arm-none-eabi/lib/thumb/v7e-m+dp/hard/libc_nano.a
LOAD /usr/local/Caskroom/gcc-arm-embedded/10-2020-q4-major/gcc-arm-none-eabi-10-2020-q4-major/bin/../lib/gcc/arm-none-eabi/10.2.1/../../../../arm-none-eabi/lib/thumb/v7e-m+dp/hard/libnosys.a
END GROUP
LOAD /usr/local/Caskroom/gcc-arm-embedded/10-2020-q4-major/gcc-arm-none-eabi-10-2020-q4-major/bin/../lib/gcc/arm-none-eabi/10.2.1/thumb/v7e-m+dp/hard/crtend.o
LOAD /usr/local/Caskroom/gcc-arm-embedded/10-2020-q4-major/gcc-arm-none-eabi-10-2020-q4-major/bin/../lib/gcc/arm-none-eabi/10.2.1/thumb/v7e-m+dp/hard/crtn.o
                0x0000000020020000                _estack = 0x20020000

.isr_vector     0x0000000008000000      0x298
                0x0000000008000000                . = ALIGN (0x4)
 *(.isr_vector)
 .isr_vector    0x0000000008000000      0x298 build/startup_stm32h750xx.o
                0x0000000008000000                g_pfnVectors
                0x0000000008000298                . = ALIGN (0x4)

.text           0x0000000008000298     0xcfd8
                0x0000000008000298                . = ALIGN (0x4)
                0x0000000008000298                _stext = .
 *(.text)
 .text          0x0000000008000298       0x40 /usr/local/Caskroom/gcc-arm-embedded/10-2020-q4-major/gcc-arm-none-eabi-10-2020-q4-major/bin/../lib/gcc/arm-none-eabi/10.2.1/thumb/v7e-m+dp/hard/crtbegin.o
 *(.text*)
 .text.Default_Handler
                0x00000000080002d8        0x4 build/startup_stm32h750xx.o
                0x00000000080002d8                SAI1_IRQHandler
                0x00000000080002d8                HASH_RNG_IRQHandler
                0x00000000080002d8                EXTI2_IRQHandler
                0x00000000080002d8                TIM8_CC_IRQHandler
                0x00000000080002d8                HRTIM1_Master_IRQHandler
                0x00000000080002d8                DebugMon_Handler
                0x00000000080002d8                UART8_IRQHandler
                0x00000000080002d8                SPI4_IRQHandler
                0x00000000080002d8                TIM1_CC_IRQHandler
                0x00000000080002d8                BDMA_Channel6_IRQHandler
                0x00000000080002d8                DMA2_Stream5_IRQHandler
                0x00000000080002d8                HRTIM1_FLT_IRQHandler
                0x00000000080002d8                JPEG_IRQHandler
                0x00000000080002d8                DMA1_Stream5_IRQHandler
                0x00000000080002d8                BDMA_Channel1_IRQHandler
                0x00000000080002d8                HRTIM1_TIMD_IRQHandler
                0x00000000080002d8                TAMP_STAMP_IRQHandler
                0x00000000080002d8                PendSV_Handler
                0x00000000080002d8                NMI_Handler
                0x00000000080002d8                EXTI3_IRQHandler
                0x00000000080002d8                LPTIM4_IRQHandler
                0x00000000080002d8                TIM8_TRG_COM_TIM14_IRQHandler
                0x00000000080002d8                LPTIM2_IRQHandler
                0x00000000080002d8                DFSDM1_FLT1_IRQHandler
                0x00000000080002d8                DMAMUX2_OVR_IRQHandler
                0x00000000080002d8                TIM8_UP_TIM13_IRQHandler
                0x00000000080002d8                I2C3_ER_IRQHandler
                0x00000000080002d8                DFSDM1_FLT2_IRQHandler
                0x00000000080002d8                MDMA_IRQHandler
                0x00000000080002d8                LPTIM3_IRQHandler
                0x00000000080002d8                HSEM1_IRQHandler
                0x00000000080002d8                EXTI0_IRQHandler
                0x00000000080002d8                FPU_IRQHandler
                0x00000000080002d8                OTG_HS_WKUP_IRQHandler
                0x00000000080002d8                FDCAN1_IT1_IRQHandler
                0x00000000080002d8                UsageFault_Handler
                0x00000000080002d8                LTDC_ER_IRQHandler
                0x00000000080002d8                DMA2_Stream2_IRQHandler
                0x00000000080002d8                HRTIM1_TIME_IRQHandler
                0x00000000080002d8                SPI1_IRQHandler
                0x00000000080002d8                TIM6_DAC_IRQHandler
                0x00000000080002d8                DCMI_IRQHandler
                0x00000000080002d8                HRTIM1_TIMC_IRQHandler
                0x00000000080002d8                DMA2_Stream3_IRQHandler
                0x00000000080002d8                SAI2_IRQHandler
                0x00000000080002d8                DFSDM1_FLT3_IRQHandler
                0x00000000080002d8                USART6_IRQHandler
                0x00000000080002d8                TIM17_IRQHandler
                0x00000000080002d8                USART3_IRQHandler
                0x00000000080002d8                CRYP_IRQHandler
                0x00000000080002d8                BDMA_Channel7_IRQHandler
                0x00000000080002d8                LPTIM5_IRQHandler
                0x00000000080002d8                UART5_IRQHandler
                0x00000000080002d8                ADC3_IRQHandler
                0x00000000080002d8                DMA2_Stream0_IRQHandler
                0x00000000080002d8                TIM4_IRQHandler
                0x00000000080002d8                BDMA_Channel2_IRQHandler
                0x00000000080002d8                DMAMUX1_OVR_IRQHandler
                0x00000000080002d8                TIM16_IRQHandler
                0x00000000080002d8                UART4_IRQHandler
                0x00000000080002d8                BDMA_Channel5_IRQHandler
                0x00000000080002d8                TIM3_IRQHandler
                0x00000000080002d8                RCC_IRQHandler
                0x00000000080002d8                TIM8_BRK_TIM12_IRQHandler
                0x00000000080002d8                TIM1_TRG_COM_IRQHandler
                0x00000000080002d8                Default_Handler
                0x00000000080002d8                ECC_IRQHandler
                0x00000000080002d8                CEC_IRQHandler
                0x00000000080002d8                EXTI15_10_IRQHandler
                0x00000000080002d8                BDMA_Channel0_IRQHandler
                0x00000000080002d8                ADC_IRQHandler
                0x00000000080002d8                DMA1_Stream7_IRQHandler
                0x00000000080002d8                HRTIM1_TIMA_IRQHandler
                0x00000000080002d8                SPI5_IRQHandler
                0x00000000080002d8                TIM7_IRQHandler
                0x00000000080002d8                SDMMC1_IRQHandler
                0x00000000080002d8                TIM5_IRQHandler
                0x00000000080002d8                DMA2_Stream7_IRQHandler
                0x00000000080002d8                TIM15_IRQHandler
                0x00000000080002d8                PVD_AVD_IRQHandler
                0x00000000080002d8                EXTI9_5_IRQHandler
                0x00000000080002d8                RTC_WKUP_IRQHandler
                0x00000000080002d8                LTDC_IRQHandler
                0x00000000080002d8                SAI3_IRQHandler
                0x00000000080002d8                ETH_WKUP_IRQHandler
                0x00000000080002d8                SPDIF_RX_IRQHandler
                0x00000000080002d8                SPI2_IRQHandler
                0x00000000080002d8                MemManage_Handler
                0x00000000080002d8                SVC_Handler
                0x00000000080002d8                CRS_IRQHandler
                0x00000000080002d8                EXTI4_IRQHandler
                0x00000000080002d8                HRTIM1_TIMB_IRQHandler
                0x00000000080002d8                FDCAN2_IT1_IRQHandler
                0x00000000080002d8                ETH_IRQHandler
                0x00000000080002d8                TIM1_UP_IRQHandler
                0x00000000080002d8                BDMA_Channel4_IRQHandler
                0x00000000080002d8                WWDG_IRQHandler
                0x00000000080002d8                SPI6_IRQHandler
                0x00000000080002d8                I2C4_EV_IRQHandler
                0x00000000080002d8                MDIOS_IRQHandler
                0x00000000080002d8                FDCAN2_IT0_IRQHandler
                0x00000000080002d8                LPUART1_IRQHandler
                0x00000000080002d8                FDCAN1_IT0_IRQHandler
                0x00000000080002d8                TIM2_IRQHandler
                0x00000000080002d8                OTG_FS_WKUP_IRQHandler
                0x00000000080002d8                DMA2D_IRQHandler
                0x00000000080002d8                TIM1_BRK_IRQHandler
                0x00000000080002d8                EXTI1_IRQHandler
                0x00000000080002d8                SDMMC2_IRQHandler
                0x00000000080002d8                BDMA_Channel3_IRQHandler
                0x00000000080002d8                UART7_IRQHandler
                0x00000000080002d8                MDIOS_WKUP_IRQHandler
                0x00000000080002d8                USART2_IRQHandler
                0x00000000080002d8                DFSDM1_FLT0_IRQHandler
                0x00000000080002d8                SAI4_IRQHandler
                0x00000000080002d8                I2C2_ER_IRQHandler
                0x00000000080002d8                DMA2_Stream1_IRQHandler
                0x00000000080002d8                FLASH_IRQHandler
                0x00000000080002d8                DMA2_Stream4_IRQHandler
                0x00000000080002d8                BusFault_Handler
                0x00000000080002d8                USART1_IRQHandler
                0x00000000080002d8                SPI3_IRQHandler
                0x00000000080002d8                WAKEUP_PIN_IRQHandler
                0x00000000080002d8                I2C1_ER_IRQHandler
                0x00000000080002d8                FMC_IRQHandler
                0x00000000080002d8                FDCAN_CAL_IRQHandler
                0x00000000080002d8                SWPMI1_IRQHandler
                0x00000000080002d8                COMP1_IRQHandler
                0x00000000080002d8                LPTIM1_IRQHandler
                0x00000000080002d8                I2C4_ER_IRQHandler
                0x00000000080002d8                DMA2_Stream6_IRQHandler
                0x00000000080002d8                RTC_Alarm_IRQHandler
 .text.Reset_Handler
                0x00000000080002dc       0x44 build/startup_stm32h750xx.o
                0x00000000080002dc                Reset_Handler
 .text._ZN5daisy6SwitchD2Ev
                0x0000000008000320        0x4 build/birds-and-the-bees.o
                0x0000000008000320                daisy::Switch::~Switch()
                0x0000000008000320                daisy::Switch::~Switch()
 .text._ZN5daisy9DaisySeedD2Ev
                0x0000000008000324        0x4 build/birds-and-the-bees.o
                0x0000000008000324                daisy::DaisySeed::~DaisySeed()
                0x0000000008000324                daisy::DaisySeed::~DaisySeed()
 .text._ZN7daisysp4AdsrD2Ev
                0x0000000008000328        0x4 build/birds-and-the-bees.o
                0x0000000008000328                daisysp::Adsr::~Adsr()
                0x0000000008000328                daisysp::Adsr::~Adsr()
 .text._ZN7daisysp10MoogLadderD2Ev
                0x000000000800032c        0x4 build/birds-and-the-bees.o
                0x000000000800032c                daisysp::MoogLadder::~MoogLadder()
                0x000000000800032c                daisysp::MoogLadder::~MoogLadder()
 .text._ZN7daisysp4PortD2Ev
                0x0000000008000330        0x4 build/birds-and-the-bees.o
                0x0000000008000330                daisysp::Port::~Port()
                0x0000000008000330                daisysp::Port::~Port()
 .text.__tcf_0  0x0000000008000334        0x4 build/birds-and-the-bees.o
 .text._ZL13AudioCallbackPKfPfj
                0x0000000008000338      0x178 build/birds-and-the-bees.o
 .text.__tcf_1  0x00000000080004b0        0x4 build/birds-and-the-bees.o
 .text._Z8SetupOscf
                0x00000000080004b4       0x4c build/birds-and-the-bees.o
                0x00000000080004b4                SetupOsc(float)
 .text._Z14setupNormalAdcv
                0x0000000008000500       0x38 build/birds-and-the-bees.o
                0x0000000008000500                setupNormalAdc()
 .text.startup.main
                0x0000000008000538       0xc8 build/birds-and-the-bees.o
                0x0000000008000538                main
 .text.startup._GLOBAL__sub_I_notes
                0x0000000008000600       0xb4 build/birds-and-the-bees.o
 .text._ZN5daisy9DaisySeed9ConfigureEv
                0x00000000080006b4       0x4c ../libDaisy/build/libdaisy.a(daisy_seed.o)
                0x00000000080006b4                daisy::DaisySeed::Configure()
 .text._ZN5daisy9DaisySeed6GetPinEh
                0x0000000008000700       0x2c ../libDaisy/build/libdaisy.a(daisy_seed.o)
                0x0000000008000700                daisy::DaisySeed::GetPin(unsigned char)
 .text._ZN5daisy9DaisySeed7DelayMsEj
                0x000000000800072c        0x8 ../libDaisy/build/libdaisy.a(daisy_seed.o)
                0x000000000800072c                daisy::DaisySeed::DelayMs(unsigned int)
 .text._ZN5daisy9DaisySeed10StartAudioEPFvPKfPfjE
                0x0000000008000734        0x8 ../libDaisy/build/libdaisy.a(daisy_seed.o)
                0x0000000008000734                daisy::DaisySeed::StartAudio(void (*)(float const*, float*, unsigned int))
 .text._ZN5daisy9DaisySeed15AudioSampleRateEv
                0x000000000800073c        0x8 ../libDaisy/build/libdaisy.a(daisy_seed.o)
                0x000000000800073c                daisy::DaisySeed::AudioSampleRate()
 .text._ZN5daisy9DaisySeed17SetAudioBlockSizeEj
                0x0000000008000744       0x38 ../libDaisy/build/libdaisy.a(daisy_seed.o)
                0x0000000008000744                daisy::DaisySeed::SetAudioBlockSize(unsigned int)
 *fill*         0x000000000800077c        0x4 
 .text._ZN5daisy9DaisySeed14ConfigureAudioEv
                0x0000000008000780       0x78 ../libDaisy/build/libdaisy.a(daisy_seed.o)
                0x0000000008000780                daisy::DaisySeed::ConfigureAudio()
 .text._ZN5daisy9DaisySeed4InitEb
                0x00000000080007f8       0x7c ../libDaisy/build/libdaisy.a(daisy_seed.o)
                0x00000000080007f8                daisy::DaisySeed::Init(bool)
 .text._ZN5daisy6Ak45564InitE12dsy_gpio_pin
                0x0000000008000874       0x44 ../libDaisy/build/libdaisy.a(codec_ak4556.o)
                0x0000000008000874                daisy::Ak4556::Init(dsy_gpio_pin)
 .text.dsy_sdram_init
                0x00000000080008b8      0x108 ../libDaisy/build/libdaisy.a(sdram.o)
                0x00000000080008b8                dsy_sdram_init
 .text.HAL_SDRAM_MspInit
                0x00000000080009c0      0x1d0 ../libDaisy/build/libdaisy.a(sdram.o)
                0x00000000080009c0                HAL_SDRAM_MspInit
 .text._ZN5daisy11AudioHandle4Impl16InternalCallbackEPlS2_j
                0x0000000008000b90      0xbbc ../libDaisy/build/libdaisy.a(audio.o)
                0x0000000008000b90                daisy::AudioHandle::Impl::InternalCallback(long*, long*, unsigned int)
 .text._ZN5daisy11AudioHandle4InitERKNS0_6ConfigENS_9SaiHandleE
                0x000000000800174c       0x64 ../libDaisy/build/libdaisy.a(audio.o)
                0x000000000800174c                daisy::AudioHandle::Init(daisy::AudioHandle::Config const&, daisy::SaiHandle)
 .text._ZNK5daisy11AudioHandle9GetConfigEv
                0x00000000080017b0        0x8 ../libDaisy/build/libdaisy.a(audio.o)
                0x00000000080017b0                daisy::AudioHandle::GetConfig() const
 .text._ZN5daisy11AudioHandle12SetBlockSizeEj
                0x00000000080017b8       0x1c ../libDaisy/build/libdaisy.a(audio.o)
                0x00000000080017b8                daisy::AudioHandle::SetBlockSize(unsigned int)
 .text._ZN5daisy11AudioHandle13GetSampleRateEv
                0x00000000080017d4        0x8 ../libDaisy/build/libdaisy.a(audio.o)
                0x00000000080017d4                daisy::AudioHandle::GetSampleRate()
 .text._ZN5daisy11AudioHandle5StartEPFvPKfPfjE
                0x00000000080017dc       0x2c ../libDaisy/build/libdaisy.a(audio.o)
                0x00000000080017dc                daisy::AudioHandle::Start(void (*)(float const*, float*, unsigned int))
 .text.startup._GLOBAL__sub_I__ZN5daisy11AudioHandle4Impl4InitENS0_6ConfigENS_9SaiHandleE
                0x0000000008001808       0x10 ../libDaisy/build/libdaisy.a(audio.o)
 .text._ZN5daisy9UsbHandleD2Ev
                0x0000000008001818        0x4 ../libDaisy/build/libdaisy.a(logger.o)
                0x0000000008001818                daisy::UsbHandle::~UsbHandle()
                0x0000000008001818                daisy::UsbHandle::~UsbHandle()
 .text.startup._GLOBAL__sub_I__ZN5daisy10LoggerImplILNS_17LoggerDestinationE1EE11usb_handle_E
                0x000000000800181c       0x2c ../libDaisy/build/libdaisy.a(logger.o)
 .text._ZN5daisy6Switch4InitE12dsy_gpio_pinf
                0x0000000008001848       0x3c ../libDaisy/build/libdaisy.a(switch.o)
                0x0000000008001848                daisy::Switch::Init(dsy_gpio_pin, float)
 .text._ZN5daisy6Switch8DebounceEv
                0x0000000008001884       0x4c ../libDaisy/build/libdaisy.a(switch.o)
                0x0000000008001884                daisy::Switch::Debounce()
 .text.OTG_HS_EP1_OUT_IRQHandler
                0x00000000080018d0        0xc ../libDaisy/build/libdaisy.a(usb.o)
                0x00000000080018d0                OTG_HS_EP1_OUT_IRQHandler
 .text.OTG_HS_EP1_IN_IRQHandler
                0x00000000080018dc        0xc ../libDaisy/build/libdaisy.a(usb.o)
                0x00000000080018dc                OTG_HS_EP1_IN_IRQHandler
 .text.OTG_HS_IRQHandler
                0x00000000080018e8        0xc ../libDaisy/build/libdaisy.a(usb.o)
                0x00000000080018e8                OTG_HS_IRQHandler
 .text.OTG_FS_EP1_OUT_IRQHandler
                0x00000000080018f4        0xc ../libDaisy/build/libdaisy.a(usb.o)
                0x00000000080018f4                OTG_FS_EP1_OUT_IRQHandler
 .text.OTG_FS_EP1_IN_IRQHandler
                0x0000000008001900        0xc ../libDaisy/build/libdaisy.a(usb.o)
                0x0000000008001900                OTG_FS_EP1_IN_IRQHandler
 .text.OTG_FS_IRQHandler
                0x000000000800190c        0xc ../libDaisy/build/libdaisy.a(usb.o)
                0x000000000800190c                OTG_FS_IRQHandler
 .text._ZN5daisy16AdcChannelConfig10InitSingleE12dsy_gpio_pin
                0x0000000008001918       0x1c ../libDaisy/build/libdaisy.a(adc.o)
                0x0000000008001918                daisy::AdcChannelConfig::InitSingle(dsy_gpio_pin)
 .text._ZN5daisy9AdcHandle4InitEPNS_16AdcChannelConfigEjNS0_12OverSamplingE
                0x0000000008001934      0x3c8 ../libDaisy/build/libdaisy.a(adc.o)
                0x0000000008001934                daisy::AdcHandle::Init(daisy::AdcChannelConfig*, unsigned int, daisy::AdcHandle::OverSampling)
 .text._ZN5daisy9AdcHandle5StartEv
                0x0000000008001cfc       0x2c ../libDaisy/build/libdaisy.a(adc.o)
                0x0000000008001cfc                daisy::AdcHandle::Start()
 .text._ZNK5daisy9AdcHandle8GetFloatEh
                0x0000000008001d28       0x20 ../libDaisy/build/libdaisy.a(adc.o)
                0x0000000008001d28                daisy::AdcHandle::GetFloat(unsigned char) const
 .text.HAL_ADC_MspInit
                0x0000000008001d48       0x98 ../libDaisy/build/libdaisy.a(adc.o)
                0x0000000008001d48                HAL_ADC_MspInit
 .text.DMA1_Stream2_IRQHandler
                0x0000000008001de0        0xc ../libDaisy/build/libdaisy.a(adc.o)
                0x0000000008001de0                DMA1_Stream2_IRQHandler
 .text.HAL_ADC_ConvCpltCallback
                0x0000000008001dec      0x148 ../libDaisy/build/libdaisy.a(adc.o)
                0x0000000008001dec                HAL_ADC_ConvCpltCallback
 .text.HAL_ADC_ErrorCallback
                0x0000000008001f34        0x4 ../libDaisy/build/libdaisy.a(adc.o)
                0x0000000008001f34                HAL_ADC_ErrorCallback
 .text.dsy_gpio_init
                0x0000000008001f38      0x1b8 ../libDaisy/build/libdaisy.a(gpio.o)
                0x0000000008001f38                dsy_gpio_init
 .text.dsy_gpio_read
                0x00000000080020f0       0x1c ../libDaisy/build/libdaisy.a(gpio.o)
                0x00000000080020f0                dsy_gpio_read
 .text.dsy_gpio_write
                0x000000000800210c       0x24 ../libDaisy/build/libdaisy.a(gpio.o)
                0x000000000800210c                dsy_gpio_write
 .text.dsy_qspi_init
                0x0000000008002130      0x388 ../libDaisy/build/libdaisy.a(qspi.o)
                0x0000000008002130                dsy_qspi_init
 .text.HAL_QSPI_MspInit
                0x00000000080024b8      0x10c ../libDaisy/build/libdaisy.a(qspi.o)
                0x00000000080024b8                HAL_QSPI_MspInit
 .text.HAL_QSPI_MspDeInit
                0x00000000080025c4       0x58 ../libDaisy/build/libdaisy.a(qspi.o)
                0x00000000080025c4                HAL_QSPI_MspDeInit
 .text.QUADSPI_IRQHandler
                0x000000000800261c        0xc ../libDaisy/build/libdaisy.a(qspi.o)
                0x000000000800261c                QUADSPI_IRQHandler
 .text._ZN5daisy9SaiHandle4Impl7InitDmaENS1_15PeripheralBlockE
                0x0000000008002628       0xa0 ../libDaisy/build/libdaisy.a(sai.o)
                0x0000000008002628                daisy::SaiHandle::Impl::InitDma(daisy::SaiHandle::Impl::PeripheralBlock)
 .text._ZN5daisy9SaiHandle4Impl8InitPinsEv
                0x00000000080026c8       0xa8 ../libDaisy/build/libdaisy.a(sai.o)
                0x00000000080026c8                daisy::SaiHandle::Impl::InitPins()
 .text.HAL_SAI_MspInit
                0x0000000008002770      0x164 ../libDaisy/build/libdaisy.a(sai.o)
                0x0000000008002770                HAL_SAI_MspInit
 .text.DMA1_Stream0_IRQHandler
                0x00000000080028d4        0xc ../libDaisy/build/libdaisy.a(sai.o)
                0x00000000080028d4                DMA1_Stream0_IRQHandler
 .text.DMA1_Stream1_IRQHandler
                0x00000000080028e0        0xc ../libDaisy/build/libdaisy.a(sai.o)
                0x00000000080028e0                DMA1_Stream1_IRQHandler
 .text.DMA1_Stream3_IRQHandler
                0x00000000080028ec        0xc ../libDaisy/build/libdaisy.a(sai.o)
                0x00000000080028ec                DMA1_Stream3_IRQHandler
 .text.DMA1_Stream4_IRQHandler
                0x00000000080028f8        0xc ../libDaisy/build/libdaisy.a(sai.o)
                0x00000000080028f8                DMA1_Stream4_IRQHandler
 .text.HAL_SAI_RxHalfCpltCallback
                0x0000000008002904       0x78 ../libDaisy/build/libdaisy.a(sai.o)
                0x0000000008002904                HAL_SAI_RxHalfCpltCallback
 .text.HAL_SAI_RxCpltCallback
                0x000000000800297c       0x70 ../libDaisy/build/libdaisy.a(sai.o)
                0x000000000800297c                HAL_SAI_RxCpltCallback
 *fill*         0x00000000080029ec        0x4 
 .text._ZN5daisy9SaiHandle4InitERKNS0_6ConfigE
                0x00000000080029f0      0x1f0 ../libDaisy/build/libdaisy.a(sai.o)
                0x00000000080029f0                daisy::SaiHandle::Init(daisy::SaiHandle::Config const&)
 .text._ZNK5daisy9SaiHandle9GetConfigEv
                0x0000000008002be0        0x4 ../libDaisy/build/libdaisy.a(sai.o)
                0x0000000008002be0                daisy::SaiHandle::GetConfig() const
 .text._ZN5daisy9SaiHandle8StartDmaEPlS1_jPFvS1_S1_jE
                0x0000000008002be4       0x68 ../libDaisy/build/libdaisy.a(sai.o)
                0x0000000008002be4                daisy::SaiHandle::StartDma(long*, long*, unsigned int, void (*)(long*, long*, unsigned int))
 .text._ZN5daisy9SaiHandle13GetSampleRateEv
                0x0000000008002c4c       0x24 ../libDaisy/build/libdaisy.a(sai.o)
                0x0000000008002c4c                daisy::SaiHandle::GetSampleRate()
 .text._ZNK5daisy9SaiHandle9GetOffsetEv
                0x0000000008002c70        0x8 ../libDaisy/build/libdaisy.a(sai.o)
                0x0000000008002c70                daisy::SaiHandle::GetOffset() const
 .text._ZN5daisy11TimerHandleD2Ev
                0x0000000008002c78        0x4 ../libDaisy/build/libdaisy.a(system.o)
                0x0000000008002c78                daisy::TimerHandle::~TimerHandle()
                0x0000000008002c78                daisy::TimerHandle::~TimerHandle()
 .text.SysTick_Handler
                0x0000000008002c7c       0x10 ../libDaisy/build/libdaisy.a(system.o)
                0x0000000008002c7c                SysTick_Handler
 .text.HardFault_Handler
                0x0000000008002c8c        0x4 ../libDaisy/build/libdaisy.a(system.o)
                0x0000000008002c8c                HardFault_Handler
 .text._ZN5daisy6System5DelayEm
                0x0000000008002c90        0x4 ../libDaisy/build/libdaisy.a(system.o)
                0x0000000008002c90                daisy::System::Delay(unsigned long)
 .text._ZN5daisy6System15ConfigureClocksEv
                0x0000000008002c94      0x194 ../libDaisy/build/libdaisy.a(system.o)
                0x0000000008002c94                daisy::System::ConfigureClocks()
 .text._ZN5daisy6System4InitERKNS0_6ConfigE
                0x0000000008002e28      0x11c ../libDaisy/build/libdaisy.a(system.o)
                0x0000000008002e28                daisy::System::Init(daisy::System::Config const&)
 .text.startup._GLOBAL__sub_I_SysTick_Handler
                0x0000000008002f44       0x1c ../libDaisy/build/libdaisy.a(system.o)
 .text.SystemInit
                0x0000000008002f60       0x84 ../libDaisy/build/libdaisy.a(system_stm32h7xx.o)
                0x0000000008002f60                SystemInit
 .text.HAL_PCD_SetupStageCallback
                0x0000000008002fe4        0xc ../libDaisy/build/libdaisy.a(usbd_conf.o)
                0x0000000008002fe4                HAL_PCD_SetupStageCallback
 .text.HAL_PCD_DataOutStageCallback
                0x0000000008002ff0       0x14 ../libDaisy/build/libdaisy.a(usbd_conf.o)
                0x0000000008002ff0                HAL_PCD_DataOutStageCallback
 .text.HAL_PCD_DataInStageCallback
                0x0000000008003004       0x14 ../libDaisy/build/libdaisy.a(usbd_conf.o)
                0x0000000008003004                HAL_PCD_DataInStageCallback
 .text.HAL_PCD_SOFCallback
                0x0000000008003018        0x8 ../libDaisy/build/libdaisy.a(usbd_conf.o)
                0x0000000008003018                HAL_PCD_SOFCallback
 .text.HAL_PCD_ResetCallback
                0x0000000008003020       0x24 ../libDaisy/build/libdaisy.a(usbd_conf.o)
                0x0000000008003020                HAL_PCD_ResetCallback
 .text.HAL_PCD_SuspendCallback
                0x0000000008003044       0x30 ../libDaisy/build/libdaisy.a(usbd_conf.o)
                0x0000000008003044                HAL_PCD_SuspendCallback
 .text.HAL_PCD_ResumeCallback
                0x0000000008003074        0x8 ../libDaisy/build/libdaisy.a(usbd_conf.o)
                0x0000000008003074                HAL_PCD_ResumeCallback
 .text.HAL_PCD_ISOOUTIncompleteCallback
                0x000000000800307c        0x8 ../libDaisy/build/libdaisy.a(usbd_conf.o)
                0x000000000800307c                HAL_PCD_ISOOUTIncompleteCallback
 .text.HAL_PCD_ISOINIncompleteCallback
                0x0000000008003084        0x8 ../libDaisy/build/libdaisy.a(usbd_conf.o)
                0x0000000008003084                HAL_PCD_ISOINIncompleteCallback
 .text.HAL_PCD_ConnectCallback
                0x000000000800308c        0x8 ../libDaisy/build/libdaisy.a(usbd_conf.o)
                0x000000000800308c                HAL_PCD_ConnectCallback
 .text.HAL_PCD_DisconnectCallback
                0x0000000008003094        0x8 ../libDaisy/build/libdaisy.a(usbd_conf.o)
                0x0000000008003094                HAL_PCD_DisconnectCallback
 .text.USBD_LL_OpenEP
                0x000000000800309c       0x24 ../libDaisy/build/libdaisy.a(usbd_conf.o)
                0x000000000800309c                USBD_LL_OpenEP
 .text.USBD_LL_StallEP
                0x00000000080030c0       0x1c ../libDaisy/build/libdaisy.a(usbd_conf.o)
                0x00000000080030c0                USBD_LL_StallEP
 .text.USBD_LL_ClearStallEP
                0x00000000080030dc       0x1c ../libDaisy/build/libdaisy.a(usbd_conf.o)
                0x00000000080030dc                USBD_LL_ClearStallEP
 .text.USBD_LL_IsStallEP
                0x00000000080030f8       0x28 ../libDaisy/build/libdaisy.a(usbd_conf.o)
                0x00000000080030f8                USBD_LL_IsStallEP
 .text.USBD_LL_SetUSBAddress
                0x0000000008003120       0x1c ../libDaisy/build/libdaisy.a(usbd_conf.o)
                0x0000000008003120                USBD_LL_SetUSBAddress
 .text.USBD_LL_Transmit
                0x000000000800313c       0x1c ../libDaisy/build/libdaisy.a(usbd_conf.o)
                0x000000000800313c                USBD_LL_Transmit
 .text.USBD_LL_PrepareReceive
                0x0000000008003158       0x1c ../libDaisy/build/libdaisy.a(usbd_conf.o)
                0x0000000008003158                USBD_LL_PrepareReceive
 .text.dsy_hal_map_get_port
                0x0000000008003174       0x10 ../libDaisy/build/libdaisy.a(hal_map.o)
                0x0000000008003174                dsy_hal_map_get_port
 .text.dsy_hal_map_get_pin
                0x0000000008003184       0x10 ../libDaisy/build/libdaisy.a(hal_map.o)
                0x0000000008003184                dsy_hal_map_get_pin
 .text.HAL_MspInit
                0x0000000008003194        0x4 ../libDaisy/build/libdaisy.a(stm32h7xx_hal.o)
                0x0000000008003194                HAL_MspInit
 .text.HAL_InitTick
                0x0000000008003198       0x4c ../libDaisy/build/libdaisy.a(stm32h7xx_hal.o)
                0x0000000008003198                HAL_InitTick
 .text.HAL_Init
                0x00000000080031e4       0x60 ../libDaisy/build/libdaisy.a(stm32h7xx_hal.o)
                0x00000000080031e4                HAL_Init
 .text.HAL_IncTick
                0x0000000008003244       0x18 ../libDaisy/build/libdaisy.a(stm32h7xx_hal.o)
                0x0000000008003244                HAL_IncTick
 .text.HAL_GetTick
                0x000000000800325c        0xc ../libDaisy/build/libdaisy.a(stm32h7xx_hal.o)
                0x000000000800325c                HAL_GetTick
 .text.HAL_Delay
                0x0000000008003268       0x24 ../libDaisy/build/libdaisy.a(stm32h7xx_hal.o)
                0x0000000008003268                HAL_Delay
 .text.HAL_GetREVID
                0x000000000800328c        0xc ../libDaisy/build/libdaisy.a(stm32h7xx_hal.o)
                0x000000000800328c                HAL_GetREVID
 .text.HAL_ADC_ConvHalfCpltCallback
                0x0000000008003298        0x4 ../libDaisy/build/libdaisy.a(stm32h7xx_hal_adc.o)
                0x0000000008003298                HAL_ADC_ConvHalfCpltCallback
 .text.ADC_DMAHalfConvCplt
                0x000000000800329c        0xc ../libDaisy/build/libdaisy.a(stm32h7xx_hal_adc.o)
                0x000000000800329c                ADC_DMAHalfConvCplt
 .text.ADC_DMAConvCplt
                0x00000000080032a8       0x6c ../libDaisy/build/libdaisy.a(stm32h7xx_hal_adc.o)
                0x00000000080032a8                ADC_DMAConvCplt
 .text.ADC_DMAError
                0x0000000008003314       0x1c ../libDaisy/build/libdaisy.a(stm32h7xx_hal_adc.o)
                0x0000000008003314                ADC_DMAError
 .text.HAL_ADC_ConfigChannel
                0x0000000008003330      0x3fc ../libDaisy/build/libdaisy.a(stm32h7xx_hal_adc.o)
                0x0000000008003330                HAL_ADC_ConfigChannel
 .text.ADC_Enable
                0x000000000800372c       0xac ../libDaisy/build/libdaisy.a(stm32h7xx_hal_adc.o)
                0x000000000800372c                ADC_Enable
 .text.HAL_ADC_Start_DMA
                0x00000000080037d8      0x114 ../libDaisy/build/libdaisy.a(stm32h7xx_hal_adc.o)
                0x00000000080037d8                HAL_ADC_Start_DMA
 .text.ADC_Disable
                0x00000000080038ec       0x68 ../libDaisy/build/libdaisy.a(stm32h7xx_hal_adc.o)
                0x00000000080038ec                ADC_Disable
 .text.ADC_ConfigureBoostMode
                0x0000000008003954      0x184 ../libDaisy/build/libdaisy.a(stm32h7xx_hal_adc.o)
                0x0000000008003954                ADC_ConfigureBoostMode
 .text.HAL_ADC_Init
                0x0000000008003ad8      0x218 ../libDaisy/build/libdaisy.a(stm32h7xx_hal_adc.o)
                0x0000000008003ad8                HAL_ADC_Init
 .text.HAL_ADCEx_Calibration_Start
                0x0000000008003cf0       0xa4 ../libDaisy/build/libdaisy.a(stm32h7xx_hal_adc_ex.o)
                0x0000000008003cf0                HAL_ADCEx_Calibration_Start
 .text.HAL_ADCEx_MultiModeConfigChannel
                0x0000000008003d94       0xc4 ../libDaisy/build/libdaisy.a(stm32h7xx_hal_adc_ex.o)
                0x0000000008003d94                HAL_ADCEx_MultiModeConfigChannel
 .text.HAL_NVIC_SetPriorityGrouping
                0x0000000008003e58       0x24 ../libDaisy/build/libdaisy.a(stm32h7xx_hal_cortex.o)
                0x0000000008003e58                HAL_NVIC_SetPriorityGrouping
 .text.HAL_NVIC_SetPriority
                0x0000000008003e7c       0x7c ../libDaisy/build/libdaisy.a(stm32h7xx_hal_cortex.o)
                0x0000000008003e7c                HAL_NVIC_SetPriority
 .text.HAL_NVIC_EnableIRQ
                0x0000000008003ef8       0x1c ../libDaisy/build/libdaisy.a(stm32h7xx_hal_cortex.o)
                0x0000000008003ef8                HAL_NVIC_EnableIRQ
 .text.HAL_NVIC_DisableIRQ
                0x0000000008003f14       0x28 ../libDaisy/build/libdaisy.a(stm32h7xx_hal_cortex.o)
                0x0000000008003f14                HAL_NVIC_DisableIRQ
 .text.HAL_SYSTICK_Config
                0x0000000008003f3c       0x2c ../libDaisy/build/libdaisy.a(stm32h7xx_hal_cortex.o)
                0x0000000008003f3c                HAL_SYSTICK_Config
 .text.HAL_MPU_Disable
                0x0000000008003f68       0x1c ../libDaisy/build/libdaisy.a(stm32h7xx_hal_cortex.o)
                0x0000000008003f68                HAL_MPU_Disable
 .text.HAL_MPU_Enable
                0x0000000008003f84       0x20 ../libDaisy/build/libdaisy.a(stm32h7xx_hal_cortex.o)
                0x0000000008003f84                HAL_MPU_Enable
 .text.HAL_MPU_ConfigRegion
                0x0000000008003fa4       0x64 ../libDaisy/build/libdaisy.a(stm32h7xx_hal_cortex.o)
                0x0000000008003fa4                HAL_MPU_ConfigRegion
 .text.HAL_SYSTICK_Callback
                0x0000000008004008        0x4 ../libDaisy/build/libdaisy.a(stm32h7xx_hal_cortex.o)
                0x0000000008004008                HAL_SYSTICK_Callback
 .text.HAL_SYSTICK_IRQHandler
                0x000000000800400c        0x8 ../libDaisy/build/libdaisy.a(stm32h7xx_hal_cortex.o)
                0x000000000800400c                HAL_SYSTICK_IRQHandler
 .text.DMA_CalcBaseAndBitshift
                0x0000000008004014       0xf4 ../libDaisy/build/libdaisy.a(stm32h7xx_hal_dma.o)
 .text.DMA_CalcDMAMUXChannelBaseAndMask
                0x0000000008004108       0xd8 ../libDaisy/build/libdaisy.a(stm32h7xx_hal_dma.o)
 .text.HAL_DMA_Init
                0x00000000080041e0      0x37c ../libDaisy/build/libdaisy.a(stm32h7xx_hal_dma.o)
                0x00000000080041e0                HAL_DMA_Init
 .text.HAL_DMA_Start_IT
                0x000000000800455c      0x240 ../libDaisy/build/libdaisy.a(stm32h7xx_hal_dma.o)
                0x000000000800455c                HAL_DMA_Start_IT
 .text.HAL_DMA_IRQHandler
                0x000000000800479c      0x6a0 ../libDaisy/build/libdaisy.a(stm32h7xx_hal_dma.o)
                0x000000000800479c                HAL_DMA_IRQHandler
 .text.HAL_DMA_GetError
                0x0000000008004e3c        0x4 ../libDaisy/build/libdaisy.a(stm32h7xx_hal_dma.o)
                0x0000000008004e3c                HAL_DMA_GetError
 .text.HAL_GPIO_Init
                0x0000000008004e40      0x280 ../libDaisy/build/libdaisy.a(stm32h7xx_hal_gpio.o)
                0x0000000008004e40                HAL_GPIO_Init
 .text.HAL_GPIO_DeInit
                0x00000000080050c0      0x190 ../libDaisy/build/libdaisy.a(stm32h7xx_hal_gpio.o)
                0x00000000080050c0                HAL_GPIO_DeInit
 .text.HAL_GPIO_ReadPin
                0x0000000008005250        0xc ../libDaisy/build/libdaisy.a(stm32h7xx_hal_gpio.o)
                0x0000000008005250                HAL_GPIO_ReadPin
 .text.HAL_GPIO_WritePin
                0x000000000800525c        0x8 ../libDaisy/build/libdaisy.a(stm32h7xx_hal_gpio.o)
                0x000000000800525c                HAL_GPIO_WritePin
 .text.HAL_PCD_IRQHandler
                0x0000000008005264      0x69c ../libDaisy/build/libdaisy.a(stm32h7xx_hal_pcd.o)
                0x0000000008005264                HAL_PCD_IRQHandler
 .text.HAL_PCD_SetAddress
                0x0000000008005900       0x2c ../libDaisy/build/libdaisy.a(stm32h7xx_hal_pcd.o)
                0x0000000008005900                HAL_PCD_SetAddress
 .text.HAL_PCD_EP_Open
                0x000000000800592c       0x7c ../libDaisy/build/libdaisy.a(stm32h7xx_hal_pcd.o)
                0x000000000800592c                HAL_PCD_EP_Open
 .text.HAL_PCD_EP_Receive
                0x00000000080059a8       0x50 ../libDaisy/build/libdaisy.a(stm32h7xx_hal_pcd.o)
                0x00000000080059a8                HAL_PCD_EP_Receive
 .text.HAL_PCD_EP_Transmit
                0x00000000080059f8       0x50 ../libDaisy/build/libdaisy.a(stm32h7xx_hal_pcd.o)
                0x00000000080059f8                HAL_PCD_EP_Transmit
 .text.HAL_PCD_EP_SetStall
                0x0000000008005a48       0x88 ../libDaisy/build/libdaisy.a(stm32h7xx_hal_pcd.o)
                0x0000000008005a48                HAL_PCD_EP_SetStall
 .text.HAL_PCD_EP_ClrStall
                0x0000000008005ad0       0x78 ../libDaisy/build/libdaisy.a(stm32h7xx_hal_pcd.o)
                0x0000000008005ad0                HAL_PCD_EP_ClrStall
 .text.HAL_PCDEx_LPM_Callback
                0x0000000008005b48        0x4 ../libDaisy/build/libdaisy.a(stm32h7xx_hal_pcd_ex.o)
                0x0000000008005b48                HAL_PCDEx_LPM_Callback
 .text.HAL_PWREx_ConfigSupply
                0x0000000008005b4c       0x4c ../libDaisy/build/libdaisy.a(stm32h7xx_hal_pwr_ex.o)
                0x0000000008005b4c                HAL_PWREx_ConfigSupply
 .text.HAL_PWREx_EnableUSBVoltageDetector
                0x0000000008005b98       0x10 ../libDaisy/build/libdaisy.a(stm32h7xx_hal_pwr_ex.o)
                0x0000000008005b98                HAL_PWREx_EnableUSBVoltageDetector
 .text.QSPI_Config
                0x0000000008005ba8      0x174 ../libDaisy/build/libdaisy.a(stm32h7xx_hal_qspi.o)
 .text.HAL_QSPI_Init
                0x0000000008005d1c       0xd8 ../libDaisy/build/libdaisy.a(stm32h7xx_hal_qspi.o)
                0x0000000008005d1c                HAL_QSPI_Init
 .text.HAL_QSPI_DeInit
                0x0000000008005df4       0x3c ../libDaisy/build/libdaisy.a(stm32h7xx_hal_qspi.o)
                0x0000000008005df4                HAL_QSPI_DeInit
 .text.HAL_QSPI_Command
                0x0000000008005e30       0xd4 ../libDaisy/build/libdaisy.a(stm32h7xx_hal_qspi.o)
                0x0000000008005e30                HAL_QSPI_Command
 .text.HAL_QSPI_Transmit
                0x0000000008005f04       0xfc ../libDaisy/build/libdaisy.a(stm32h7xx_hal_qspi.o)
                0x0000000008005f04                HAL_QSPI_Transmit
 .text.HAL_QSPI_Receive
                0x0000000008006000      0x108 ../libDaisy/build/libdaisy.a(stm32h7xx_hal_qspi.o)
                0x0000000008006000                HAL_QSPI_Receive
 .text.HAL_QSPI_AutoPolling
                0x0000000008006108       0xf0 ../libDaisy/build/libdaisy.a(stm32h7xx_hal_qspi.o)
                0x0000000008006108                HAL_QSPI_AutoPolling
 .text.HAL_QSPI_MemoryMapped
                0x00000000080061f8       0xc0 ../libDaisy/build/libdaisy.a(stm32h7xx_hal_qspi.o)
                0x00000000080061f8                HAL_QSPI_MemoryMapped
 .text.HAL_QSPI_ErrorCallback
                0x00000000080062b8        0x4 ../libDaisy/build/libdaisy.a(stm32h7xx_hal_qspi.o)
                0x00000000080062b8                HAL_QSPI_ErrorCallback
 .text.QSPI_DMAAbortCplt
                0x00000000080062bc       0x38 ../libDaisy/build/libdaisy.a(stm32h7xx_hal_qspi.o)
 .text.HAL_QSPI_AbortCpltCallback
                0x00000000080062f4        0x4 ../libDaisy/build/libdaisy.a(stm32h7xx_hal_qspi.o)
                0x00000000080062f4                HAL_QSPI_AbortCpltCallback
 .text.HAL_QSPI_CmdCpltCallback
                0x00000000080062f8        0x4 ../libDaisy/build/libdaisy.a(stm32h7xx_hal_qspi.o)
                0x00000000080062f8                HAL_QSPI_CmdCpltCallback
 .text.HAL_QSPI_RxCpltCallback
                0x00000000080062fc        0x4 ../libDaisy/build/libdaisy.a(stm32h7xx_hal_qspi.o)
                0x00000000080062fc                HAL_QSPI_RxCpltCallback
 .text.HAL_QSPI_TxCpltCallback
                0x0000000008006300        0x4 ../libDaisy/build/libdaisy.a(stm32h7xx_hal_qspi.o)
                0x0000000008006300                HAL_QSPI_TxCpltCallback
 .text.HAL_QSPI_FifoThresholdCallback
                0x0000000008006304        0x4 ../libDaisy/build/libdaisy.a(stm32h7xx_hal_qspi.o)
                0x0000000008006304                HAL_QSPI_FifoThresholdCallback
 .text.HAL_QSPI_StatusMatchCallback
                0x0000000008006308        0x4 ../libDaisy/build/libdaisy.a(stm32h7xx_hal_qspi.o)
                0x0000000008006308                HAL_QSPI_StatusMatchCallback
 .text.HAL_QSPI_TimeOutCallback
                0x000000000800630c        0x4 ../libDaisy/build/libdaisy.a(stm32h7xx_hal_qspi.o)
                0x000000000800630c                HAL_QSPI_TimeOutCallback
 .text.HAL_QSPI_IRQHandler
                0x0000000008006310      0x210 ../libDaisy/build/libdaisy.a(stm32h7xx_hal_qspi.o)
                0x0000000008006310                HAL_QSPI_IRQHandler
 .text.HAL_RCC_OscConfig
                0x0000000008006520      0x51c ../libDaisy/build/libdaisy.a(stm32h7xx_hal_rcc.o)
                0x0000000008006520                HAL_RCC_OscConfig
 .text.HAL_RCC_GetSysClockFreq
                0x0000000008006a3c      0x140 ../libDaisy/build/libdaisy.a(stm32h7xx_hal_rcc.o)
                0x0000000008006a3c                HAL_RCC_GetSysClockFreq
 .text.HAL_RCC_ClockConfig
                0x0000000008006b7c      0x234 ../libDaisy/build/libdaisy.a(stm32h7xx_hal_rcc.o)
                0x0000000008006b7c                HAL_RCC_ClockConfig
 .text.HAL_RCC_GetHCLKFreq
                0x0000000008006db0       0x2c ../libDaisy/build/libdaisy.a(stm32h7xx_hal_rcc.o)
                0x0000000008006db0                HAL_RCC_GetHCLKFreq
 .text.RCCEx_PLL2_Config
                0x0000000008006ddc       0xf4 ../libDaisy/build/libdaisy.a(stm32h7xx_hal_rcc_ex.o)
 .text.RCCEx_PLL3_Config
                0x0000000008006ed0       0xf4 ../libDaisy/build/libdaisy.a(stm32h7xx_hal_rcc_ex.o)
 .text.HAL_RCCEx_PeriphCLKConfig
                0x0000000008006fc4      0xa7c ../libDaisy/build/libdaisy.a(stm32h7xx_hal_rcc_ex.o)
                0x0000000008006fc4                HAL_RCCEx_PeriphCLKConfig
 .text.HAL_RCCEx_GetPLL2ClockFreq
                0x0000000008007a40      0x17c ../libDaisy/build/libdaisy.a(stm32h7xx_hal_rcc_ex.o)
                0x0000000008007a40                HAL_RCCEx_GetPLL2ClockFreq
 .text.HAL_RCCEx_GetPLL3ClockFreq
                0x0000000008007bbc      0x17c ../libDaisy/build/libdaisy.a(stm32h7xx_hal_rcc_ex.o)
                0x0000000008007bbc                HAL_RCCEx_GetPLL3ClockFreq
 .text.HAL_RCCEx_GetPLL1ClockFreq
                0x0000000008007d38      0x17c ../libDaisy/build/libdaisy.a(stm32h7xx_hal_rcc_ex.o)
                0x0000000008007d38                HAL_RCCEx_GetPLL1ClockFreq
 .text.HAL_RCCEx_GetPeriphCLKFreq
                0x0000000008007eb4      0x198 ../libDaisy/build/libdaisy.a(stm32h7xx_hal_rcc_ex.o)
                0x0000000008007eb4                HAL_RCCEx_GetPeriphCLKFreq
 .text.HAL_RCCEx_GetD1SysClockFreq
                0x000000000800804c       0x2c ../libDaisy/build/libdaisy.a(stm32h7xx_hal_rcc_ex.o)
                0x000000000800804c                HAL_RCCEx_GetD1SysClockFreq
 .text.HAL_SAI_Init.part.0
                0x0000000008008078      0x348 ../libDaisy/build/libdaisy.a(stm32h7xx_hal_sai.o)
 .text.HAL_SAI_InitProtocol
                0x00000000080083c0      0x178 ../libDaisy/build/libdaisy.a(stm32h7xx_hal_sai.o)
                0x00000000080083c0                HAL_SAI_InitProtocol
 .text.HAL_SAI_Transmit_DMA
                0x0000000008008538      0x124 ../libDaisy/build/libdaisy.a(stm32h7xx_hal_sai.o)
                0x0000000008008538                HAL_SAI_Transmit_DMA
 .text.HAL_SAI_Receive_DMA
                0x000000000800865c       0xd0 ../libDaisy/build/libdaisy.a(stm32h7xx_hal_sai.o)
                0x000000000800865c                HAL_SAI_Receive_DMA
 .text.HAL_SAI_TxCpltCallback
                0x000000000800872c        0x4 ../libDaisy/build/libdaisy.a(stm32h7xx_hal_sai.o)
                0x000000000800872c                HAL_SAI_TxCpltCallback
 .text.SAI_DMATxCplt
                0x0000000008008730       0x64 ../libDaisy/build/libdaisy.a(stm32h7xx_hal_sai.o)
 .text.HAL_SAI_TxHalfCpltCallback
                0x0000000008008794        0x4 ../libDaisy/build/libdaisy.a(stm32h7xx_hal_sai.o)
                0x0000000008008794                HAL_SAI_TxHalfCpltCallback
 .text.SAI_DMATxHalfCplt
                0x0000000008008798        0xc ../libDaisy/build/libdaisy.a(stm32h7xx_hal_sai.o)
 .text.SAI_DMARxCplt
                0x00000000080087a4       0x64 ../libDaisy/build/libdaisy.a(stm32h7xx_hal_sai.o)
 .text.SAI_DMARxHalfCplt
                0x0000000008008808        0xc ../libDaisy/build/libdaisy.a(stm32h7xx_hal_sai.o)
 .text.HAL_SAI_ErrorCallback
                0x0000000008008814        0x4 ../libDaisy/build/libdaisy.a(stm32h7xx_hal_sai.o)
                0x0000000008008814                HAL_SAI_ErrorCallback
 .text.SAI_DMAError
                0x0000000008008818       0x6c ../libDaisy/build/libdaisy.a(stm32h7xx_hal_sai.o)
 .text.HAL_SDRAM_Init
                0x0000000008008884       0x54 ../libDaisy/build/libdaisy.a(stm32h7xx_hal_sdram.o)
                0x0000000008008884                HAL_SDRAM_Init
 .text.HAL_SDRAM_SendCommand
                0x00000000080088d8       0x40 ../libDaisy/build/libdaisy.a(stm32h7xx_hal_sdram.o)
                0x00000000080088d8                HAL_SDRAM_SendCommand
 .text.HAL_SDRAM_ProgramRefreshRate
                0x0000000008008918       0x30 ../libDaisy/build/libdaisy.a(stm32h7xx_hal_sdram.o)
                0x0000000008008918                HAL_SDRAM_ProgramRefreshRate
 .text.FMC_SDRAM_Init
                0x0000000008008948       0x7c ../libDaisy/build/libdaisy.a(stm32h7xx_ll_fmc.o)
                0x0000000008008948                FMC_SDRAM_Init
 .text.FMC_SDRAM_Timing_Init
                0x00000000080089c4       0x98 ../libDaisy/build/libdaisy.a(stm32h7xx_ll_fmc.o)
                0x00000000080089c4                FMC_SDRAM_Timing_Init
 .text.FMC_SDRAM_SendCommand
                0x0000000008008a5c       0x28 ../libDaisy/build/libdaisy.a(stm32h7xx_ll_fmc.o)
                0x0000000008008a5c                FMC_SDRAM_SendCommand
 .text.FMC_SDRAM_ProgramRefreshRate
                0x0000000008008a84       0x1c ../libDaisy/build/libdaisy.a(stm32h7xx_ll_fmc.o)
                0x0000000008008a84                FMC_SDRAM_ProgramRefreshRate
 .text.USB_SetTurnaroundTime
                0x0000000008008aa0       0xf4 ../libDaisy/build/libdaisy.a(stm32h7xx_ll_usb.o)
                0x0000000008008aa0                USB_SetTurnaroundTime
 .text.USB_FlushTxFifo
                0x0000000008008b94       0x24 ../libDaisy/build/libdaisy.a(stm32h7xx_ll_usb.o)
                0x0000000008008b94                USB_FlushTxFifo
 .text.USB_GetDevSpeed
                0x0000000008008bb8       0x18 ../libDaisy/build/libdaisy.a(stm32h7xx_ll_usb.o)
                0x0000000008008bb8                USB_GetDevSpeed
 .text.USB_ActivateEndpoint
                0x0000000008008bd0       0x90 ../libDaisy/build/libdaisy.a(stm32h7xx_ll_usb.o)
                0x0000000008008bd0                USB_ActivateEndpoint
 .text.USB_EPStartXfer
                0x0000000008008c60      0x230 ../libDaisy/build/libdaisy.a(stm32h7xx_ll_usb.o)
                0x0000000008008c60                USB_EPStartXfer
 .text.USB_EP0StartXfer
                0x0000000008008e90      0x174 ../libDaisy/build/libdaisy.a(stm32h7xx_ll_usb.o)
                0x0000000008008e90                USB_EP0StartXfer
 .text.USB_WritePacket
                0x0000000008009004       0x2c ../libDaisy/build/libdaisy.a(stm32h7xx_ll_usb.o)
                0x0000000008009004                USB_WritePacket
 .text.USB_ReadPacket
                0x0000000008009030       0x20 ../libDaisy/build/libdaisy.a(stm32h7xx_ll_usb.o)
                0x0000000008009030                USB_ReadPacket
 .text.USB_EPSetStall
                0x0000000008009050       0x68 ../libDaisy/build/libdaisy.a(stm32h7xx_ll_usb.o)
                0x0000000008009050                USB_EPSetStall
 .text.USB_EPClearStall
                0x00000000080090b8       0x58 ../libDaisy/build/libdaisy.a(stm32h7xx_ll_usb.o)
                0x00000000080090b8                USB_EPClearStall
 .text.USB_SetDevAddress
                0x0000000008009110       0x24 ../libDaisy/build/libdaisy.a(stm32h7xx_ll_usb.o)
                0x0000000008009110                USB_SetDevAddress
 .text.USB_ReadInterrupts
                0x0000000008009134        0x8 ../libDaisy/build/libdaisy.a(stm32h7xx_ll_usb.o)
                0x0000000008009134                USB_ReadInterrupts
 .text.USB_ReadDevAllOutEpInterrupt
                0x000000000800913c       0x10 ../libDaisy/build/libdaisy.a(stm32h7xx_ll_usb.o)
                0x000000000800913c                USB_ReadDevAllOutEpInterrupt
 .text.USB_ReadDevAllInEpInterrupt
                0x000000000800914c       0x10 ../libDaisy/build/libdaisy.a(stm32h7xx_ll_usb.o)
                0x000000000800914c                USB_ReadDevAllInEpInterrupt
 .text.USB_ReadDevOutEPInterrupt
                0x000000000800915c       0x14 ../libDaisy/build/libdaisy.a(stm32h7xx_ll_usb.o)
                0x000000000800915c                USB_ReadDevOutEPInterrupt
 .text.USB_ReadDevInEPInterrupt
                0x0000000008009170       0x20 ../libDaisy/build/libdaisy.a(stm32h7xx_ll_usb.o)
                0x0000000008009170                USB_ReadDevInEPInterrupt
 .text.USB_GetMode
                0x0000000008009190        0x8 ../libDaisy/build/libdaisy.a(stm32h7xx_ll_usb.o)
                0x0000000008009190                USB_GetMode
 .text.USB_ActivateSetup
                0x0000000008009198       0x38 ../libDaisy/build/libdaisy.a(stm32h7xx_ll_usb.o)
                0x0000000008009198                USB_ActivateSetup
 .text.USB_EP0_OutStart
                0x00000000080091d0       0x58 ../libDaisy/build/libdaisy.a(stm32h7xx_ll_usb.o)
                0x00000000080091d0                USB_EP0_OutStart
 .text.USBD_SetClassConfig
                0x0000000008009228       0x14 ../libDaisy/build/libdaisy.a(usbd_core.o)
                0x0000000008009228                USBD_SetClassConfig
 .text.USBD_ClrClassConfig
                0x000000000800923c       0x10 ../libDaisy/build/libdaisy.a(usbd_core.o)
                0x000000000800923c                USBD_ClrClassConfig
 .text.USBD_LL_SetupStage
                0x000000000800924c       0x5c ../libDaisy/build/libdaisy.a(usbd_core.o)
                0x000000000800924c                USBD_LL_SetupStage
 .text.USBD_LL_DataOutStage
                0x00000000080092a8       0x7c ../libDaisy/build/libdaisy.a(usbd_core.o)
                0x00000000080092a8                USBD_LL_DataOutStage
 .text.USBD_LL_DataInStage
                0x0000000008009324       0xcc ../libDaisy/build/libdaisy.a(usbd_core.o)
                0x0000000008009324                USBD_LL_DataInStage
 .text.USBD_LL_Reset
                0x00000000080093f0       0x50 ../libDaisy/build/libdaisy.a(usbd_core.o)
                0x00000000080093f0                USBD_LL_Reset
 .text.USBD_LL_SetSpeed
                0x0000000008009440        0x8 ../libDaisy/build/libdaisy.a(usbd_core.o)
                0x0000000008009440                USBD_LL_SetSpeed
 .text.USBD_LL_Suspend
                0x0000000008009448       0x14 ../libDaisy/build/libdaisy.a(usbd_core.o)
                0x0000000008009448                USBD_LL_Suspend
 .text.USBD_LL_Resume
                0x000000000800945c       0x10 ../libDaisy/build/libdaisy.a(usbd_core.o)
                0x000000000800945c                USBD_LL_Resume
 .text.USBD_LL_SOF
                0x000000000800946c       0x1c ../libDaisy/build/libdaisy.a(usbd_core.o)
                0x000000000800946c                USBD_LL_SOF
 .text.USBD_LL_IsoINIncomplete
                0x0000000008009488        0x4 ../libDaisy/build/libdaisy.a(usbd_core.o)
                0x0000000008009488                USBD_LL_IsoINIncomplete
 .text.USBD_LL_IsoOUTIncomplete
                0x000000000800948c        0x4 ../libDaisy/build/libdaisy.a(usbd_core.o)
                0x000000000800948c                USBD_LL_IsoOUTIncomplete
 .text.USBD_LL_DevConnected
                0x0000000008009490        0x4 ../libDaisy/build/libdaisy.a(usbd_core.o)
                0x0000000008009490                USBD_LL_DevConnected
 .text.USBD_LL_DevDisconnected
                0x0000000008009494       0x18 ../libDaisy/build/libdaisy.a(usbd_core.o)
                0x0000000008009494                USBD_LL_DevDisconnected
 .text.USBD_StdDevReq
                0x00000000080094ac      0x2f4 ../libDaisy/build/libdaisy.a(usbd_ctlreq.o)
                0x00000000080094ac                USBD_StdDevReq
 .text.USBD_StdItfReq
                0x00000000080097a0       0x68 ../libDaisy/build/libdaisy.a(usbd_ctlreq.o)
                0x00000000080097a0                USBD_StdItfReq
 .text.USBD_StdEPReq
                0x0000000008009808      0x13c ../libDaisy/build/libdaisy.a(usbd_ctlreq.o)
                0x0000000008009808                USBD_StdEPReq
 .text.USBD_ParseSetupRequest
                0x0000000008009944       0x28 ../libDaisy/build/libdaisy.a(usbd_ctlreq.o)
                0x0000000008009944                USBD_ParseSetupRequest
 .text.USBD_CtlSendData
                0x000000000800996c       0x1c ../libDaisy/build/libdaisy.a(usbd_ioreq.o)
                0x000000000800996c                USBD_CtlSendData
 .text.USBD_CtlContinueSendData
                0x0000000008009988       0x14 ../libDaisy/build/libdaisy.a(usbd_ioreq.o)
                0x0000000008009988                USBD_CtlContinueSendData
 .text.USBD_CtlContinueRx
                0x000000000800999c       0x14 ../libDaisy/build/libdaisy.a(usbd_ioreq.o)
                0x000000000800999c                USBD_CtlContinueRx
 .text.USBD_CtlSendStatus
                0x00000000080099b0       0x18 ../libDaisy/build/libdaisy.a(usbd_ioreq.o)
                0x00000000080099b0                USBD_CtlSendStatus
 .text.USBD_CtlReceiveStatus
                0x00000000080099c8       0x18 ../libDaisy/build/libdaisy.a(usbd_ioreq.o)
                0x00000000080099c8                USBD_CtlReceiveStatus
 .text.dsy_i2c_global_init
                0x00000000080099e0       0x78 ../libDaisy/build/libdaisy.a(i2c.o)
                0x00000000080099e0                dsy_i2c_global_init
 .text.DMA1_Stream6_IRQHandler
                0x0000000008009a58       0x34 ../libDaisy/build/libdaisy.a(i2c.o)
                0x0000000008009a58                DMA1_Stream6_IRQHandler
 .text.I2C1_EV_IRQHandler
                0x0000000008009a8c        0xc ../libDaisy/build/libdaisy.a(i2c.o)
                0x0000000008009a8c                I2C1_EV_IRQHandler
 .text.I2C2_EV_IRQHandler
                0x0000000008009a98        0xc ../libDaisy/build/libdaisy.a(i2c.o)
                0x0000000008009a98                I2C2_EV_IRQHandler
 .text.I2C3_EV_IRQHandler
                0x0000000008009aa4        0xc ../libDaisy/build/libdaisy.a(i2c.o)
                0x0000000008009aa4                I2C3_EV_IRQHandler
 .text.startup._GLOBAL__sub_I__ZN5daisy9I2CHandle4Impl10GlobalInitEv
                0x0000000008009ab0       0x18 ../libDaisy/build/libdaisy.a(i2c.o)
 .text.HAL_TIM_Base_MspInit
                0x0000000008009ac8       0xcc ../libDaisy/build/libdaisy.a(tim.o)
                0x0000000008009ac8                HAL_TIM_Base_MspInit
 .text._ZN5daisy11TimerHandle4InitERKNS0_6ConfigE
                0x0000000008009b94       0xc4 ../libDaisy/build/libdaisy.a(tim.o)
                0x0000000008009b94                daisy::TimerHandle::Init(daisy::TimerHandle::Config const&)
 .text._ZN5daisy11TimerHandle5StartEv
                0x0000000008009c58       0x14 ../libDaisy/build/libdaisy.a(tim.o)
                0x0000000008009c58                daisy::TimerHandle::Start()
 .text.dsy_dma_init
                0x0000000008009c6c       0xd0 ../libDaisy/build/libdaisy.a(dma.o)
                0x0000000008009c6c                dsy_dma_init
 .text.HAL_I2C_EV_IRQHandler
                0x0000000008009d3c       0x10 ../libDaisy/build/libdaisy.a(stm32h7xx_hal_i2c.o)
                0x0000000008009d3c                HAL_I2C_EV_IRQHandler
 .text.HAL_MDMA_Abort_IT
                0x0000000008009d4c       0x2c ../libDaisy/build/libdaisy.a(stm32h7xx_hal_mdma.o)
                0x0000000008009d4c                HAL_MDMA_Abort_IT
 .text.HAL_TIM_Base_Init
                0x0000000008009d78      0x140 ../libDaisy/build/libdaisy.a(stm32h7xx_hal_tim.o)
                0x0000000008009d78                HAL_TIM_Base_Init
 .text.HAL_TIM_Base_Start
                0x0000000008009eb8       0x34 ../libDaisy/build/libdaisy.a(stm32h7xx_hal_tim.o)
                0x0000000008009eb8                HAL_TIM_Base_Start
 .text.HAL_TIM_ConfigClockSource
                0x0000000008009eec      0x17c ../libDaisy/build/libdaisy.a(stm32h7xx_hal_tim.o)
                0x0000000008009eec                HAL_TIM_ConfigClockSource
 .text.HAL_TIMEx_MasterConfigSynchronization
                0x000000000800a068       0x64 ../libDaisy/build/libdaisy.a(stm32h7xx_hal_tim_ex.o)
                0x000000000800a068                HAL_TIMEx_MasterConfigSynchronization
 .text._ZN7daisysp4Adsr4InitEfi
                0x000000000800a0cc       0xe0 ../DaisySP/build/libdaisysp.a(adsr.o)
                0x000000000800a0cc                daisysp::Adsr::Init(float, int)
 .text._ZN7daisysp4Adsr13SetAttackTimeEff
                0x000000000800a1ac       0xac ../DaisySP/build/libdaisysp.a(adsr.o)
                0x000000000800a1ac                daisysp::Adsr::SetAttackTime(float, float)
 .text._ZN7daisysp4Adsr14SetReleaseTimeEf
                0x000000000800a258       0x50 ../DaisySP/build/libdaisysp.a(adsr.o)
                0x000000000800a258                daisysp::Adsr::SetReleaseTime(float)
 .text._ZN7daisysp4Adsr7ProcessEb
                0x000000000800a2a8       0xb0 ../DaisySP/build/libdaisysp.a(adsr.o)
                0x000000000800a2a8                daisysp::Adsr::Process(bool)
 .text._ZN7daisysp23VariableShapeOscillator4InitEf
                0x000000000800a358       0xa4 ../DaisySP/build/libdaisysp.a(variableshapeosc.o)
                0x000000000800a358                daisysp::VariableShapeOscillator::Init(float)
 .text._ZN7daisysp23VariableShapeOscillator7ProcessEv
                0x000000000800a3fc      0x2c4 ../DaisySP/build/libdaisysp.a(variableshapeosc.o)
                0x000000000800a3fc                daisysp::VariableShapeOscillator::Process()
 .text._ZN7daisysp23VariableShapeOscillator7SetFreqEf
                0x000000000800a6c0       0x20 ../DaisySP/build/libdaisysp.a(variableshapeosc.o)
                0x000000000800a6c0                daisysp::VariableShapeOscillator::SetFreq(float)
 .text._ZN7daisysp23VariableShapeOscillator5SetPWEf
                0x000000000800a6e0       0x38 ../DaisySP/build/libdaisysp.a(variableshapeosc.o)
                0x000000000800a6e0                daisysp::VariableShapeOscillator::SetPW(float)
 .text._ZN7daisysp23VariableShapeOscillator12SetWaveshapeEf
                0x000000000800a718        0x8 ../DaisySP/build/libdaisysp.a(variableshapeosc.o)
                0x000000000800a718                daisysp::VariableShapeOscillator::SetWaveshape(float)
 .text._ZN7daisysp23VariableShapeOscillator7SetSyncEb
                0x000000000800a720        0x4 ../DaisySP/build/libdaisysp.a(variableshapeosc.o)
                0x000000000800a720                daisysp::VariableShapeOscillator::SetSync(bool)
 .text._ZN7daisysp23VariableShapeOscillator11SetSyncFreqEf
                0x000000000800a724       0x28 ../DaisySP/build/libdaisysp.a(variableshapeosc.o)
                0x000000000800a724                daisysp::VariableShapeOscillator::SetSyncFreq(float)
 .text._ZN7daisysp4Port4InitEff
                0x000000000800a74c       0x24 ../DaisySP/build/libdaisysp.a(port.o)
                0x000000000800a74c                daisysp::Port::Init(float, float)
 .text._ZN7daisysp4Port7ProcessEf
                0x000000000800a770       0x70 ../DaisySP/build/libdaisysp.a(port.o)
                0x000000000800a770                daisysp::Port::Process(float)
 .text.__aeabi_atexit
                0x000000000800a7e0        0xa /usr/local/Caskroom/gcc-arm-embedded/10-2020-q4-major/gcc-arm-none-eabi-10-2020-q4-major/bin/../lib/gcc/arm-none-eabi/10.2.1/../../../../arm-none-eabi/lib/thumb/v7e-m+dp/hard/libstdc++_nano.a(atexit_arm.o)
                0x000000000800a7e0                __aeabi_atexit
 *fill*         0x000000000800a7ea        0x6 
 .text.pow      0x000000000800a7f0      0x594 /usr/local/Caskroom/gcc-arm-embedded/10-2020-q4-major/gcc-arm-none-eabi-10-2020-q4-major/bin/../lib/gcc/arm-none-eabi/10.2.1/../../../../arm-none-eabi/lib/thumb/v7e-m+dp/hard/libm.a(lib_a-pow.o)
                0x000000000800a7f0                pow
 .text.expf     0x000000000800ad84       0xe4 /usr/local/Caskroom/gcc-arm-embedded/10-2020-q4-major/gcc-arm-none-eabi-10-2020-q4-major/bin/../lib/gcc/arm-none-eabi/10.2.1/../../../../arm-none-eabi/lib/thumb/v7e-m+dp/hard/libm.a(lib_a-sf_exp.o)
                0x000000000800ad84                expf
 .text.logf     0x000000000800ae68       0xc8 /usr/local/Caskroom/gcc-arm-embedded/10-2020-q4-major/gcc-arm-none-eabi-10-2020-q4-major/bin/../lib/gcc/arm-none-eabi/10.2.1/../../../../arm-none-eabi/lib/thumb/v7e-m+dp/hard/libm.a(lib_a-sf_log.o)
                0x000000000800ae68                logf
 .text.powf     0x000000000800af30      0x328 /usr/local/Caskroom/gcc-arm-embedded/10-2020-q4-major/gcc-arm-none-eabi-10-2020-q4-major/bin/../lib/gcc/arm-none-eabi/10.2.1/../../../../arm-none-eabi/lib/thumb/v7e-m+dp/hard/libm.a(lib_a-sf_pow.o)
                0x000000000800af30                powf
 .text.with_errno
                0x000000000800b258       0x18 /usr/local/Caskroom/gcc-arm-embedded/10-2020-q4-major/gcc-arm-none-eabi-10-2020-q4-major/bin/../lib/gcc/arm-none-eabi/10.2.1/../../../../arm-none-eabi/lib/thumb/v7e-m+dp/hard/libm.a(lib_a-math_err.o)
 .text.xflow    0x000000000800b270       0x24 /usr/local/Caskroom/gcc-arm-embedded/10-2020-q4-major/gcc-arm-none-eabi-10-2020-q4-major/bin/../lib/gcc/arm-none-eabi/10.2.1/../../../../arm-none-eabi/lib/thumb/v7e-m+dp/hard/libm.a(lib_a-math_err.o)
 *fill*         0x000000000800b294        0x4 
 .text.__math_uflow
                0x000000000800b298       0x10 /usr/local/Caskroom/gcc-arm-embedded/10-2020-q4-major/gcc-arm-none-eabi-10-2020-q4-major/bin/../lib/gcc/arm-none-eabi/10.2.1/../../../../arm-none-eabi/lib/thumb/v7e-m+dp/hard/libm.a(lib_a-math_err.o)
                0x000000000800b298                __math_uflow
 .text.__math_oflow
                0x000000000800b2a8       0x10 /usr/local/Caskroom/gcc-arm-embedded/10-2020-q4-major/gcc-arm-none-eabi-10-2020-q4-major/bin/../lib/gcc/arm-none-eabi/10.2.1/../../../../arm-none-eabi/lib/thumb/v7e-m+dp/hard/libm.a(lib_a-math_err.o)
                0x000000000800b2a8                __math_oflow
 .text.__math_divzero
                0x000000000800b2b8       0x30 /usr/local/Caskroom/gcc-arm-embedded/10-2020-q4-major/gcc-arm-none-eabi-10-2020-q4-major/bin/../lib/gcc/arm-none-eabi/10.2.1/../../../../arm-none-eabi/lib/thumb/v7e-m+dp/hard/libm.a(lib_a-math_err.o)
                0x000000000800b2b8                __math_divzero
 .text.__math_invalid
                0x000000000800b2e8       0x20 /usr/local/Caskroom/gcc-arm-embedded/10-2020-q4-major/gcc-arm-none-eabi-10-2020-q4-major/bin/../lib/gcc/arm-none-eabi/10.2.1/../../../../arm-none-eabi/lib/thumb/v7e-m+dp/hard/libm.a(lib_a-math_err.o)
                0x000000000800b2e8                __math_invalid
 .text.__math_check_uflow
                0x000000000800b308       0x14 /usr/local/Caskroom/gcc-arm-embedded/10-2020-q4-major/gcc-arm-none-eabi-10-2020-q4-major/bin/../lib/gcc/arm-none-eabi/10.2.1/../../../../arm-none-eabi/lib/thumb/v7e-m+dp/hard/libm.a(lib_a-math_err.o)
                0x000000000800b308                __math_check_uflow
 *fill*         0x000000000800b31c        0x4 
 .text.__math_check_oflow
                0x000000000800b320       0x28 /usr/local/Caskroom/gcc-arm-embedded/10-2020-q4-major/gcc-arm-none-eabi-10-2020-q4-major/bin/../lib/gcc/arm-none-eabi/10.2.1/../../../../arm-none-eabi/lib/thumb/v7e-m+dp/hard/libm.a(lib_a-math_err.o)
                0x000000000800b320                __math_check_oflow
 .text.with_errnof
                0x000000000800b348       0x18 /usr/local/Caskroom/gcc-arm-embedded/10-2020-q4-major/gcc-arm-none-eabi-10-2020-q4-major/bin/../lib/gcc/arm-none-eabi/10.2.1/../../../../arm-none-eabi/lib/thumb/v7e-m+dp/hard/libm.a(lib_a-math_errf.o)
 .text.xflowf   0x000000000800b360       0x20 /usr/local/Caskroom/gcc-arm-embedded/10-2020-q4-major/gcc-arm-none-eabi-10-2020-q4-major/bin/../lib/gcc/arm-none-eabi/10.2.1/../../../../arm-none-eabi/lib/thumb/v7e-m+dp/hard/libm.a(lib_a-math_errf.o)
 .text.__math_uflowf
                0x000000000800b380        0xc /usr/local/Caskroom/gcc-arm-embedded/10-2020-q4-major/gcc-arm-none-eabi-10-2020-q4-major/bin/../lib/gcc/arm-none-eabi/10.2.1/../../../../arm-none-eabi/lib/thumb/v7e-m+dp/hard/libm.a(lib_a-math_errf.o)
                0x000000000800b380                __math_uflowf
 .text.__math_may_uflowf
                0x000000000800b38c        0xc /usr/local/Caskroom/gcc-arm-embedded/10-2020-q4-major/gcc-arm-none-eabi-10-2020-q4-major/bin/../lib/gcc/arm-none-eabi/10.2.1/../../../../arm-none-eabi/lib/thumb/v7e-m+dp/hard/libm.a(lib_a-math_errf.o)
                0x000000000800b38c                __math_may_uflowf
 .text.__math_oflowf
                0x000000000800b398        0xc /usr/local/Caskroom/gcc-arm-embedded/10-2020-q4-major/gcc-arm-none-eabi-10-2020-q4-major/bin/../lib/gcc/arm-none-eabi/10.2.1/../../../../arm-none-eabi/lib/thumb/v7e-m+dp/hard/libm.a(lib_a-math_errf.o)
                0x000000000800b398                __math_oflowf
 .text.__math_divzerof
                0x000000000800b3a4       0x24 /usr/local/Caskroom/gcc-arm-embedded/10-2020-q4-major/gcc-arm-none-eabi-10-2020-q4-major/bin/../lib/gcc/arm-none-eabi/10.2.1/../../../../arm-none-eabi/lib/thumb/v7e-m+dp/hard/libm.a(lib_a-math_errf.o)
                0x000000000800b3a4                __math_divzerof
 .text.__math_invalidf
                0x000000000800b3c8       0x20 /usr/local/Caskroom/gcc-arm-embedded/10-2020-q4-major/gcc-arm-none-eabi-10-2020-q4-major/bin/../lib/gcc/arm-none-eabi/10.2.1/../../../../arm-none-eabi/lib/thumb/v7e-m+dp/hard/libm.a(lib_a-math_errf.o)
                0x000000000800b3c8                __math_invalidf
 .text.__cxa_atexit
                0x000000000800b3e8       0x1c /usr/local/Caskroom/gcc-arm-embedded/10-2020-q4-major/gcc-arm-none-eabi-10-2020-q4-major/bin/../lib/gcc/arm-none-eabi/10.2.1/../../../../arm-none-eabi/lib/thumb/v7e-m+dp/hard/libc_nano.a(lib_a-cxa_atexit.o)
                0x000000000800b3e8                __cxa_atexit
 .text.__errno  0x000000000800b404        0xc /usr/local/Caskroom/gcc-arm-embedded/10-2020-q4-major/gcc-arm-none-eabi-10-2020-q4-major/bin/../lib/gcc/arm-none-eabi/10.2.1/../../../../arm-none-eabi/lib/thumb/v7e-m+dp/hard/libc_nano.a(lib_a-errno.o)
                0x000000000800b404                __errno
 .text.__libc_init_array
                0x000000000800b410       0x48 /usr/local/Caskroom/gcc-arm-embedded/10-2020-q4-major/gcc-arm-none-eabi-10-2020-q4-major/bin/../lib/gcc/arm-none-eabi/10.2.1/../../../../arm-none-eabi/lib/thumb/v7e-m+dp/hard/libc_nano.a(lib_a-init.o)
                0x000000000800b410                __libc_init_array
 .text.memcpy   0x000000000800b458       0x1c /usr/local/Caskroom/gcc-arm-embedded/10-2020-q4-major/gcc-arm-none-eabi-10-2020-q4-major/bin/../lib/gcc/arm-none-eabi/10.2.1/../../../../arm-none-eabi/lib/thumb/v7e-m+dp/hard/libc_nano.a(lib_a-memcpy-stub.o)
                0x000000000800b458                memcpy
 .text.memset   0x000000000800b474       0x10 /usr/local/Caskroom/gcc-arm-embedded/10-2020-q4-major/gcc-arm-none-eabi-10-2020-q4-major/bin/../lib/gcc/arm-none-eabi/10.2.1/../../../../arm-none-eabi/lib/thumb/v7e-m+dp/hard/libc_nano.a(lib_a-memset.o)
                0x000000000800b474                memset
 *(.rodata)
 .rodata        0x000000000800b484       0x10 ../libDaisy/build/libdaisy.a(tim.o)
 *(.rodata*)
 .rodata._ZL8seedgpio
                0x000000000800b494       0x3e ../libDaisy/build/libdaisy.a(daisy_seed.o)
 *fill*         0x000000000800b4d2        0x2 
 .rodata._ZL16dsy_adc_rank_map
                0x000000000800b4d4       0x40 ../libDaisy/build/libdaisy.a(adc.o)
 .rodata.HAL_QSPI_MspInit.str1.4
                0x000000000800b514        0x7 ../libDaisy/build/libdaisy.a(qspi.o)
 *fill*         0x000000000800b51b        0x1 
 .rodata.CSWTCH.33
                0x000000000800b51c        0x3 ../libDaisy/build/libdaisy.a(sai.o)
 *fill*         0x000000000800b51f        0x1 
 .rodata.CSWTCH.34
                0x000000000800b520        0xc ../libDaisy/build/libdaisy.a(sai.o)
 .rodata.CSWTCH.41
                0x000000000800b52c       0x14 ../libDaisy/build/libdaisy.a(sai.o)
 .rodata.D1CorePrescTable
                0x000000000800b540       0x10 ../libDaisy/build/libdaisy.a(system_stm32h7xx.o)
                0x000000000800b540                D1CorePrescTable
 .rodata.CSWTCH.24
                0x000000000800b550        0x4 ../libDaisy/build/libdaisy.a(usbd_conf.o)
 .rodata.gpio_hal_pin_map
                0x000000000800b554       0x20 ../libDaisy/build/libdaisy.a(hal_map.o)
 .rodata.gpio_hal_port_map
                0x000000000800b574       0x30 ../libDaisy/build/libdaisy.a(hal_map.o)
 .rodata.flagBitshiftOffset.0
                0x000000000800b5a4        0x8 ../libDaisy/build/libdaisy.a(stm32h7xx_hal_dma.o)
 *fill*         0x000000000800b5ac        0x4 
 .rodata.__pow_log_data
                0x000000000800b5b0     0x1048 /usr/local/Caskroom/gcc-arm-embedded/10-2020-q4-major/gcc-arm-none-eabi-10-2020-q4-major/bin/../lib/gcc/arm-none-eabi/10.2.1/../../../../arm-none-eabi/lib/thumb/v7e-m+dp/hard/libm.a(lib_a-pow_log_data.o)
                0x000000000800b5b0                __pow_log_data
 .rodata.__exp2f_data
                0x000000000800c5f8      0x148 /usr/local/Caskroom/gcc-arm-embedded/10-2020-q4-major/gcc-arm-none-eabi-10-2020-q4-major/bin/../lib/gcc/arm-none-eabi/10.2.1/../../../../arm-none-eabi/lib/thumb/v7e-m+dp/hard/libm.a(lib_a-sf_exp2_data.o)
                0x000000000800c5f8                __exp2f_data
 .rodata.__logf_data
                0x000000000800c740      0x120 /usr/local/Caskroom/gcc-arm-embedded/10-2020-q4-major/gcc-arm-none-eabi-10-2020-q4-major/bin/../lib/gcc/arm-none-eabi/10.2.1/../../../../arm-none-eabi/lib/thumb/v7e-m+dp/hard/libm.a(lib_a-sf_log_data.o)
                0x000000000800c740                __logf_data
 .rodata.__powf_log2_data
                0x000000000800c860      0x128 /usr/local/Caskroom/gcc-arm-embedded/10-2020-q4-major/gcc-arm-none-eabi-10-2020-q4-major/bin/../lib/gcc/arm-none-eabi/10.2.1/../../../../arm-none-eabi/lib/thumb/v7e-m+dp/hard/libm.a(lib_a-sf_pow_log2_data.o)
                0x000000000800c860                __powf_log2_data
 .rodata.__exp_data
                0x000000000800c988      0x870 /usr/local/Caskroom/gcc-arm-embedded/10-2020-q4-major/gcc-arm-none-eabi-10-2020-q4-major/bin/../lib/gcc/arm-none-eabi/10.2.1/../../../../arm-none-eabi/lib/thumb/v7e-m+dp/hard/libm.a(lib_a-exp_data.o)
                0x000000000800c988                __exp_data
 .rodata.__sf_fake_stderr
                0x000000000800d1f8       0x20 /usr/local/Caskroom/gcc-arm-embedded/10-2020-q4-major/gcc-arm-none-eabi-10-2020-q4-major/bin/../lib/gcc/arm-none-eabi/10.2.1/../../../../arm-none-eabi/lib/thumb/v7e-m+dp/hard/libc_nano.a(lib_a-findfp.o)
                0x000000000800d1f8                __sf_fake_stderr
 .rodata.__sf_fake_stdin
                0x000000000800d218       0x20 /usr/local/Caskroom/gcc-arm-embedded/10-2020-q4-major/gcc-arm-none-eabi-10-2020-q4-major/bin/../lib/gcc/arm-none-eabi/10.2.1/../../../../arm-none-eabi/lib/thumb/v7e-m+dp/hard/libc_nano.a(lib_a-findfp.o)
                0x000000000800d218                __sf_fake_stdin
 .rodata.__sf_fake_stdout
                0x000000000800d238       0x20 /usr/local/Caskroom/gcc-arm-embedded/10-2020-q4-major/gcc-arm-none-eabi-10-2020-q4-major/bin/../lib/gcc/arm-none-eabi/10.2.1/../../../../arm-none-eabi/lib/thumb/v7e-m+dp/hard/libc_nano.a(lib_a-findfp.o)
                0x000000000800d238                __sf_fake_stdout
 *(.glue_7)
 .glue_7        0x000000000800d258        0x0 linker stubs
 *(.glue_7t)
 .glue_7t       0x000000000800d258        0x0 linker stubs
 *(.init)
 .init          0x000000000800d258        0x4 /usr/local/Caskroom/gcc-arm-embedded/10-2020-q4-major/gcc-arm-none-eabi-10-2020-q4-major/bin/../lib/gcc/arm-none-eabi/10.2.1/thumb/v7e-m+dp/hard/crti.o
                0x000000000800d258                _init
 .init          0x000000000800d25c        0x8 /usr/local/Caskroom/gcc-arm-embedded/10-2020-q4-major/gcc-arm-none-eabi-10-2020-q4-major/bin/../lib/gcc/arm-none-eabi/10.2.1/thumb/v7e-m+dp/hard/crtn.o
 *(.fini)
 .fini          0x000000000800d264        0x4 /usr/local/Caskroom/gcc-arm-embedded/10-2020-q4-major/gcc-arm-none-eabi-10-2020-q4-major/bin/../lib/gcc/arm-none-eabi/10.2.1/thumb/v7e-m+dp/hard/crti.o
                0x000000000800d264                _fini
 .fini          0x000000000800d268        0x8 /usr/local/Caskroom/gcc-arm-embedded/10-2020-q4-major/gcc-arm-none-eabi-10-2020-q4-major/bin/../lib/gcc/arm-none-eabi/10.2.1/thumb/v7e-m+dp/hard/crtn.o
                0x000000000800d270                . = ALIGN (0x4)
                0x000000000800d270                _etext = .

.eh_frame       0x000000000800d270        0x0
 .eh_frame      0x000000000800d270        0x0 /usr/local/Caskroom/gcc-arm-embedded/10-2020-q4-major/gcc-arm-none-eabi-10-2020-q4-major/bin/../lib/gcc/arm-none-eabi/10.2.1/thumb/v7e-m+dp/hard/crtbegin.o

.vfp11_veneer   0x000000000800d270        0x0
 .vfp11_veneer  0x000000000800d270        0x0 linker stubs

.v4_bx          0x000000000800d270        0x0
 .v4_bx         0x000000000800d270        0x0 linker stubs

.iplt           0x000000000800d270        0x0
 .iplt          0x000000000800d270        0x0 /usr/local/Caskroom/gcc-arm-embedded/10-2020-q4-major/gcc-arm-none-eabi-10-2020-q4-major/bin/../lib/gcc/arm-none-eabi/10.2.1/thumb/v7e-m+dp/hard/crtbegin.o

.rel.dyn        0x000000000800d270        0x0
 .rel.iplt      0x000000000800d270        0x0 /usr/local/Caskroom/gcc-arm-embedded/10-2020-q4-major/gcc-arm-none-eabi-10-2020-q4-major/bin/../lib/gcc/arm-none-eabi/10.2.1/thumb/v7e-m+dp/hard/crtbegin.o

.ARM.extab      0x000000000800d270        0x0
                0x000000000800d270                . = ALIGN (0x4)
 *(.ARM.extab)
 *(.gnu.linkonce.armextab.*)
                0x000000000800d270                . = ALIGN (0x4)

.exidx          0x000000000800d270        0x0
                0x000000000800d270                . = ALIGN (0x4)
                [!provide]                        PROVIDE (__exidx_start = .)
 *(.ARM.exidx*)
                0x000000000800d270                . = ALIGN (0x4)
                [!provide]                        PROVIDE (__exidx_end = .)

.ARM.attributes
                0x000000000800d270       0x2e
 *(.ARM.attributes)
 .ARM.attributes
                0x000000000800d270       0x1e /usr/local/Caskroom/gcc-arm-embedded/10-2020-q4-major/gcc-arm-none-eabi-10-2020-q4-major/bin/../lib/gcc/arm-none-eabi/10.2.1/thumb/v7e-m+dp/hard/crti.o
 .ARM.attributes
                0x000000000800d28e       0x32 /usr/local/Caskroom/gcc-arm-embedded/10-2020-q4-major/gcc-arm-none-eabi-10-2020-q4-major/bin/../lib/gcc/arm-none-eabi/10.2.1/thumb/v7e-m+dp/hard/crtbegin.o
 .ARM.attributes
                0x000000000800d2c0       0x32 build/startup_stm32h750xx.o
 .ARM.attributes
                0x000000000800d2f2       0x32 build/birds-and-the-bees.o
 .ARM.attributes
                0x000000000800d324       0x32 ../libDaisy/build/libdaisy.a(daisy_seed.o)
 .ARM.attributes
                0x000000000800d356       0x32 ../libDaisy/build/libdaisy.a(codec_ak4556.o)
 .ARM.attributes
                0x000000000800d388       0x32 ../libDaisy/build/libdaisy.a(sdram.o)
 .ARM.attributes
                0x000000000800d3ba       0x32 ../libDaisy/build/libdaisy.a(audio.o)
 .ARM.attributes
                0x000000000800d3ec       0x32 ../libDaisy/build/libdaisy.a(logger.o)
 .ARM.attributes
                0x000000000800d41e       0x32 ../libDaisy/build/libdaisy.a(switch.o)
 .ARM.attributes
                0x000000000800d450       0x32 ../libDaisy/build/libdaisy.a(usb.o)
 .ARM.attributes
                0x000000000800d482       0x32 ../libDaisy/build/libdaisy.a(adc.o)
 .ARM.attributes
                0x000000000800d4b4       0x32 ../libDaisy/build/libdaisy.a(gpio.o)
 .ARM.attributes
                0x000000000800d4e6       0x32 ../libDaisy/build/libdaisy.a(qspi.o)
 .ARM.attributes
                0x000000000800d518       0x32 ../libDaisy/build/libdaisy.a(sai.o)
 .ARM.attributes
                0x000000000800d54a       0x32 ../libDaisy/build/libdaisy.a(system.o)
 .ARM.attributes
                0x000000000800d57c       0x32 ../libDaisy/build/libdaisy.a(system_stm32h7xx.o)
 .ARM.attributes
                0x000000000800d5ae       0x32 ../libDaisy/build/libdaisy.a(usbd_conf.o)
 .ARM.attributes
                0x000000000800d5e0       0x32 ../libDaisy/build/libdaisy.a(hal_map.o)
 .ARM.attributes
                0x000000000800d612       0x32 ../libDaisy/build/libdaisy.a(stm32h7xx_hal.o)
 .ARM.attributes
                0x000000000800d644       0x32 ../libDaisy/build/libdaisy.a(stm32h7xx_hal_adc.o)
 .ARM.attributes
                0x000000000800d676       0x32 ../libDaisy/build/libdaisy.a(stm32h7xx_hal_adc_ex.o)
 .ARM.attributes
                0x000000000800d6a8       0x32 ../libDaisy/build/libdaisy.a(stm32h7xx_hal_cortex.o)
 .ARM.attributes
                0x000000000800d6da       0x32 ../libDaisy/build/libdaisy.a(stm32h7xx_hal_dma.o)
 .ARM.attributes
                0x000000000800d70c       0x32 ../libDaisy/build/libdaisy.a(stm32h7xx_hal_gpio.o)
 .ARM.attributes
                0x000000000800d73e       0x32 ../libDaisy/build/libdaisy.a(stm32h7xx_hal_pcd.o)
 .ARM.attributes
                0x000000000800d770       0x32 ../libDaisy/build/libdaisy.a(stm32h7xx_hal_pcd_ex.o)
 .ARM.attributes
                0x000000000800d7a2       0x32 ../libDaisy/build/libdaisy.a(stm32h7xx_hal_pwr_ex.o)
 .ARM.attributes
                0x000000000800d7d4       0x32 ../libDaisy/build/libdaisy.a(stm32h7xx_hal_qspi.o)
 .ARM.attributes
                0x000000000800d806       0x32 ../libDaisy/build/libdaisy.a(stm32h7xx_hal_rcc.o)
 .ARM.attributes
                0x000000000800d838       0x32 ../libDaisy/build/libdaisy.a(stm32h7xx_hal_rcc_ex.o)
 .ARM.attributes
                0x000000000800d86a       0x32 ../libDaisy/build/libdaisy.a(stm32h7xx_hal_sai.o)
 .ARM.attributes
                0x000000000800d89c       0x32 ../libDaisy/build/libdaisy.a(stm32h7xx_hal_sdram.o)
 .ARM.attributes
                0x000000000800d8ce       0x32 ../libDaisy/build/libdaisy.a(stm32h7xx_ll_fmc.o)
 .ARM.attributes
                0x000000000800d900       0x32 ../libDaisy/build/libdaisy.a(stm32h7xx_ll_usb.o)
 .ARM.attributes
                0x000000000800d932       0x32 ../libDaisy/build/libdaisy.a(usbd_core.o)
 .ARM.attributes
                0x000000000800d964       0x32 ../libDaisy/build/libdaisy.a(usbd_ctlreq.o)
 .ARM.attributes
                0x000000000800d996       0x32 ../libDaisy/build/libdaisy.a(usbd_ioreq.o)
 .ARM.attributes
                0x000000000800d9c8       0x32 ../libDaisy/build/libdaisy.a(i2c.o)
 .ARM.attributes
                0x000000000800d9fa       0x32 ../libDaisy/build/libdaisy.a(tim.o)
 .ARM.attributes
                0x000000000800da2c       0x32 ../libDaisy/build/libdaisy.a(dma.o)
 .ARM.attributes
                0x000000000800da5e       0x32 ../libDaisy/build/libdaisy.a(stm32h7xx_hal_i2c.o)
 .ARM.attributes
                0x000000000800da90       0x32 ../libDaisy/build/libdaisy.a(stm32h7xx_hal_mdma.o)
 .ARM.attributes
                0x000000000800dac2       0x32 ../libDaisy/build/libdaisy.a(stm32h7xx_hal_tim.o)
 .ARM.attributes
                0x000000000800daf4       0x32 ../libDaisy/build/libdaisy.a(stm32h7xx_hal_tim_ex.o)
 .ARM.attributes
                0x000000000800db26       0x32 ../DaisySP/build/libdaisysp.a(adsr.o)
 .ARM.attributes
                0x000000000800db58       0x32 ../DaisySP/build/libdaisysp.a(variableshapeosc.o)
 .ARM.attributes
                0x000000000800db8a       0x32 ../DaisySP/build/libdaisysp.a(port.o)
 .ARM.attributes
                0x000000000800dbbc       0x32 /usr/local/Caskroom/gcc-arm-embedded/10-2020-q4-major/gcc-arm-none-eabi-10-2020-q4-major/bin/../lib/gcc/arm-none-eabi/10.2.1/../../../../arm-none-eabi/lib/thumb/v7e-m+dp/hard/libstdc++_nano.a(atexit_arm.o)
 .ARM.attributes
                0x000000000800dbee       0x32 /usr/local/Caskroom/gcc-arm-embedded/10-2020-q4-major/gcc-arm-none-eabi-10-2020-q4-major/bin/../lib/gcc/arm-none-eabi/10.2.1/../../../../arm-none-eabi/lib/thumb/v7e-m+dp/hard/libm.a(lib_a-pow.o)
 .ARM.attributes
                0x000000000800dc20       0x30 /usr/local/Caskroom/gcc-arm-embedded/10-2020-q4-major/gcc-arm-none-eabi-10-2020-q4-major/bin/../lib/gcc/arm-none-eabi/10.2.1/../../../../arm-none-eabi/lib/thumb/v7e-m+dp/hard/libm.a(lib_a-pow_log_data.o)
 .ARM.attributes
                0x000000000800dc50       0x32 /usr/local/Caskroom/gcc-arm-embedded/10-2020-q4-major/gcc-arm-none-eabi-10-2020-q4-major/bin/../lib/gcc/arm-none-eabi/10.2.1/../../../../arm-none-eabi/lib/thumb/v7e-m+dp/hard/libm.a(lib_a-sf_exp.o)
 .ARM.attributes
                0x000000000800dc82       0x30 /usr/local/Caskroom/gcc-arm-embedded/10-2020-q4-major/gcc-arm-none-eabi-10-2020-q4-major/bin/../lib/gcc/arm-none-eabi/10.2.1/../../../../arm-none-eabi/lib/thumb/v7e-m+dp/hard/libm.a(lib_a-sf_exp2_data.o)
 .ARM.attributes
                0x000000000800dcb2       0x32 /usr/local/Caskroom/gcc-arm-embedded/10-2020-q4-major/gcc-arm-none-eabi-10-2020-q4-major/bin/../lib/gcc/arm-none-eabi/10.2.1/../../../../arm-none-eabi/lib/thumb/v7e-m+dp/hard/libm.a(lib_a-sf_log.o)
 .ARM.attributes
                0x000000000800dce4       0x30 /usr/local/Caskroom/gcc-arm-embedded/10-2020-q4-major/gcc-arm-none-eabi-10-2020-q4-major/bin/../lib/gcc/arm-none-eabi/10.2.1/../../../../arm-none-eabi/lib/thumb/v7e-m+dp/hard/libm.a(lib_a-sf_log_data.o)
 .ARM.attributes
                0x000000000800dd14       0x32 /usr/local/Caskroom/gcc-arm-embedded/10-2020-q4-major/gcc-arm-none-eabi-10-2020-q4-major/bin/../lib/gcc/arm-none-eabi/10.2.1/../../../../arm-none-eabi/lib/thumb/v7e-m+dp/hard/libm.a(lib_a-sf_pow.o)
 .ARM.attributes
                0x000000000800dd46       0x30 /usr/local/Caskroom/gcc-arm-embedded/10-2020-q4-major/gcc-arm-none-eabi-10-2020-q4-major/bin/../lib/gcc/arm-none-eabi/10.2.1/../../../../arm-none-eabi/lib/thumb/v7e-m+dp/hard/libm.a(lib_a-sf_pow_log2_data.o)
 .ARM.attributes
                0x000000000800dd76       0x30 /usr/local/Caskroom/gcc-arm-embedded/10-2020-q4-major/gcc-arm-none-eabi-10-2020-q4-major/bin/../lib/gcc/arm-none-eabi/10.2.1/../../../../arm-none-eabi/lib/thumb/v7e-m+dp/hard/libm.a(lib_a-exp_data.o)
 .ARM.attributes
                0x000000000800dda6       0x32 /usr/local/Caskroom/gcc-arm-embedded/10-2020-q4-major/gcc-arm-none-eabi-10-2020-q4-major/bin/../lib/gcc/arm-none-eabi/10.2.1/../../../../arm-none-eabi/lib/thumb/v7e-m+dp/hard/libm.a(lib_a-math_err.o)
 .ARM.attributes
                0x000000000800ddd8       0x32 /usr/local/Caskroom/gcc-arm-embedded/10-2020-q4-major/gcc-arm-none-eabi-10-2020-q4-major/bin/../lib/gcc/arm-none-eabi/10.2.1/../../../../arm-none-eabi/lib/thumb/v7e-m+dp/hard/libm.a(lib_a-math_errf.o)
 .ARM.attributes
                0x000000000800de0a       0x32 /usr/local/Caskroom/gcc-arm-embedded/10-2020-q4-major/gcc-arm-none-eabi-10-2020-q4-major/bin/../lib/gcc/arm-none-eabi/10.2.1/../../../../arm-none-eabi/lib/thumb/v7e-m+dp/hard/libc_nano.a(lib_a-cxa_atexit.o)
 .ARM.attributes
                0x000000000800de3c       0x32 /usr/local/Caskroom/gcc-arm-embedded/10-2020-q4-major/gcc-arm-none-eabi-10-2020-q4-major/bin/../lib/gcc/arm-none-eabi/10.2.1/../../../../arm-none-eabi/lib/thumb/v7e-m+dp/hard/libc_nano.a(lib_a-errno.o)
 .ARM.attributes
                0x000000000800de6e       0x30 /usr/local/Caskroom/gcc-arm-embedded/10-2020-q4-major/gcc-arm-none-eabi-10-2020-q4-major/bin/../lib/gcc/arm-none-eabi/10.2.1/../../../../arm-none-eabi/lib/thumb/v7e-m+dp/hard/libc_nano.a(lib_a-impure.o)
 .ARM.attributes
                0x000000000800de9e       0x32 /usr/local/Caskroom/gcc-arm-embedded/10-2020-q4-major/gcc-arm-none-eabi-10-2020-q4-major/bin/../lib/gcc/arm-none-eabi/10.2.1/../../../../arm-none-eabi/lib/thumb/v7e-m+dp/hard/libc_nano.a(lib_a-init.o)
 .ARM.attributes
                0x000000000800ded0       0x32 /usr/local/Caskroom/gcc-arm-embedded/10-2020-q4-major/gcc-arm-none-eabi-10-2020-q4-major/bin/../lib/gcc/arm-none-eabi/10.2.1/../../../../arm-none-eabi/lib/thumb/v7e-m+dp/hard/libc_nano.a(lib_a-memcpy-stub.o)
 .ARM.attributes
                0x000000000800df02       0x32 /usr/local/Caskroom/gcc-arm-embedded/10-2020-q4-major/gcc-arm-none-eabi-10-2020-q4-major/bin/../lib/gcc/arm-none-eabi/10.2.1/../../../../arm-none-eabi/lib/thumb/v7e-m+dp/hard/libc_nano.a(lib_a-memset.o)
 .ARM.attributes
                0x000000000800df34       0x32 /usr/local/Caskroom/gcc-arm-embedded/10-2020-q4-major/gcc-arm-none-eabi-10-2020-q4-major/bin/../lib/gcc/arm-none-eabi/10.2.1/../../../../arm-none-eabi/lib/thumb/v7e-m+dp/hard/libc_nano.a(lib_a-findfp.o)
 .ARM.attributes
                0x000000000800df66       0x1e /usr/local/Caskroom/gcc-arm-embedded/10-2020-q4-major/gcc-arm-none-eabi-10-2020-q4-major/bin/../lib/gcc/arm-none-eabi/10.2.1/thumb/v7e-m+dp/hard/crtn.o

.preinit_array  0x000000000800d270        0x0
                0x000000000800d270                PROVIDE (__preinit_array_start = .)
 *(.preinit_array*)
                0x000000000800d270                PROVIDE (__preinit_array_end = .)

.init_array     0x000000000800d270       0x18
                0x000000000800d270                PROVIDE (__init_array_start = .)
 *(SORT_BY_NAME(.init_array.*))
 *(.init_array*)
 .init_array    0x000000000800d270        0x4 /usr/local/Caskroom/gcc-arm-embedded/10-2020-q4-major/gcc-arm-none-eabi-10-2020-q4-major/bin/../lib/gcc/arm-none-eabi/10.2.1/thumb/v7e-m+dp/hard/crtbegin.o
 .init_array    0x000000000800d274        0x4 build/birds-and-the-bees.o
 .init_array    0x000000000800d278        0x4 ../libDaisy/build/libdaisy.a(audio.o)
 .init_array    0x000000000800d27c        0x4 ../libDaisy/build/libdaisy.a(logger.o)
 .init_array    0x000000000800d280        0x4 ../libDaisy/build/libdaisy.a(system.o)
 .init_array    0x000000000800d284        0x4 ../libDaisy/build/libdaisy.a(i2c.o)
                0x000000000800d288                PROVIDE (__init_array_end = .)

.fini_array     0x000000000800d288        0x4
                [!provide]                        PROVIDE (__fini_array_start = .)
 *(.fini_array*)
 .fini_array    0x000000000800d288        0x4 /usr/local/Caskroom/gcc-arm-embedded/10-2020-q4-major/gcc-arm-none-eabi-10-2020-q4-major/bin/../lib/gcc/arm-none-eabi/10.2.1/thumb/v7e-m+dp/hard/crtbegin.o
 *(SORT_BY_NAME(.fini_array.*))
                [!provide]                        PROVIDE (__fini_array_end = .)

.data           0x0000000024000000       0xec load address 0x000000000800d28c
                0x0000000024000000                . = ALIGN (0x4)
                0x0000000024000000                _sdata = .
                [!provide]                        PROVIDE (__data_start__ = _sdata)
 *(.data)
 .data          0x0000000024000000        0x4 /usr/local/Caskroom/gcc-arm-embedded/10-2020-q4-major/gcc-arm-none-eabi-10-2020-q4-major/bin/../lib/gcc/arm-none-eabi/10.2.1/thumb/v7e-m+dp/hard/crtbegin.o
                0x0000000024000000                __dso_handle
 *(.data*)
 .data.knob     0x0000000024000004        0x4 build/birds-and-the-bees.o
                0x0000000024000004                knob
 .data.notes    0x0000000024000008       0x20 build/birds-and-the-bees.o
                0x0000000024000008                notes
 .data.outputVolume
                0x0000000024000028        0x4 build/birds-and-the-bees.o
                0x0000000024000028                outputVolume
 .data.stereoSpread
                0x000000002400002c        0x4 build/birds-and-the-bees.o
                0x000000002400002c                stereoSpread
 .data.SystemCoreClock
                0x0000000024000030        0x4 ../libDaisy/build/libdaisy.a(system_stm32h7xx.o)
                0x0000000024000030                SystemCoreClock
 .data.SystemD2Clock
                0x0000000024000034        0x4 ../libDaisy/build/libdaisy.a(system_stm32h7xx.o)
                0x0000000024000034                SystemD2Clock
 .data.uwTickFreq
                0x0000000024000038        0x1 ../libDaisy/build/libdaisy.a(stm32h7xx_hal.o)
 *fill*         0x0000000024000039        0x3 
 .data.uwTickPrio
                0x000000002400003c        0x4 ../libDaisy/build/libdaisy.a(stm32h7xx_hal.o)
 .data._ZN5daisy9I2CHandle4Impl21queued_dma_transfers_E
                0x0000000024000040       0x48 ../libDaisy/build/libdaisy.a(i2c.o)
                0x0000000024000040                daisy::I2CHandle::Impl::queued_dma_transfers_
 .data._impure_ptr